C:\Users\86178\Documents\MCUXpressoIDE_25.6.136\workspace\GP\drivers/fsl_clock.h:630:20:CLOCK_SetSimSafeDivs	8	static
C:\Users\86178\Documents\MCUXpressoIDE_25.6.136\workspace\GP\drivers/fsl_smc.h:256:20:SMC_SetPowerModeProtection	16	static
C:\Users\86178\Documents\MCUXpressoIDE_25.6.136\workspace\GP\drivers/fsl_smc.h:275:33:SMC_GetPowerModeState	16	static
../board/clock_config.c:54:6:BOARD_InitBootClocks	8	static
../board/clock_config.c:119:6:BOARD_BootClockRUN	8	static
../board/clock_config.c:185:6:BOARD_BootClockVLPR	8	static
