Archive member included to satisfy reference by file (symbol)

C:/nxp/MCUXpressoIDE_25.6.136/ide/plugins/com.nxp.mcuxpresso.tools.win32_25.6.0.202501151204/tools/bin/../lib/gcc/arm-none-eabi/14.2.1/../../../../arm-none-eabi/lib/thumb/v6-m/nofp\libcr_nohost_nf.a(_cr__main.o)
                              ./startup/startup_mcxc444.o (__main)
C:/nxp/MCUXpressoIDE_25.6.136/ide/plugins/com.nxp.mcuxpresso.tools.win32_25.6.0.202501151204/tools/bin/../lib/gcc/arm-none-eabi/14.2.1/../../../../arm-none-eabi/lib/thumb/v6-m/nofp\libcr_c.a(memcpy.o)
                              ./utilities/str/fsl_str.o (memcpy)
C:/nxp/MCUXpressoIDE_25.6.136/ide/plugins/com.nxp.mcuxpresso.tools.win32_25.6.0.202501151204/tools/bin/../lib/gcc/arm-none-eabi/14.2.1/../../../../arm-none-eabi/lib/thumb/v6-m/nofp\libcr_c.a(memset.o)
                              ./utilities/debug_console/fsl_debug_console.o (memset)
C:/nxp/MCUXpressoIDE_25.6.136/ide/plugins/com.nxp.mcuxpresso.tools.win32_25.6.0.202501151204/tools/bin/../lib/gcc/arm-none-eabi/14.2.1/../../../../arm-none-eabi/lib/thumb/v6-m/nofp\libcr_c.a(alloc.o)
                              ./drivers/fsl_common.o (malloc)
C:/nxp/MCUXpressoIDE_25.6.136/ide/plugins/com.nxp.mcuxpresso.tools.win32_25.6.0.202501151204/tools/bin/../lib/gcc/arm-none-eabi/14.2.1/../../../../arm-none-eabi/lib/thumb/v6-m/nofp\libcr_c.a(errno.o)
                              ./utilities/str/fsl_str.o (errno)
C:/nxp/MCUXpressoIDE_25.6.136/ide/plugins/com.nxp.mcuxpresso.tools.win32_25.6.0.202501151204/tools/bin/../lib/gcc/arm-none-eabi/14.2.1/../../../../arm-none-eabi/lib/thumb/v6-m/nofp\libcr_c.a(initio.o)
                              C:/nxp/MCUXpressoIDE_25.6.136/ide/plugins/com.nxp.mcuxpresso.tools.win32_25.6.0.202501151204/tools/bin/../lib/gcc/arm-none-eabi/14.2.1/../../../../arm-none-eabi/lib/thumb/v6-m/nofp\libcr_nohost_nf.a(_cr__main.o) (_initio)
C:/nxp/MCUXpressoIDE_25.6.136/ide/plugins/com.nxp.mcuxpresso.tools.win32_25.6.0.202501151204/tools/bin/../lib/gcc/arm-none-eabi/14.2.1/../../../../arm-none-eabi/lib/thumb/v6-m/nofp\libcr_c.a(printf.o)
                              ./source/CG2271UART.o (_snprintf)
C:/nxp/MCUXpressoIDE_25.6.136/ide/plugins/com.nxp.mcuxpresso.tools.win32_25.6.0.202501151204/tools/bin/../lib/gcc/arm-none-eabi/14.2.1/../../../../arm-none-eabi/lib/thumb/v6-m/nofp\libcr_c.a(scanf.o)
                              ./source/CG2271UART.o (strtof)
C:/nxp/MCUXpressoIDE_25.6.136/ide/plugins/com.nxp.mcuxpresso.tools.win32_25.6.0.202501151204/tools/bin/../lib/gcc/arm-none-eabi/14.2.1/../../../../arm-none-eabi/lib/thumb/v6-m/nofp\libcr_c.a(setvbuf.o)
                              C:/nxp/MCUXpressoIDE_25.6.136/ide/plugins/com.nxp.mcuxpresso.tools.win32_25.6.0.202501151204/tools/bin/../lib/gcc/arm-none-eabi/14.2.1/../../../../arm-none-eabi/lib/thumb/v6-m/nofp\libcr_c.a(initio.o) (setvbuf)
C:/nxp/MCUXpressoIDE_25.6.136/ide/plugins/com.nxp.mcuxpresso.tools.win32_25.6.0.202501151204/tools/bin/../lib/gcc/arm-none-eabi/14.2.1/../../../../arm-none-eabi/lib/thumb/v6-m/nofp\libcr_c.a(strchr.o)
                              ./source/CG2271UART.o (strchr)
C:/nxp/MCUXpressoIDE_25.6.136/ide/plugins/com.nxp.mcuxpresso.tools.win32_25.6.0.202501151204/tools/bin/../lib/gcc/arm-none-eabi/14.2.1/../../../../arm-none-eabi/lib/thumb/v6-m/nofp\libcr_c.a(strlen.o)
                              ./utilities/str/fsl_str.o (strlen)
C:/nxp/MCUXpressoIDE_25.6.136/ide/plugins/com.nxp.mcuxpresso.tools.win32_25.6.0.202501151204/tools/bin/../lib/gcc/arm-none-eabi/14.2.1/../../../../arm-none-eabi/lib/thumb/v6-m/nofp\libcr_c.a(strncpy.o)
                              ./source/CG2271UART.o (strncpy)
C:/nxp/MCUXpressoIDE_25.6.136/ide/plugins/com.nxp.mcuxpresso.tools.win32_25.6.0.202501151204/tools/bin/../lib/gcc/arm-none-eabi/14.2.1/../../../../arm-none-eabi/lib/thumb/v6-m/nofp\libcr_c.a(strstr.o)
                              ./source/CG2271UART.o (strstr)
C:/nxp/MCUXpressoIDE_25.6.136/ide/plugins/com.nxp.mcuxpresso.tools.win32_25.6.0.202501151204/tools/bin/../lib/gcc/arm-none-eabi/14.2.1/../../../../arm-none-eabi/lib/thumb/v6-m/nofp\libcr_c.a(ungetc.o)
                              C:/nxp/MCUXpressoIDE_25.6.136/ide/plugins/com.nxp.mcuxpresso.tools.win32_25.6.0.202501151204/tools/bin/../lib/gcc/arm-none-eabi/14.2.1/../../../../arm-none-eabi/lib/thumb/v6-m/nofp\libcr_c.a(scanf.o) (ungetc)
C:/nxp/MCUXpressoIDE_25.6.136/ide/plugins/com.nxp.mcuxpresso.tools.win32_25.6.0.202501151204/tools/bin/../lib/gcc/arm-none-eabi/14.2.1/../../../../arm-none-eabi/lib/thumb/v6-m/nofp\libcr_c.a(__fillbuf.o)
                              C:/nxp/MCUXpressoIDE_25.6.136/ide/plugins/com.nxp.mcuxpresso.tools.win32_25.6.0.202501151204/tools/bin/../lib/gcc/arm-none-eabi/14.2.1/../../../../arm-none-eabi/lib/thumb/v6-m/nofp\libcr_c.a(scanf.o) (__filbuf)
C:/nxp/MCUXpressoIDE_25.6.136/ide/plugins/com.nxp.mcuxpresso.tools.win32_25.6.0.202501151204/tools/bin/../lib/gcc/arm-none-eabi/14.2.1/../../../../arm-none-eabi/lib/thumb/v6-m/nofp\libcr_c.a(__init_alloc.o)
[...]
Memory Configuration

Name             Origin             Length             Attributes
PROGRAM_FLASH    0x00000000         0x00040000         xr
SRAM             0x1fffe000         0x00008000         xrw
*default*        0x00000000         0xffffffff

Linker script and memory map

LOAD ./utilities/str/fsl_str.o
LOAD ./utilities/debug_console/fsl_debug_console.o
LOAD ./utilities/fsl_assert.o
LOAD ./startup/startup_mcxc444.o
LOAD ./source/CG2271UART.o
LOAD ./source/actuator_driver.o
LOAD ./source/main.o
LOAD ./source/mtb.o
LOAD ./source/music_library.o
LOAD ./source/semihost_hardfault.o
LOAD ./source/sensor.o
LOAD ./freertos/freertos-kernel/portable/MemMang/heap_1.o
LOAD ./freertos/freertos-kernel/portable/GCC/ARM_CM0/mpu_wrappers_v2_asm.o
LOAD ./freertos/freertos-kernel/portable/GCC/ARM_CM0/port.o
LOAD ./freertos/freertos-kernel/portable/GCC/ARM_CM0/portasm.o
LOAD ./freertos/freertos-kernel/croutine.o
LOAD ./freertos/freertos-kernel/event_groups.o
LOAD ./freertos/freertos-kernel/list.o
LOAD ./freertos/freertos-kernel/queue.o
LOAD ./freertos/freertos-kernel/stream_buffer.o
LOAD ./freertos/freertos-kernel/tasks.o
LOAD ./freertos/freertos-kernel/timers.o
LOAD ./drivers/fsl_clock.o
LOAD ./drivers/fsl_common.o
LOAD ./drivers/fsl_common_arm.o
LOAD ./drivers/fsl_gpio.o
LOAD ./drivers/fsl_lpuart.o
LOAD ./drivers/fsl_smc.o
LOAD ./device/system_MCXC444.o
LOAD ./component/uart/fsl_adapter_lpuart.o
LOAD ./component/serial_manager/fsl_component_serial_manager.o
LOAD ./component/serial_manager/fsl_component_serial_port_uart.o
LOAD ./component/lists/fsl_component_generic_list.o
LOAD ./board/board.o
LOAD ./board/clock_config.o
LOAD ./board/peripherals.o
LOAD ./board/pin_mux.o
START GROUP
LOAD C:/nxp/MCUXpressoIDE_25.6.136/ide/plugins/com.nxp.mcuxpresso.tools.win32_25.6.0.202501151204/tools/bin/../lib/gcc/arm-none-eabi/14.2.1/../../../../arm-none-eabi/lib/thumb/v6-m/nofp\libcr_nohost_nf.a
LOAD C:/nxp/MCUXpressoIDE_25.6.136/ide/plugins/com.nxp.mcuxpresso.tools.win32_25.6.0.202501151204/tools/bin/../lib/gcc/arm-none-eabi/14.2.1/../../../../arm-none-eabi/lib/thumb/v6-m/nofp\libcr_c.a
LOAD C:/nxp/MCUXpressoIDE_25.6.136/ide/plugins/com.nxp.mcuxpresso.tools.win32_25.6.0.202501151204/tools/bin/../lib/gcc/arm-none-eabi/14.2.1/thumb/v6-m/nofp\libcr_eabihelpers.a
LOAD C:/nxp/MCUXpressoIDE_25.6.136/ide/plugins/com.nxp.mcuxpresso.tools.win32_25.6.0.202501151204/tools/bin/../lib/gcc/arm-none-eabi/14.2.1/thumb/v6-m/nofp\libgcc.a
END GROUP
                0x00000000                        __base_PROGRAM_FLASH = 0x0
                0x00000000                        __base_Flash = 0x0
                0x00040000                        __top_PROGRAM_FLASH = 0x40000
                0x00040000                        __top_Flash = 0x40000
                0x1fffe000                        __base_SRAM = 0x1fffe000
                0x1fffe000                        __base_RAM = 0x1fffe000
                0x20006000                        __top_SRAM = 0x20006000
                0x20006000                        __top_RAM = 0x20006000

.text           0x00000000     0x9a98
 FILL mask 0xff
                0x00000000                        __vectors_start__ = ABSOLUTE (.)
 *(SORT_BY_ALIGNMENT(.isr_vector))
 .isr_vector    0x00000000       0xc0 ./startup/startup_mcxc444.o
                0x00000000                g_pfnVectors
                0x00000000                __Vectors
                0x000000c0                        . = ALIGN (0x4)
                0x000000c0                        __section_table_start = .
                0x000000c0                        __data_section_table = .
                0x000000c0        0x4 LONG 0x9a98 LOADADDR (.data)
                0x000000c4        0x4 LONG 0x1fffe080 ADDR (.data)
                0x000000c8        0x4 LONG 0x10 SIZEOF (.data)
                0x000000cc                        __data_section_table_end = .
                0x000000cc                        __bss_section_table = .
                0x000000cc        0x4 LONG 0x1fffe090 ADDR (.bss)
                0x000000d0        0x4 LONG 0x2b3c SIZEOF (.bss)
                0x000000d4                        __bss_section_table_end = .
                0x000000d4                        __section_table_end = .
 *(SORT_BY_ALIGNMENT(.after_vectors*))
 .after_vectors.reset
                0x000000d4       0x4c ./startup/startup_mcxc444.o
                0x000000d4                ResetISR
 .after_vectors.init_data
                0x00000120       0x12 ./startup/startup_mcxc444.o
                0x00000120                data_init
 .after_vectors.init_bss
                0x00000132       0x10 ./startup/startup_mcxc444.o
                0x00000132                bss_init
 .after_vectors
                0x00000142      0x10c ./startup/startup_mcxc444.o
                0x00000142                NMI_Handler
                0x0000014c                PIT_DriverIRQHandler
                0x0000014c                I2C0_DriverIRQHandler
                0x0000014c                DMA0_DriverIRQHandler
                0x0000014c                Reserved42_DriverIRQHandler
                0x0000014c                SPI1_DriverIRQHandler
                0x0000014c                LPTMR0_DriverIRQHandler
                0x0000014c                PORTC_PORTD_DriverIRQHandler
                0x0000014c                PMC_DriverIRQHandler
                0x0000014c                Reserved43_DriverIRQHandler
                0x0000014c                DMA2_DriverIRQHandler
                0x0000014c                I2S0_DriverIRQHandler
                0x0000014c                CMP0_DriverIRQHandler
                0x0000014c                TPM2_DriverIRQHandler
                0x0000014c                ADC0_DriverIRQHandler
                0x0000014c                SPI0_DriverIRQHandler
                0x0000014c                I2C1_DriverIRQHandler
                0x0000014c                RTC_Seconds_DriverIRQHandler
                0x0000014c                LLWU_DriverIRQHandler
                0x0000014c                DMA1_DriverIRQHandler
                0x0000014c                LCD_DriverIRQHandler
                0x0000014c                FTFA_DriverIRQHandler
                0x0000014c                IntDefaultHandler
                0x0000014c                USB0_DriverIRQHandler
                0x0000014c                DAC0_DriverIRQHandler
                0x0000014c                TPM0_DriverIRQHandler
                0x0000014c                RTC_DriverIRQHandler
                0x0000014c                TPM1_DriverIRQHandler
                0x0000014c                PORTA_DriverIRQHandler
                0x0000014c                UART2_FLEXIO_DriverIRQHandler
                0x0000014c                Reserved20_DriverIRQHandler
                0x0000014c                DMA3_DriverIRQHandler
                0x0000014e                DMA0_IRQHandler
                0x00000156                DMA1_IRQHandler
                0x0000015e                DMA2_IRQHandler
                0x00000166                DMA3_IRQHandler
                0x0000016e                Reserved20_IRQHandler
                0x00000176                FTFA_IRQHandler
                0x0000017e                PMC_IRQHandler
                0x00000186                LLWU_IRQHandler
                0x0000018e                I2C0_IRQHandler
                0x00000196                I2C1_IRQHandler
                0x0000019e                SPI0_IRQHandler
                0x000001a6                SPI1_IRQHandler
                0x000001ae                LPUART0_IRQHandler
                0x000001b6                LPUART1_IRQHandler
                0x000001ce                CMP0_IRQHandler
                0x000001d6                TPM0_IRQHandler
                0x000001de                TPM1_IRQHandler
                0x000001e6                TPM2_IRQHandler
                0x000001ee                RTC_IRQHandler
                0x000001f6                RTC_Seconds_IRQHandler
                0x000001fe                PIT_IRQHandler
                0x00000206                I2S0_IRQHandler
                0x0000020e                USB0_IRQHandler
                0x00000216                DAC0_IRQHandler
                0x0000021e                Reserved42_IRQHandler
                0x00000226                Reserved43_IRQHandler
                0x0000022e                LPTMR0_IRQHandler
                0x00000236                LCD_IRQHandler
                0x0000023e                PORTA_IRQHandler
                0x00000246                PORTC_PORTD_IRQHandler
                0x00000400                        . = 0x400
 *fill*         0x0000024e      0x1b2 ff
                0x00000400                        PROVIDE (__FLASH_CONFIG_START__ = .)
 *(SORT_BY_ALIGNMENT(.FlashConfig))
 .FlashConfig   0x00000400       0x10 ./startup/startup_mcxc444.o
                0x00000400                Flash_Config
                0x00000410                        PROVIDE (__FLASH_CONFIG_END__ = .)
                0x00000001                        ASSERT (! ((__FLASH_CONFIG_START__ == __FLASH_CONFIG_END__)), Linker Flash Config Support Enabled, but no .FlashConfig section provided within application)
 *(SORT_BY_ALIGNMENT(.text*))
 .text.vRestoreContextOfFirstTask
                0x00000410       0x28 ./freertos/freertos-kernel/portable/GCC/ARM_CM0/portasm.o
                0x00000410                vRestoreContextOfFirstTask
 *fill*         0x00000438        0x8 ff
 .text.vStartFirstTask
                0x00000440       0x14 ./freertos/freertos-kernel/portable/GCC/ARM_CM0/portasm.o
                0x00000440                vStartFirstTask
 *fill*         0x00000454        0xc ff
 .text.PendSV_Handler
                0x00000460       0x48 ./freertos/freertos-kernel/portable/GCC/ARM_CM0/portasm.o
                0x00000460                PendSV_Handler
 *fill*         0x000004a8        0x8 ff
 .text.SVC_Handler
                0x000004b0       0x28 ./freertos/freertos-kernel/portable/GCC/ARM_CM0/portasm.o
                0x000004b0                SVC_Handler
 .text.DbgConsole_ReadOneCharacter
                0x000004d8       0x58 ./utilities/debug_console/fsl_debug_console.o
                0x000004d8                DbgConsole_ReadOneCharacter
 .text.DbgConsole_SendDataReliable
                0x00000530       0x5c ./utilities/debug_console/fsl_debug_console.o
                0x00000530                DbgConsole_SendDataReliable
 .text.DbgConsole_ReadCharacter
                0x0000058c       0x44 ./utilities/debug_console/fsl_debug_console.o
                0x0000058c                DbgConsole_ReadCharacter
 .text.DbgConsole_Init
                0x000005d0      0x1a4 ./utilities/debug_console/fsl_debug_console.o
                0x000005d0                DbgConsole_Init
 .text.DbgConsole_Vprintf
                0x00000774       0x70 ./utilities/debug_console/fsl_debug_console.o
                0x00000774                DbgConsole_Vprintf
 .text.__assertion_failed
                0x000007e4       0x34 ./utilities/fsl_assert.o
                0x000007e4                __assertion_failed
 .text.__NVIC_EnableIRQ
                0x00000818       0x34 ./source/CG2271UART.o
 .text.__NVIC_DisableIRQ
                0x0000084c       0x44 ./source/CG2271UART.o
 .text.__NVIC_ClearPendingIRQ
                0x00000890       0x38 ./source/CG2271UART.o
 .text.__NVIC_SetPriority
                0x000008c8       0xdc ./source/CG2271UART.o
 .text.UART_Bridge_Init
                0x000009a4       0x6c ./source/CG2271UART.o
                0x000009a4                UART_Bridge_Init
 .text.UART_Bridge_SetSensorDataHandle
                0x00000a10       0x28 ./source/CG2271UART.o
                0x00000a10                UART_Bridge_SetSensorDataHandle
 .text.UART_Bridge_StartTasks
                0x00000a38       0x60 ./source/CG2271UART.o
                0x00000a38                UART_Bridge_StartTasks
 .text.UART_Bridge_SendSensorTelemetry
                0x00000a98       0x60 ./source/CG2271UART.o
                0x00000a98                UART_Bridge_SendSensorTelemetry
 .text.initUART2
                0x00000af8       0xd8 ./source/CG2271UART.o
 .text.uart_send_locked
                0x00000bd0       0x88 ./source/CG2271UART.o
 .text.UART2_FLEXIO_IRQHandler
                0x00000c58       0xac ./source/CG2271UART.o
                0x00000c58                UART2_FLEXIO_IRQHandler
 .text.uart_receive_task
                0x00000d04       0x40 ./source/CG2271UART.o
 .text.uart_request_task
                0x00000d44       0x24 ./source/CG2271UART.o
 .text.handle_incoming_payload
                0x00000d68      0x104 ./source/CG2271UART.o
 .text.delay_us
                0x00000e6c       0x24 ./source/actuator_driver.o
 .text.buzzer_init
                0x00000e90       0x54 ./source/actuator_driver.o
 .text.buzzer_play_gpio
                0x00000ee4       0xac ./source/actuator_driver.o
 .text.led_init
                0x00000f90       0xc0 ./source/actuator_driver.o
 .text.Set_LED_Intensity
                0x00001050       0x5c ./source/actuator_driver.o
                0x00001050                Set_LED_Intensity
 .text.Play_Music
                0x000010ac       0x84 ./source/actuator_driver.o
                0x000010ac                Play_Music
 .text.main     0x00001130       0xa4 ./source/main.o
                0x00001130                main
 .text.Music_Play
                0x000011d4       0x50 ./source/music_library.o
                0x000011d4                Music_Play
 .text.HardFault_Handler
                0x00001224       0x38 ./source/semihost_hardfault.o
                0x00001224                HardFault_Handler
 .text.__NVIC_EnableIRQ
                0x0000125c       0x34 ./source/sensor.o
 .text.__NVIC_DisableIRQ
                0x00001290       0x44 ./source/sensor.o
 .text.__NVIC_ClearPendingIRQ
                0x000012d4       0x38 ./source/sensor.o
 .text.__NVIC_SetPriority
                0x0000130c       0xdc ./source/sensor.o
 .text.initSensors
                0x000013e8      0x118 ./source/sensor.o
 .text.adc_read_blocking
                0x00001500       0x4c ./source/sensor.o
 .text.Sensors_Init
                0x0000154c       0x6c ./source/sensor.o
                0x0000154c                Sensors_Init
 .text.ADC0_IRQHandler
                0x000015b8       0x5c ./source/sensor.o
                0x000015b8                ADC0_IRQHandler
 .text.Sensor_Task
                0x00001614      0x118 ./source/sensor.o
                0x00001614                Sensor_Task
 .text.Actuator_Task
                0x0000172c      0x1b0 ./source/sensor.o
                0x0000172c                Actuator_Task
 .text.Sensor_UpdateRemoteReadings
                0x000018dc       0x5c ./source/sensor.o
                0x000018dc                Sensor_UpdateRemoteReadings
 .text.pvPortMalloc
                0x00001938       0xa4 ./freertos/freertos-kernel/portable/MemMang/heap_1.o
                0x00001938                pvPortMalloc
 .text.vPortSetupTimerInterrupt
                0x000019dc       0x44 ./freertos/freertos-kernel/portable/GCC/ARM_CM0/port.o
                0x000019dc                vPortSetupTimerInterrupt
 .text.prvTaskExitError
                0x00001a20       0x30 ./freertos/freertos-kernel/portable/GCC/ARM_CM0/port.o
 .text.vPortYield
                0x00001a50       0x20 ./freertos/freertos-kernel/portable/GCC/ARM_CM0/port.o
                0x00001a50                vPortYield
 .text.vPortEnterCritical
                0x00001a70       0x24 ./freertos/freertos-kernel/portable/GCC/ARM_CM0/port.o
                0x00001a70                vPortEnterCritical
 .text.vPortExitCritical
                0x00001a94       0x30 ./freertos/freertos-kernel/portable/GCC/ARM_CM0/port.o
                0x00001a94                vPortExitCritical
 .text.SysTick_Handler
                0x00001ac4       0x34 ./freertos/freertos-kernel/portable/GCC/ARM_CM0/port.o
                0x00001ac4                SysTick_Handler
 .text.pxPortInitialiseStack
                0x00001af8      0x11c ./freertos/freertos-kernel/portable/GCC/ARM_CM0/port.o
                0x00001af8                pxPortInitialiseStack
 .text.xPortStartScheduler
                0x00001c14       0x8c ./freertos/freertos-kernel/portable/GCC/ARM_CM0/port.o
                0x00001c14                xPortStartScheduler
 .text.vQueueAddToRegistry
                0x00001ca0       0x8c ./freertos/freertos-kernel/queue.o
                0x00001ca0                vQueueAddToRegistry
 .text.prvInitialiseNewTask
                0x00001d2c      0x104 ./freertos/freertos-kernel/tasks.o
 .text.prvAddNewTaskToReadyList
                0x00001e30      0x120 ./freertos/freertos-kernel/tasks.o
 .text.vTaskDelay
                0x00001f50       0x4c ./freertos/freertos-kernel/tasks.o
                0x00001f50                vTaskDelay
 .text.prvCreateIdleTasks
                0x00001f9c       0x98 ./freertos/freertos-kernel/tasks.o
 .text.vTaskStartScheduler
                0x00002034       0x68 ./freertos/freertos-kernel/tasks.o
                0x00002034                vTaskStartScheduler
 .text.vTaskSuspendAll
                0x0000209c       0x18 ./freertos/freertos-kernel/tasks.o
                0x0000209c                vTaskSuspendAll
 .text.xTaskResumeAll
                0x000020b4      0x1ec ./freertos/freertos-kernel/tasks.o
                0x000020b4                xTaskResumeAll
 .text.xTaskGetTickCount
                0x000022a0       0x1c ./freertos/freertos-kernel/tasks.o
                0x000022a0                xTaskGetTickCount
 .text.uxTaskGetNumberOfTasks
                0x000022bc       0x14 ./freertos/freertos-kernel/tasks.o
                0x000022bc                uxTaskGetNumberOfTasks
 .text.xTaskIncrementTick
                0x000022d0      0x21c ./freertos/freertos-kernel/tasks.o
                0x000022d0                xTaskIncrementTick
 .text.vTaskSwitchContext
                0x000024ec       0xa8 ./freertos/freertos-kernel/tasks.o
                0x000024ec                vTaskSwitchContext
 .text.vTaskPlaceOnEventList
                0x00002594       0x40 ./freertos/freertos-kernel/tasks.o
                0x00002594                vTaskPlaceOnEventList
 .text.vTaskPlaceOnEventListRestricted
                0x000025d4       0x80 ./freertos/freertos-kernel/tasks.o
                0x000025d4                vTaskPlaceOnEventListRestricted
 .text.xTaskRemoveFromEventList
                0x00002654      0x19c ./freertos/freertos-kernel/tasks.o
                0x00002654                xTaskRemoveFromEventList
 .text.vTaskInternalSetTimeOutState
                0x000027f0       0x28 ./freertos/freertos-kernel/tasks.o
                0x000027f0                vTaskInternalSetTimeOutState
 .text.xTaskCheckForTimeOut
                0x00002818       0xac ./freertos/freertos-kernel/tasks.o
                0x00002818                xTaskCheckForTimeOut
 .text.vTaskMissedYield
                0x000028c4       0x14 ./freertos/freertos-kernel/tasks.o
                0x000028c4                vTaskMissedYield
 .text.prvIdleTask
                0x000028d8       0x20 ./freertos/freertos-kernel/tasks.o
 .text.prvInitialiseTaskLists
                0x000028f8       0x88 ./freertos/freertos-kernel/tasks.o
 .text.prvCheckTasksWaitingTermination
                0x00002980       0x5c ./freertos/freertos-kernel/tasks.o
 .text.prvResetNextTaskUnblockTime
                0x000029dc       0x34 ./freertos/freertos-kernel/tasks.o
 .text.xTaskGetSchedulerState
                0x00002a10       0x38 ./freertos/freertos-kernel/tasks.o
                0x00002a10                xTaskGetSchedulerState
 .text.xTaskPriorityInherit
                0x00002a48      0x124 ./freertos/freertos-kernel/tasks.o
                0x00002a48                xTaskPriorityInherit
 .text.xTaskPriorityDisinherit
                0x00002b6c      0x10c ./freertos/freertos-kernel/tasks.o
                0x00002b6c                xTaskPriorityDisinherit
 .text.vTaskPriorityDisinheritAfterTimeout
                0x00002c78      0x134 ./freertos/freertos-kernel/tasks.o
                0x00002c78                vTaskPriorityDisinheritAfterTimeout
 .text.pvTaskIncrementMutexHeldCount
                0x00002dac       0x2c ./freertos/freertos-kernel/tasks.o
                0x00002dac                pvTaskIncrementMutexHeldCount
 .text.xTaskGenericNotify
                0x00002dd8      0x214 ./freertos/freertos-kernel/tasks.o
                0x00002dd8                xTaskGenericNotify
 .text.xTaskGenericNotifyFromISR
                0x00002fec      0x27c ./freertos/freertos-kernel/tasks.o
                0x00002fec                xTaskGenericNotifyFromISR
 .text.prvAddCurrentTaskToDelayedList
                0x00003268       0xe4 ./freertos/freertos-kernel/tasks.o
 .text.xTimerCreateTimerTask
                0x0000334c       0x54 ./freertos/freertos-kernel/timers.o
                0x0000334c                xTimerCreateTimerTask
 .text.prvProcessExpiredTimer
                0x000033a0       0x64 ./freertos/freertos-kernel/timers.o
 .text.prvProcessTimerOrBlockTask
                0x00003404       0x90 ./freertos/freertos-kernel/timers.o
 .text.prvGetNextExpireTime
                0x00003494       0x44 ./freertos/freertos-kernel/timers.o
 .text.prvSampleTimeNow
                0x000034d8       0x40 ./freertos/freertos-kernel/timers.o
 .text.prvInsertTimerInActiveList
                0x00003518       0x84 ./freertos/freertos-kernel/timers.o
 .text.prvProcessReceivedCommands
                0x0000359c      0x198 ./freertos/freertos-kernel/timers.o
 .text.prvSwitchTimerLists
                0x00003734       0x50 ./freertos/freertos-kernel/timers.o
 .text.prvCheckForValidListAndQueue
                0x00003784       0x74 ./freertos/freertos-kernel/timers.o
 .text.CLOCK_SetEr32kClock
                0x000037f8       0x34 ./drivers/fsl_clock.o
 .text.CLOCK_GetLircClkFreq
                0x0000382c       0x50 ./drivers/fsl_clock.o
 .text.CLOCK_GetOsc0ErClkFreq
                0x0000387c       0x44 ./drivers/fsl_clock.o
                0x0000387c                CLOCK_GetOsc0ErClkFreq
 .text.CLOCK_GetEr32kClkFreq
                0x000038c0       0x78 ./drivers/fsl_clock.o
                0x000038c0                CLOCK_GetEr32kClkFreq
 .text.CLOCK_GetBusClkFreq
                0x00003938       0x50 ./drivers/fsl_clock.o
                0x00003938                CLOCK_GetBusClkFreq
 .text.CLOCK_GetFreq
                0x00003988       0xc0 ./drivers/fsl_clock.o
                0x00003988                CLOCK_GetFreq
 .text.CLOCK_SetSimConfig
                0x00003a48       0x2c ./drivers/fsl_clock.o
                0x00003a48                CLOCK_SetSimConfig
 .text.CLOCK_GetInternalRefClkFreq
                0x00003a74       0x48 ./drivers/fsl_clock.o
                0x00003a74                CLOCK_GetInternalRefClkFreq
 .text.CLOCK_GetPeriphClkFreq
                0x00003abc       0x3c ./drivers/fsl_clock.o
                0x00003abc                CLOCK_GetPeriphClkFreq
 .text.CLOCK_GetOutClkFreq
                0x00003af8       0x7c ./drivers/fsl_clock.o
                0x00003af8                CLOCK_GetOutClkFreq
 .text.CLOCK_SetMcgliteConfig
                0x00003b74      0x110 ./drivers/fsl_clock.o
                0x00003b74                CLOCK_SetMcgliteConfig
 .text.SDK_DelayAtLeastUs
                0x00003c84       0x78 ./drivers/fsl_common_arm.o
                0x00003c84                SDK_DelayAtLeastUs
 .text.CLOCK_EnableClock
                0x00003cfc       0x34 ./drivers/fsl_lpuart.o
 .text.LPUART_GetInstance
                0x00003d30       0x4c ./drivers/fsl_lpuart.o
                0x00003d30                LPUART_GetInstance
 .text.LPUART_Init
                0x00003d7c      0x2c4 ./drivers/fsl_lpuart.o
                0x00003d7c                LPUART_Init
 .text.LPUART_GetDefaultConfig
                0x00004040       0x68 ./drivers/fsl_lpuart.o
                0x00004040                LPUART_GetDefaultConfig
 .text.LPUART_GetStatusFlags
                0x000040a8       0x24 ./drivers/fsl_lpuart.o
                0x000040a8                LPUART_GetStatusFlags
 .text.LPUART_ClearStatusFlags
                0x000040cc       0x54 ./drivers/fsl_lpuart.o
                0x000040cc                LPUART_ClearStatusFlags
 .text.LPUART_WriteBlocking
                0x00004120       0x6c ./drivers/fsl_lpuart.o
                0x00004120                LPUART_WriteBlocking
 .text.LPUART_ReadBlocking
                0x0000418c      0x11c ./drivers/fsl_lpuart.o
                0x0000418c                LPUART_ReadBlocking
 .text.LPUART0_DriverIRQHandler
                0x000042a8       0x24 ./drivers/fsl_lpuart.o
                0x000042a8                LPUART0_DriverIRQHandler
 .text.LPUART1_DriverIRQHandler
                0x000042cc       0x24 ./drivers/fsl_lpuart.o
                0x000042cc                LPUART1_DriverIRQHandler
 .text.SystemInit
                0x000042f0       0x40 ./device/system_MCXC444.o
                0x000042f0                SystemInit
 .text.HAL_UartGetStatus
                0x00004330       0x34 ./component/uart/fsl_adapter_lpuart.o
 .text.HAL_UartInitCommon
                0x00004364       0xa0 ./component/uart/fsl_adapter_lpuart.o
 .text.HAL_UartInit
                0x00004404       0x98 ./component/uart/fsl_adapter_lpuart.o
                0x00004404                HAL_UartInit
 .text.HAL_UartReceiveBlocking
                0x0000449c       0x78 ./component/uart/fsl_adapter_lpuart.o
                0x0000449c                HAL_UartReceiveBlocking
 .text.HAL_UartSendBlocking
                0x00004514       0x6c ./component/uart/fsl_adapter_lpuart.o
                0x00004514                HAL_UartSendBlocking
 .text.SerialManager_StartWriting
                0x00004580       0x44 ./component/serial_manager/fsl_component_serial_manager.o
 .text.SerialManager_StartReading
                0x000045c4       0x44 ./component/serial_manager/fsl_component_serial_manager.o
 .text.SerialManager_Init
                0x00004608       0x70 ./component/serial_manager/fsl_component_serial_manager.o
                0x00004608                SerialManager_Init
 .text.SerialManager_OpenReadHandle
                0x00004678       0x74 ./component/serial_manager/fsl_component_serial_manager.o
                0x00004678                SerialManager_OpenReadHandle
 .text.CLOCK_SetLpuart0Clock
                0x000046ec       0x38 ./board/board.o
 .text.CLOCK_SetSimSafeDivs
                0x00004724       0x20 ./board/clock_config.o
 .text.BOARD_BootClockRUN
                0x00004744       0x34 ./board/clock_config.o
                0x00004744                BOARD_BootClockRUN
 .text.CLOCK_EnableClock
                0x00004778       0x34 ./board/pin_mux.o
 .text.PORT_SetPinMux
                0x000047ac       0x40 ./board/pin_mux.o
 .text.BOARD_InitDEBUG_UARTPins
                0x000047ec       0x4c ./board/pin_mux.o
                0x000047ec                BOARD_InitDEBUG_UARTPins
 .text.malloc   0x00004838       0xd4 C:/nxp/MCUXpressoIDE_25.6.136/ide/plugins/com.nxp.mcuxpresso.tools.win32_25.6.0.202501151204/tools/bin/../lib/gcc/arm-none-eabi/14.2.1/../../../../arm-none-eabi/lib/thumb/v6-m/nofp\libcr_c.a(alloc.o)
                0x00004838                malloc
 .text._Csys_alloc
                0x0000490c       0x20 C:/nxp/MCUXpressoIDE_25.6.136/ide/plugins/com.nxp.mcuxpresso.tools.win32_25.6.0.202501151204/tools/bin/../lib/gcc/arm-none-eabi/14.2.1/../../../../arm-none-eabi/lib/thumb/v6-m/nofp\libcr_c.a(alloc.o)
                0x0000490c                _Csys_alloc
 .text._initio  0x0000492c       0x7c C:/nxp/MCUXpressoIDE_25.6.136/ide/plugins/com.nxp.mcuxpresso.tools.win32_25.6.0.202501151204/tools/bin/../lib/gcc/arm-none-eabi/14.2.1/../../../../arm-none-eabi/lib/thumb/v6-m/nofp\libcr_c.a(initio.o)
                0x0000492c                _initio
 .text.__vfprintf
                0x000049a8      0xd50 C:/nxp/MCUXpressoIDE_25.6.136/ide/plugins/com.nxp.mcuxpresso.tools.win32_25.6.0.202501151204/tools/bin/../lib/gcc/arm-none-eabi/14.2.1/../../../../arm-none-eabi/lib/thumb/v6-m/nofp\libcr_c.a(printf.o)
                0x000049a8                __vfprintf
 .text._snprintf
                0x000056f8       0x7c C:/nxp/MCUXpressoIDE_25.6.136/ide/plugins/com.nxp.mcuxpresso.tools.win32_25.6.0.202501151204/tools/bin/../lib/gcc/arm-none-eabi/14.2.1/../../../../arm-none-eabi/lib/thumb/v6-m/nofp\libcr_c.a(printf.o)
                0x000056f8                _snprintf
 .text.ch_val   0x00005774       0x2c C:/nxp/MCUXpressoIDE_25.6.136/ide/plugins/com.nxp.mcuxpresso.tools.win32_25.6.0.202501151204/tools/bin/../lib/gcc/arm-none-eabi/14.2.1/../../../../arm-none-eabi/lib/thumb/v6-m/nofp\libcr_c.a(scanf.o)
 .text.cr_rd_int
                0x000057a0      0x1c0 C:/nxp/MCUXpressoIDE_25.6.136/ide/plugins/com.nxp.mcuxpresso.tools.win32_25.6.0.202501151204/tools/bin/../lib/gcc/arm-none-eabi/14.2.1/../../../../arm-none-eabi/lib/thumb/v6-m/nofp\libcr_c.a(scanf.o)
 .text.vfscanf  0x00005960      0x90c C:/nxp/MCUXpressoIDE_25.6.136/ide/plugins/com.nxp.mcuxpresso.tools.win32_25.6.0.202501151204/tools/bin/../lib/gcc/arm-none-eabi/14.2.1/../../../../arm-none-eabi/lib/thumb/v6-m/nofp\libcr_c.a(scanf.o)
                0x00005960                vfscanf
 .text.strtod   0x0000626c       0x38 C:/nxp/MCUXpressoIDE_25.6.136/ide/plugins/com.nxp.mcuxpresso.tools.win32_25.6.0.202501151204/tools/bin/../lib/gcc/arm-none-eabi/14.2.1/../../../../arm-none-eabi/lib/thumb/v6-m/nofp\libcr_c.a(scanf.o)
                0x0000626c                strtod
 .text.setvbuf  0x000062a4       0x4c C:/nxp/MCUXpressoIDE_25.6.136/ide/plugins/com.nxp.mcuxpresso.tools.win32_25.6.0.202501151204/tools/bin/../lib/gcc/arm-none-eabi/14.2.1/../../../../arm-none-eabi/lib/thumb/v6-m/nofp\libcr_c.a(setvbuf.o)
                0x000062a4                setvbuf
 .text.strlen   0x000062f0       0x5c C:/nxp/MCUXpressoIDE_25.6.136/ide/plugins/com.nxp.mcuxpresso.tools.win32_25.6.0.202501151204/tools/bin/../lib/gcc/arm-none-eabi/14.2.1/../../../../arm-none-eabi/lib/thumb/v6-m/nofp\libcr_c.a(strlen.o)
                0x000062f0                strlen
 .text.strncpy  0x0000634c       0x58 C:/nxp/MCUXpressoIDE_25.6.136/ide/plugins/com.nxp.mcuxpresso.tools.win32_25.6.0.202501151204/tools/bin/../lib/gcc/arm-none-eabi/14.2.1/../../../../arm-none-eabi/lib/thumb/v6-m/nofp\libcr_c.a(strncpy.o)
                0x0000634c                strncpy
 .text.ungetc   0x000063a4       0x3c C:/nxp/MCUXpressoIDE_25.6.136/ide/plugins/com.nxp.mcuxpresso.tools.win32_25.6.0.202501151204/tools/bin/../lib/gcc/arm-none-eabi/14.2.1/../../../../arm-none-eabi/lib/thumb/v6-m/nofp\libcr_c.a(ungetc.o)
                0x000063a4                ungetc
 .text.__filbuf
                0x000063e0      0x180 C:/nxp/MCUXpressoIDE_25.6.136/ide/plugins/com.nxp.mcuxpresso.tools.win32_25.6.0.202501151204/tools/bin/../lib/gcc/arm-none-eabi/14.2.1/../../../../arm-none-eabi/lib/thumb/v6-m/nofp\libcr_c.a(__fillbuf.o)
                0x000063e0                __filbuf
 .text._sbrk    0x00006560       0x40 C:/nxp/MCUXpressoIDE_25.6.136/ide/plugins/com.nxp.mcuxpresso.tools.win32_25.6.0.202501151204/tools/bin/../lib/gcc/arm-none-eabi/14.2.1/../../../../arm-none-eabi/lib/thumb/v6-m/nofp\libcr_c.a(_cr_sbrk.o)
                0x00006560                _sbrk
 .text._deferredlazyseek
                0x000065a0       0x44 C:/nxp/MCUXpressoIDE_25.6.136/ide/plugins/com.nxp.mcuxpresso.tools.win32_25.6.0.202501151204/tools/bin/../lib/gcc/arm-none-eabi/14.2.1/../../../../arm-none-eabi/lib/thumb/v6-m/nofp\libcr_c.a(_deferredlazyseek.o)
                0x000065a0                _deferredlazyseek
 .text.__flsbuf
                0x000065e4      0x130 C:/nxp/MCUXpressoIDE_25.6.136/ide/plugins/com.nxp.mcuxpresso.tools.win32_25.6.0.202501151204/tools/bin/../lib/gcc/arm-none-eabi/14.2.1/../../../../arm-none-eabi/lib/thumb/v6-m/nofp\libcr_c.a(_deferredlazyseek.o)
                0x000065e4                __flsbuf
 .text._fdopen  0x00006714       0x74 C:/nxp/MCUXpressoIDE_25.6.136/ide/plugins/com.nxp.mcuxpresso.tools.win32_25.6.0.202501151204/tools/bin/../lib/gcc/arm-none-eabi/14.2.1/../../../../arm-none-eabi/lib/thumb/v6-m/nofp\libcr_c.a(_fdopen.o)
                0x00006714                _fdopen
 .text._fflush  0x00006788       0x5c C:/nxp/MCUXpressoIDE_25.6.136/ide/plugins/com.nxp.mcuxpresso.tools.win32_25.6.0.202501151204/tools/bin/../lib/gcc/arm-none-eabi/14.2.1/../../../../arm-none-eabi/lib/thumb/v6-m/nofp\libcr_c.a(_fflush.o)
                0x00006788                _fflush
 .text._frexpl  0x000067e4       0x80 C:/nxp/MCUXpressoIDE_25.6.136/ide/plugins/com.nxp.mcuxpresso.tools.win32_25.6.0.202501151204/tools/bin/../lib/gcc/arm-none-eabi/14.2.1/../../../../arm-none-eabi/lib/thumb/v6-m/nofp\libcr_c.a(_frexpl.o)
                0x000067e4                _frexpl
 .text._ldexpl  0x00006864       0x58 C:/nxp/MCUXpressoIDE_25.6.136/ide/plugins/com.nxp.mcuxpresso.tools.win32_25.6.0.202501151204/tools/bin/../lib/gcc/arm-none-eabi/14.2.1/../../../../arm-none-eabi/lib/thumb/v6-m/nofp\libcr_c.a(_ldexpl.o)
                0x00006864                _ldexpl
 .text._Cwritebuf
                0x000068bc       0x68 C:/nxp/MCUXpressoIDE_25.6.136/ide/plugins/com.nxp.mcuxpresso.tools.win32_25.6.0.202501151204/tools/bin/../lib/gcc/arm-none-eabi/14.2.1/../../../../arm-none-eabi/lib/thumb/v6-m/nofp\libcr_c.a(_writebuf.o)
                0x000068bc                _Cwritebuf
 .text.fclose   0x00006924       0x5c C:/nxp/MCUXpressoIDE_25.6.136/ide/plugins/com.nxp.mcuxpresso.tools.win32_25.6.0.202501151204/tools/bin/../lib/gcc/arm-none-eabi/14.2.1/../../../../arm-none-eabi/lib/thumb/v6-m/nofp\libcr_c.a(fclose.o)
                0x00006924                fclose
 .text.fflush   0x00006980       0x40 C:/nxp/MCUXpressoIDE_25.6.136/ide/plugins/com.nxp.mcuxpresso.tools.win32_25.6.0.202501151204/tools/bin/../lib/gcc/arm-none-eabi/14.2.1/../../../../arm-none-eabi/lib/thumb/v6-m/nofp\libcr_c.a(fflush.o)
                0x00006980                fflush
 .text.fseek    0x000069c0       0xec C:/nxp/MCUXpressoIDE_25.6.136/ide/plugins/com.nxp.mcuxpresso.tools.win32_25.6.0.202501151204/tools/bin/../lib/gcc/arm-none-eabi/14.2.1/../../../../arm-none-eabi/lib/thumb/v6-m/nofp\libcr_c.a(fseek.o)
                0x000069c0                fseek
 .text.ftell    0x00006aac       0x4c C:/nxp/MCUXpressoIDE_25.6.136/ide/plugins/com.nxp.mcuxpresso.tools.win32_25.6.0.202501151204/tools/bin/../lib/gcc/arm-none-eabi/14.2.1/../../../../arm-none-eabi/lib/thumb/v6-m/nofp\libcr_c.a(ftell.o)
                0x00006aac                ftell
 .text.__check_heap_overflow
                0x00006af8       0x18 C:/nxp/MCUXpressoIDE_25.6.136/ide/plugins/com.nxp.mcuxpresso.tools.win32_25.6.0.202501151204/tools/bin/../lib/gcc/arm-none-eabi/14.2.1/../../../../arm-none-eabi/lib/thumb/v6-m/nofp\libcr_c.a(_cr_check_heap.o)
                0x00006af8                __check_heap_overflow
 .text._do_fflush
                0x00006b10       0x48 C:/nxp/MCUXpressoIDE_25.6.136/ide/plugins/com.nxp.mcuxpresso.tools.win32_25.6.0.202501151204/tools/bin/../lib/gcc/arm-none-eabi/14.2.1/../../../../arm-none-eabi/lib/thumb/v6-m/nofp\libcr_c.a(_do_fflush.o)
                0x00006b10                _do_fflush
 .text.__aeabi_dmul
                0x00006b58      0x190 C:/nxp/MCUXpressoIDE_25.6.136/ide/plugins/com.nxp.mcuxpresso.tools.win32_25.6.0.202501151204/tools/bin/../lib/gcc/arm-none-eabi/14.2.1/thumb/v6-m/nofp\libcr_eabihelpers.a(double.o)
                0x00006b58                __aeabi_dmul
 .text.__aeabi_ddiv
                0x00006ce8      0x16c C:/nxp/MCUXpressoIDE_25.6.136/ide/plugins/com.nxp.mcuxpresso.tools.win32_25.6.0.202501151204/tools/bin/../lib/gcc/arm-none-eabi/14.2.1/thumb/v6-m/nofp\libcr_eabihelpers.a(double.o)
                0x00006ce8                __aeabi_ddiv
 .text.__aeabi_dsub
                0x00006e54      0x1c8 C:/nxp/MCUXpressoIDE_25.6.136/ide/plugins/com.nxp.mcuxpresso.tools.win32_25.6.0.202501151204/tools/bin/../lib/gcc/arm-none-eabi/14.2.1/thumb/v6-m/nofp\libcr_eabihelpers.a(double.o)
                0x00006e54                __aeabi_dsub
 .text.__aeabi_dadd
                0x0000701c      0x140 C:/nxp/MCUXpressoIDE_25.6.136/ide/plugins/com.nxp.mcuxpresso.tools.win32_25.6.0.202501151204/tools/bin/../lib/gcc/arm-none-eabi/14.2.1/thumb/v6-m/nofp\libcr_eabihelpers.a(double.o)
                0x0000701c                __aeabi_dadd
 .text.__aeabi_d2f
                0x0000715c       0x64 C:/nxp/MCUXpressoIDE_25.6.136/ide/plugins/com.nxp.mcuxpresso.tools.win32_25.6.0.202501151204/tools/bin/../lib/gcc/arm-none-eabi/14.2.1/thumb/v6-m/nofp\libcr_eabihelpers.a(double.o)
                0x0000715c                __aeabi_d2f
 .text.__aeabi_dcmpeq
                0x000071c0       0x34 C:/nxp/MCUXpressoIDE_25.6.136/ide/plugins/com.nxp.mcuxpresso.tools.win32_25.6.0.202501151204/tools/bin/../lib/gcc/arm-none-eabi/14.2.1/thumb/v6-m/nofp\libcr_eabihelpers.a(double.o)
                0x000071c0                __aeabi_dcmpeq
 .text.__aeabi_dcmpge
                0x000071f4       0x68 C:/nxp/MCUXpressoIDE_25.6.136/ide/plugins/com.nxp.mcuxpresso.tools.win32_25.6.0.202501151204/tools/bin/../lib/gcc/arm-none-eabi/14.2.1/thumb/v6-m/nofp\libcr_eabihelpers.a(double.o)
                0x000071f4                __aeabi_dcmpge
 .text.__aeabi_fmul
                0x0000725c       0xcc C:/nxp/MCUXpressoIDE_25.6.136/ide/plugins/com.nxp.mcuxpresso.tools.win32_25.6.0.202501151204/tools/bin/../lib/gcc/arm-none-eabi/14.2.1/thumb/v6-m/nofp\libcr_eabihelpers.a(float.o)
                0x0000725c                __aeabi_fmul
 .text.__aeabi_fdiv
                0x00007328       0xf0 C:/nxp/MCUXpressoIDE_25.6.136/ide/plugins/com.nxp.mcuxpresso.tools.win32_25.6.0.202501151204/tools/bin/../lib/gcc/arm-none-eabi/14.2.1/thumb/v6-m/nofp\libcr_eabihelpers.a(float.o)
                0x00007328                __aeabi_fdiv
 .text.__aeabi_f2d
                0x00007418       0x40 C:/nxp/MCUXpressoIDE_25.6.136/ide/plugins/com.nxp.mcuxpresso.tools.win32_25.6.0.202501151204/tools/bin/../lib/gcc/arm-none-eabi/14.2.1/thumb/v6-m/nofp\libcr_eabihelpers.a(float.o)
                0x00007418                __aeabi_f2d
 .text.PrintGetWidth
                0x00007458       0x7c ./utilities/str/fsl_str.o
 .text.PrintGetPrecision
                0x000074d4       0xa0 ./utilities/str/fsl_str.o
 .text.PrintIsobpu
                0x00007574       0x3e ./utilities/str/fsl_str.o
 .text.PrintIsdi
                0x000075b2       0x2e ./utilities/str/fsl_str.o
 .text.PrintOutputdifFobpu
                0x000075e0       0x48 ./utilities/str/fsl_str.o
 .text.PrintOutputxX
                0x00007628       0x48 ./utilities/str/fsl_str.o
 .text.PrintIsfF
                0x00007670       0x2e ./utilities/str/fsl_str.o
 .text.PrintIsxX
                0x0000769e       0x2e ./utilities/str/fsl_str.o
 .text.PrintFilterLengthFlag
                0x000076cc       0x44 ./utilities/str/fsl_str.o
 .text.PrintGetRadixFromobpu
                0x00007710       0x58 ./utilities/str/fsl_str.o
 .text.ConvertRadixNumToString
                0x00007768       0xc0 ./utilities/str/fsl_str.o
 .text.StrFormatExaminedi
                0x00007828       0x22 ./utilities/str/fsl_str.o
 .text.StrFormatExaminexX
                0x0000784a       0x22 ./utilities/str/fsl_str.o
 .text.StrFormatExamineobpu
                0x0000786c       0x22 ./utilities/str/fsl_str.o
 .text.ConvertPrecisionWidthToLength
                0x0000788e       0x22 ./utilities/str/fsl_str.o
 .text.StrFormatPrintf
                0x000078b0      0x2d6 ./utilities/str/fsl_str.o
                0x000078b0                StrFormatPrintf
 .text.DbgConsole_PrintCallback
                0x00007b86       0x6c ./utilities/debug_console/fsl_debug_console.o
 .text.DbgConsole_Printf
                0x00007bf2       0x32 ./utilities/debug_console/fsl_debug_console.o
                0x00007bf2                DbgConsole_Printf
 .text.__sys_write
                0x00007c24       0x40 ./utilities/debug_console/fsl_debug_console.o
                0x00007c24                __sys_write
 .text.__sys_readc
                0x00007c64       0x1a ./utilities/debug_console/fsl_debug_console.o
                0x00007c64                __sys_readc
 .text.fsl_assert_hook
                0x00007c7e       0x16 ./utilities/fsl_assert.o
                0x00007c7e                fsl_assert_hook
 .text.Actuators_Init
                0x00007c94       0x18 ./source/actuator_driver.o
                0x00007c94                Actuators_Init
 .text.play_sequence
                0x00007cac       0x90 ./source/music_library.o
 .text.vPortFree
                0x00007d3c       0x1c ./freertos/freertos-kernel/portable/MemMang/heap_1.o
                0x00007d3c                vPortFree
 .text.vPortSVCHandler_C
                0x00007d58       0x38 ./freertos/freertos-kernel/portable/GCC/ARM_CM0/port.o
                0x00007d58                vPortSVCHandler_C
 .text.ulSetInterruptMask
                0x00007d90        0xc ./freertos/freertos-kernel/portable/GCC/ARM_CM0/portasm.o
                0x00007d90                ulSetInterruptMask
 .text.vClearInterruptMask
                0x00007d9c        0x8 ./freertos/freertos-kernel/portable/GCC/ARM_CM0/portasm.o
                0x00007d9c                vClearInterruptMask
 .text.vListInitialise
                0x00007da4       0x3c ./freertos/freertos-kernel/list.o
                0x00007da4                vListInitialise
 .text.vListInitialiseItem
                0x00007de0       0x16 ./freertos/freertos-kernel/list.o
                0x00007de0                vListInitialiseItem
 .text.vListInsert
                0x00007df6       0x6c ./freertos/freertos-kernel/list.o
                0x00007df6                vListInsert
 .text.uxListRemove
                0x00007e62       0x50 ./freertos/freertos-kernel/list.o
                0x00007e62                uxListRemove
 .text.xQueueGenericReset
                0x00007eb2      0x116 ./freertos/freertos-kernel/queue.o
                0x00007eb2                xQueueGenericReset
 .text.xQueueGenericCreate
                0x00007fc8       0xbe ./freertos/freertos-kernel/queue.o
                0x00007fc8                xQueueGenericCreate
 .text.prvInitialiseNewQueue
                0x00008086       0x4e ./freertos/freertos-kernel/queue.o
 .text.prvInitialiseMutex
                0x000080d4       0x34 ./freertos/freertos-kernel/queue.o
 .text.xQueueCreateMutex
                0x00008108       0x38 ./freertos/freertos-kernel/queue.o
                0x00008108                xQueueCreateMutex
 .text.xQueueGenericSend
                0x00008140      0x190 ./freertos/freertos-kernel/queue.o
                0x00008140                xQueueGenericSend
 .text.xQueueGenericSendFromISR
                0x000082d0      0x114 ./freertos/freertos-kernel/queue.o
                0x000082d0                xQueueGenericSendFromISR
 .text.xQueueGiveFromISR
                0x000083e4       0xf6 ./freertos/freertos-kernel/queue.o
                0x000083e4                xQueueGiveFromISR
 .text.xQueueReceive
                0x000084da      0x170 ./freertos/freertos-kernel/queue.o
                0x000084da                xQueueReceive
 .text.xQueueSemaphoreTake
                0x0000864a      0x1b0 ./freertos/freertos-kernel/queue.o
                0x0000864a                xQueueSemaphoreTake
 .text.prvGetDisinheritPriorityAfterTimeout
                0x000087fa       0x2c ./freertos/freertos-kernel/queue.o
 .text.prvCopyDataToQueue
                0x00008826       0xd6 ./freertos/freertos-kernel/queue.o
 .text.prvCopyDataFromQueue
                0x000088fc       0x4c ./freertos/freertos-kernel/queue.o
 .text.prvUnlockQueue
                0x00008948       0xbc ./freertos/freertos-kernel/queue.o
 .text.prvIsQueueEmpty
                0x00008a04       0x2c ./freertos/freertos-kernel/queue.o
 .text.prvIsQueueFull
                0x00008a30       0x30 ./freertos/freertos-kernel/queue.o
 .text.vQueueWaitForMessageRestricted
                0x00008a60       0x66 ./freertos/freertos-kernel/queue.o
                0x00008a60                vQueueWaitForMessageRestricted
 .text.prvCreateTask
                0x00008ac6       0x82 ./freertos/freertos-kernel/tasks.o
 .text.xTaskCreate
                0x00008b48       0x4c ./freertos/freertos-kernel/tasks.o
                0x00008b48                xTaskCreate
 .text.prvDeleteTCB
                0x00008b94       0x22 ./freertos/freertos-kernel/tasks.o
 .text.prvReloadTimer
                0x00008bb6       0x42 ./freertos/freertos-kernel/timers.o
 .text.prvTimerTask
                0x00008bf8       0x2a ./freertos/freertos-kernel/timers.o
 .text.DelayLoop
                0x00008c22       0x1a ./drivers/fsl_common_arm.o
 .text.SystemInitHook
                0x00008c3c        0xa ./device/system_MCXC444.o
                0x00008c3c                SystemInitHook
 .text.DisableGlobalIRQ
                0x00008c46       0x1e ./component/serial_manager/fsl_component_serial_manager.o
 .text.EnableGlobalIRQ
                0x00008c64       0x1c ./component/serial_manager/fsl_component_serial_manager.o
 .text.SerialManager_Write
                0x00008c80       0x44 ./component/serial_manager/fsl_component_serial_manager.o
 .text.SerialManager_Read
                0x00008cc4       0x44 ./component/serial_manager/fsl_component_serial_manager.o
 .text.SerialManager_OpenWriteHandle
                0x00008d08       0x56 ./component/serial_manager/fsl_component_serial_manager.o
                0x00008d08                SerialManager_OpenWriteHandle
 .text.SerialManager_WriteBlocking
                0x00008d5e       0x22 ./component/serial_manager/fsl_component_serial_manager.o
                0x00008d5e                SerialManager_WriteBlocking
 .text.SerialManager_ReadBlocking
                0x00008d80       0x22 ./component/serial_manager/fsl_component_serial_manager.o
                0x00008d80                SerialManager_ReadBlocking
 .text.Serial_UartInit
                0x00008da2       0x4e ./component/serial_manager/fsl_component_serial_port_uart.o
                0x00008da2                Serial_UartInit
 .text.Serial_UartWrite
                0x00008df0       0x38 ./component/serial_manager/fsl_component_serial_port_uart.o
                0x00008df0                Serial_UartWrite
 .text.Serial_UartRead
                0x00008e28       0x38 ./component/serial_manager/fsl_component_serial_port_uart.o
                0x00008e28                Serial_UartRead
 .text.BOARD_InitDebugConsole
                0x00008e60       0x2c ./board/board.o
                0x00008e60                BOARD_InitDebugConsole
 .text.BOARD_InitBootClocks
                0x00008e8c        0xe ./board/clock_config.o
                0x00008e8c                BOARD_InitBootClocks
 .text.BOARD_InitPeripherals
                0x00008e9a        0xa ./board/peripherals.o
                0x00008e9a                BOARD_InitPeripherals
 .text.BOARD_InitBootPeripherals
                0x00008ea4        0xe ./board/peripherals.o
                0x00008ea4                BOARD_InitBootPeripherals
 .text.BOARD_InitBootPins
                0x00008eb2        0xe ./board/pin_mux.o
                0x00008eb2                BOARD_InitBootPins
 .text.__main   0x00008ec0        0xc C:/nxp/MCUXpressoIDE_25.6.136/ide/plugins/com.nxp.mcuxpresso.tools.win32_25.6.0.202501151204/tools/bin/../lib/gcc/arm-none-eabi/14.2.1/../../../../arm-none-eabi/lib/thumb/v6-m/nofp\libcr_nohost_nf.a(_cr__main.o)
                0x00008ec0                __main
 .text.memcpy   0x00008ecc        0x8 C:/nxp/MCUXpressoIDE_25.6.136/ide/plugins/com.nxp.mcuxpresso.tools.win32_25.6.0.202501151204/tools/bin/../lib/gcc/arm-none-eabi/14.2.1/../../../../arm-none-eabi/lib/thumb/v6-m/nofp\libcr_c.a(memcpy.o)
                0x00008ecc                memcpy
 .text.memset   0x00008ed4        0x8 C:/nxp/MCUXpressoIDE_25.6.136/ide/plugins/com.nxp.mcuxpresso.tools.win32_25.6.0.202501151204/tools/bin/../lib/gcc/arm-none-eabi/14.2.1/../../../../arm-none-eabi/lib/thumb/v6-m/nofp\libcr_c.a(memset.o)
                0x00008ed4                memset
 .text.free     0x00008edc       0x2c C:/nxp/MCUXpressoIDE_25.6.136/ide/plugins/com.nxp.mcuxpresso.tools.win32_25.6.0.202501151204/tools/bin/../lib/gcc/arm-none-eabi/14.2.1/../../../../arm-none-eabi/lib/thumb/v6-m/nofp\libcr_c.a(alloc.o)
                0x00008edc                free
 .text.no_fp_display
                0x00008f08        0x4 C:/nxp/MCUXpressoIDE_25.6.136/ide/plugins/com.nxp.mcuxpresso.tools.win32_25.6.0.202501151204/tools/bin/../lib/gcc/arm-none-eabi/14.2.1/../../../../arm-none-eabi/lib/thumb/v6-m/nofp\libcr_c.a(printf.o)
 .text.sscanf   0x00008f0c       0x3e C:/nxp/MCUXpressoIDE_25.6.136/ide/plugins/com.nxp.mcuxpresso.tools.win32_25.6.0.202501151204/tools/bin/../lib/gcc/arm-none-eabi/14.2.1/../../../../arm-none-eabi/lib/thumb/v6-m/nofp\libcr_c.a(scanf.o)
                0x00008f0c                sscanf
 .text.strtof   0x00008f4a        0xc C:/nxp/MCUXpressoIDE_25.6.136/ide/plugins/com.nxp.mcuxpresso.tools.win32_25.6.0.202501151204/tools/bin/../lib/gcc/arm-none-eabi/14.2.1/../../../../arm-none-eabi/lib/thumb/v6-m/nofp\libcr_c.a(scanf.o)
                0x00008f4a                strtof
 .text.strchr   0x00008f56       0x14 C:/nxp/MCUXpressoIDE_25.6.136/ide/plugins/com.nxp.mcuxpresso.tools.win32_25.6.0.202501151204/tools/bin/../lib/gcc/arm-none-eabi/14.2.1/../../../../arm-none-eabi/lib/thumb/v6-m/nofp\libcr_c.a(strchr.o)
                0x00008f56                strchr
 .text.strstr   0x00008f6a       0x24 C:/nxp/MCUXpressoIDE_25.6.136/ide/plugins/com.nxp.mcuxpresso.tools.win32_25.6.0.202501151204/tools/bin/../lib/gcc/arm-none-eabi/14.2.1/../../../../arm-none-eabi/lib/thumb/v6-m/nofp\libcr_c.a(strstr.o)
                0x00008f6a                strstr
 .text._Csys_read_
                0x00008f8e       0x24 C:/nxp/MCUXpressoIDE_25.6.136/ide/plugins/com.nxp.mcuxpresso.tools.win32_25.6.0.202501151204/tools/bin/../lib/gcc/arm-none-eabi/14.2.1/../../../../arm-none-eabi/lib/thumb/v6-m/nofp\libcr_c.a(__fillbuf.o)
                0x00008f8e                _Csys_read_
 .text.remove   0x00008fb2       0x12 C:/nxp/MCUXpressoIDE_25.6.136/ide/plugins/com.nxp.mcuxpresso.tools.win32_25.6.0.202501151204/tools/bin/../lib/gcc/arm-none-eabi/14.2.1/../../../../arm-none-eabi/lib/thumb/v6-m/nofp\libcr_c.a(remove.o)
                0x00008fb2                remove
 .text.__aeabi_division_idivmod
                0x00008fc4       0x78 C:/nxp/MCUXpressoIDE_25.6.136/ide/plugins/com.nxp.mcuxpresso.tools.win32_25.6.0.202501151204/tools/bin/../lib/gcc/arm-none-eabi/14.2.1/thumb/v6-m/nofp\libcr_eabihelpers.a(division_32.o)
                0x00008fc4                __aeabi_idivmod
                0x00008fc4                __aeabi_idiv
                0x00008fca                __aeabi_uidivmod
                0x00008fca                __aeabi_uidiv
 .text.__aeabi_division_uldivmod
                0x0000903c       0x5a C:/nxp/MCUXpressoIDE_25.6.136/ide/plugins/com.nxp.mcuxpresso.tools.win32_25.6.0.202501151204/tools/bin/../lib/gcc/arm-none-eabi/14.2.1/thumb/v6-m/nofp\libcr_eabihelpers.a(division_64.o)
                0x0000903c                __aeabi_uldivmod
 .text.__aeabi_division_idiv0
                0x00009096        0x2 C:/nxp/MCUXpressoIDE_25.6.136/ide/plugins/com.nxp.mcuxpresso.tools.win32_25.6.0.202501151204/tools/bin/../lib/gcc/arm-none-eabi/14.2.1/thumb/v6-m/nofp\libcr_eabihelpers.a(division_idiv0.o)
                0x00009096                __aeabi_idiv0
 .text.__bhs_ui2d
                0x00009098       0x5e C:/nxp/MCUXpressoIDE_25.6.136/ide/plugins/com.nxp.mcuxpresso.tools.win32_25.6.0.202501151204/tools/bin/../lib/gcc/arm-none-eabi/14.2.1/thumb/v6-m/nofp\libcr_eabihelpers.a(double.o)
                0x00009098                __bhs_ui2d
 .text.__aeabi_i2d
                0x000090f6       0x18 C:/nxp/MCUXpressoIDE_25.6.136/ide/plugins/com.nxp.mcuxpresso.tools.win32_25.6.0.202501151204/tools/bin/../lib/gcc/arm-none-eabi/14.2.1/thumb/v6-m/nofp\libcr_eabihelpers.a(double.o)
                0x000090f6                __aeabi_i2d
 .text.__aeabi_f2uiz
                0x0000910e       0x28 C:/nxp/MCUXpressoIDE_25.6.136/ide/plugins/com.nxp.mcuxpresso.tools.win32_25.6.0.202501151204/tools/bin/../lib/gcc/arm-none-eabi/14.2.1/thumb/v6-m/nofp\libcr_eabihelpers.a(float.o)
                0x0000910e                __aeabi_f2uiz
 .text.__bhs_ui2f
                0x00009136       0x60 C:/nxp/MCUXpressoIDE_25.6.136/ide/plugins/com.nxp.mcuxpresso.tools.win32_25.6.0.202501151204/tools/bin/../lib/gcc/arm-none-eabi/14.2.1/thumb/v6-m/nofp\libcr_eabihelpers.a(float.o)
                0x00009136                __bhs_ui2f
 .text.__aeabi_i2f
                0x00009196       0x18 C:/nxp/MCUXpressoIDE_25.6.136/ide/plugins/com.nxp.mcuxpresso.tools.win32_25.6.0.202501151204/tools/bin/../lib/gcc/arm-none-eabi/14.2.1/thumb/v6-m/nofp\libcr_eabihelpers.a(float.o)
                0x00009196                __aeabi_i2f
 .text.__aeabi_ui2f
                0x000091ae        0xc C:/nxp/MCUXpressoIDE_25.6.136/ide/plugins/com.nxp.mcuxpresso.tools.win32_25.6.0.202501151204/tools/bin/../lib/gcc/arm-none-eabi/14.2.1/thumb/v6-m/nofp\libcr_eabihelpers.a(float.o)
                0x000091ae                __aeabi_ui2f
 .text.__aeabi_fcmple
                0x000091ba       0x44 C:/nxp/MCUXpressoIDE_25.6.136/ide/plugins/com.nxp.mcuxpresso.tools.win32_25.6.0.202501151204/tools/bin/../lib/gcc/arm-none-eabi/14.2.1/thumb/v6-m/nofp\libcr_eabihelpers.a(float.o)
                0x000091ba                __aeabi_fcmple
 .text.__aeabi_llong_lmul
                0x000091fe       0x2e C:/nxp/MCUXpressoIDE_25.6.136/ide/plugins/com.nxp.mcuxpresso.tools.win32_25.6.0.202501151204/tools/bin/../lib/gcc/arm-none-eabi/14.2.1/thumb/v6-m/nofp\libcr_eabihelpers.a(llong.o)
                0x000091fe                __aeabi_lmul
 .text.__aeabi_memcpy
                0x0000922c       0x2c C:/nxp/MCUXpressoIDE_25.6.136/ide/plugins/com.nxp.mcuxpresso.tools.win32_25.6.0.202501151204/tools/bin/../lib/gcc/arm-none-eabi/14.2.1/thumb/v6-m/nofp\libcr_eabihelpers.a(memcpy.o)
                0x0000922c                __aeabi_memcpy4
                0x0000922c                __aeabi_memcpy8
                0x0000922c                __aeabi_memcpy
 .text.__aeabi_memset_lowlevel
                0x00009258       0x2a C:/nxp/MCUXpressoIDE_25.6.136/ide/plugins/com.nxp.mcuxpresso.tools.win32_25.6.0.202501151204/tools/bin/../lib/gcc/arm-none-eabi/14.2.1/thumb/v6-m/nofp\libcr_eabihelpers.a(memcpy.o)
                0x00009258                __aeabi_lowlevel_memset
 .text.__gnu_thumb1_case_uqi
                0x00009282       0x10 C:/nxp/MCUXpressoIDE_25.6.136/ide/plugins/com.nxp.mcuxpresso.tools.win32_25.6.0.202501151204/tools/bin/../lib/gcc/arm-none-eabi/14.2.1/thumb/v6-m/nofp\libcr_eabihelpers.a(thumb1_switch_helpers.o)
                0x00009282                __gnu_thumb1_case_uqi
 .text.__gnu_thumb1_case_shi
                0x00009292       0x10 C:/nxp/MCUXpressoIDE_25.6.136/ide/plugins/com.nxp.mcuxpresso.tools.win32_25.6.0.202501151204/tools/bin/../lib/gcc/arm-none-eabi/14.2.1/thumb/v6-m/nofp\libcr_eabihelpers.a(thumb1_switch_helpers.o)
                0x00009292                __gnu_thumb1_case_shi
 .text.__gnu_thumb1_case_uhi
                0x000092a2       0x10 C:/nxp/MCUXpressoIDE_25.6.136/ide/plugins/com.nxp.mcuxpresso.tools.win32_25.6.0.202501151204/tools/bin/../lib/gcc/arm-none-eabi/14.2.1/thumb/v6-m/nofp\libcr_eabihelpers.a(thumb1_switch_helpers.o)
                0x000092a2                __gnu_thumb1_case_uhi
 .text.__sys_appexit
                0x000092b2        0x2 C:/nxp/MCUXpressoIDE_25.6.136/ide/plugins/com.nxp.mcuxpresso.tools.win32_25.6.0.202501151204/tools/bin/../lib/gcc/arm-none-eabi/14.2.1/../../../../arm-none-eabi/lib/thumb/v6-m/nofp\libcr_nohost_nf.a(__sys_appexit.o)
                0x000092b2                __sys_appexit
                0x000092b2                __exit
 .text.__sys_close
                0x000092b4        0x6 C:/nxp/MCUXpressoIDE_25.6.136/ide/plugins/com.nxp.mcuxpresso.tools.win32_25.6.0.202501151204/tools/bin/../lib/gcc/arm-none-eabi/14.2.1/../../../../arm-none-eabi/lib/thumb/v6-m/nofp\libcr_nohost_nf.a(__sys_close.o)
                0x000092b4                __sys_close
 .text.__sys_flen
                0x000092ba        0x6 C:/nxp/MCUXpressoIDE_25.6.136/ide/plugins/com.nxp.mcuxpresso.tools.win32_25.6.0.202501151204/tools/bin/../lib/gcc/arm-none-eabi/14.2.1/../../../../arm-none-eabi/lib/thumb/v6-m/nofp\libcr_nohost_nf.a(__sys_flen.o)
                0x000092ba                __sys_flen
 .text.__sys_istty
                0x000092c0        0x6 C:/nxp/MCUXpressoIDE_25.6.136/ide/plugins/com.nxp.mcuxpresso.tools.win32_25.6.0.202501151204/tools/bin/../lib/gcc/arm-none-eabi/14.2.1/../../../../arm-none-eabi/lib/thumb/v6-m/nofp\libcr_nohost_nf.a(__sys_istty.o)
                0x000092c0                __sys_istty
 .text.__sys_read
                0x000092c6        0x4 C:/nxp/MCUXpressoIDE_25.6.136/ide/plugins/com.nxp.mcuxpresso.tools.win32_25.6.0.202501151204/tools/bin/../lib/gcc/arm-none-eabi/14.2.1/../../../../arm-none-eabi/lib/thumb/v6-m/nofp\libcr_nohost_nf.a(__sys_read.o)
                0x000092c6                __sys_read
 .text.__sys_remove
                0x000092ca        0x6 C:/nxp/MCUXpressoIDE_25.6.136/ide/plugins/com.nxp.mcuxpresso.tools.win32_25.6.0.202501151204/tools/bin/../lib/gcc/arm-none-eabi/14.2.1/../../../../arm-none-eabi/lib/thumb/v6-m/nofp\libcr_nohost_nf.a(__sys_remove.o)
                0x000092ca                __sys_remove
 .text.__sys_seek
                0x000092d0        0x6 C:/nxp/MCUXpressoIDE_25.6.136/ide/plugins/com.nxp.mcuxpresso.tools.win32_25.6.0.202501151204/tools/bin/../lib/gcc/arm-none-eabi/14.2.1/../../../../arm-none-eabi/lib/thumb/v6-m/nofp\libcr_nohost_nf.a(__sys_seek.o)
                0x000092d0                __sys_seek
 .text.__sys_tmpnam
                0x000092d6        0x6 C:/nxp/MCUXpressoIDE_25.6.136/ide/plugins/com.nxp.mcuxpresso.tools.win32_25.6.0.202501151204/tools/bin/../lib/gcc/arm-none-eabi/14.2.1/../../../../arm-none-eabi/lib/thumb/v6-m/nofp\libcr_nohost_nf.a(__sys_tmpnam.o)
                0x000092d6                __sys_tmpnam
 *freertos*/tasks.o(SORT_BY_ALIGNMENT(.rodata*))
 .rodata.uxTopUsedPriority
                0x000092dc        0x4 ./freertos/freertos-kernel/tasks.o
 .rodata.prvCreateIdleTasks.str1.4
                0x000092e0        0x5 ./freertos/freertos-kernel/tasks.o
 .rodata.xTaskGenericNotify
                0x000092e0       0x14 ./freertos/freertos-kernel/tasks.o
 .rodata.xTaskGenericNotifyFromISR
                0x000092f4       0x14 ./freertos/freertos-kernel/tasks.o
 *(SORT_BY_ALIGNMENT(.rodata) SORT_BY_ALIGNMENT(.rodata.*) SORT_BY_ALIGNMENT(.constdata) SORT_BY_ALIGNMENT(.constdata.*))
 .rodata.__assertion_failed.str1.4
                0x00009308      0x4c3 ./utilities/fsl_assert.o
                                 0x14 (size before relaxing)
 .rodata.UART_Bridge_StartTasks.str1.4
                0x000097cb       0x10 ./source/CG2271UART.o
 .rodata.UART_Bridge_SendSensorTelemetry.str1.4
                0x000097cb       0x1b ./source/CG2271UART.o
 .rodata.uart_receive_task.str1.4
                0x000097cb       0x11 ./source/CG2271UART.o
 .rodata.uart_request_task.str1.4
                0x000097cb        0x9 ./source/CG2271UART.o
 .rodata.handle_incoming_payload.str1.4
                0x000097cb       0x5b ./source/CG2271UART.o
 .rodata.main.str1.4
                0x000097cb       0x19 ./source/main.o
 *fill*         0x000097cb        0x1 ff
 .rodata.TUNE_HAPPY
                0x000097cc       0x28 ./source/music_library.o
                0x000097cc                TUNE_HAPPY
 .rodata.TUNE_SAD
                0x000097f4       0x1c ./source/music_library.o
                0x000097f4                TUNE_SAD
 .rodata.Sensor_Task.str1.4
                0x00009810       0x1f ./source/sensor.o
 .rodata.xTimerCreateTimerTask.str1.4
                0x00009810        0x8 ./freertos/freertos-kernel/timers.o
 .rodata.prvProcessReceivedCommands
                0x00009810       0x28 ./freertos/freertos-kernel/timers.o
 .rodata.prvCheckForValidListAndQueue.str1.4
                0x00009838        0x5 ./freertos/freertos-kernel/timers.o
 .rodata.CLOCK_GetOsc0ErClkFreq.str1.4
                0x00009838       0x1e ./drivers/fsl_clock.o
 .rodata.CLOCK_GetEr32kClkFreq.str1.4
                0x00009838       0x1f ./drivers/fsl_clock.o
 .rodata.CLOCK_GetFreq
                0x00009838       0x50 ./drivers/fsl_clock.o
 .rodata.CLOCK_GetOutClkFreq.str1.4
                0x00009888       0x1e ./drivers/fsl_clock.o
 .rodata.CLOCK_SetMcgliteConfig.str1.4
                0x00009888       0x1f ./drivers/fsl_clock.o
 .rodata.lircFreqs.0
                0x00009888        0x8 ./drivers/fsl_clock.o
 .rodata.SDK_DelayAtLeastUs.str1.4
                0x00009890       0x2b ./drivers/fsl_common_arm.o
 .rodata.s_lpuartBases
                0x00009890        0x8 ./drivers/fsl_lpuart.o
 .rodata.s_lpuartClock
                0x00009898        0x8 ./drivers/fsl_lpuart.o
 .rodata.LPUART_GetInstance.str1.4
                0x000098a0       0x38 ./drivers/fsl_lpuart.o
 .rodata.LPUART_Init.str1.4
                0x000098a0       0x51 ./drivers/fsl_lpuart.o
 .rodata.LPUART_GetDefaultConfig.str1.4
                0x000098a0       0x22 ./drivers/fsl_lpuart.o
 .rodata.LPUART_WriteBlocking.str1.4
                0x000098a0       0x21 ./drivers/fsl_lpuart.o
 .rodata.LPUART_ReadBlocking.str1.4
                0x000098a0       0x21 ./drivers/fsl_lpuart.o
 .rodata.s_LpuartAdapterBase
                0x000098a0        0x8 ./component/uart/fsl_adapter_lpuart.o
 .rodata.HAL_UartInit.str1.4
                0x000098a8      0x116 ./component/uart/fsl_adapter_lpuart.o
 .rodata.HAL_UartReceiveBlocking.str1.4
                0x000098a8       0x7b ./component/uart/fsl_adapter_lpuart.o
 .rodata.HAL_UartSendBlocking.str1.4
                0x000098a8       0x7b ./component/uart/fsl_adapter_lpuart.o
 .rodata.mcgliteConfig_BOARD_BootClockRUN
                0x000098a8        0x6 ./board/clock_config.o
                0x000098a8                mcgliteConfig_BOARD_BootClockRUN
 *fill*         0x000098ae        0x2 ff
 .rodata.simConfig_BOARD_BootClockRUN
                0x000098b0        0x8 ./board/clock_config.o
                0x000098b0                simConfig_BOARD_BootClockRUN
 .rodata.__num_Ciob_streams
                0x000098b8        0x4 C:/nxp/MCUXpressoIDE_25.6.136/ide/plugins/com.nxp.mcuxpresso.tools.win32_25.6.0.202501151204/tools/bin/../lib/gcc/arm-none-eabi/14.2.1/../../../../arm-none-eabi/lib/thumb/v6-m/nofp\libcr_nohost_nf.a(__ciob.o)
                0x000098b8                __num_Ciob_streams
 .rodata._Csys_alloc.str1.1
                0x000098bc       0x59 C:/nxp/MCUXpressoIDE_25.6.136/ide/plugins/com.nxp.mcuxpresso.tools.win32_25.6.0.202501151204/tools/bin/../lib/gcc/arm-none-eabi/14.2.1/../../../../arm-none-eabi/lib/thumb/v6-m/nofp\libcr_c.a(alloc.o)
                                 0x18 (size before relaxing)
 .rodata._initio.str1.1
                0x00009915        0x4 C:/nxp/MCUXpressoIDE_25.6.136/ide/plugins/com.nxp.mcuxpresso.tools.win32_25.6.0.202501151204/tools/bin/../lib/gcc/arm-none-eabi/14.2.1/../../../../arm-none-eabi/lib/thumb/v6-m/nofp\libcr_c.a(initio.o)
 .rodata.__vfprintf.str1.1
                0x00009915       0x38 C:/nxp/MCUXpressoIDE_25.6.136/ide/plugins/com.nxp.mcuxpresso.tools.win32_25.6.0.202501151204/tools/bin/../lib/gcc/arm-none-eabi/14.2.1/../../../../arm-none-eabi/lib/thumb/v6-m/nofp\libcr_c.a(printf.o)
 .rodata.strtod.str1.1
                0x00009915        0x6 C:/nxp/MCUXpressoIDE_25.6.136/ide/plugins/com.nxp.mcuxpresso.tools.win32_25.6.0.202501151204/tools/bin/../lib/gcc/arm-none-eabi/14.2.1/../../../../arm-none-eabi/lib/thumb/v6-m/nofp\libcr_c.a(scanf.o)
 .rodata.__ctype
                0x00009915      0x180 C:/nxp/MCUXpressoIDE_25.6.136/ide/plugins/com.nxp.mcuxpresso.tools.win32_25.6.0.202501151204/tools/bin/../lib/gcc/arm-none-eabi/14.2.1/../../../../arm-none-eabi/lib/thumb/v6-m/nofp\libcr_c.a(ctype.o)
                0x00009915                __ctype
                0x00009a98                        . = ALIGN (0x4)
 *fill*         0x00009a95        0x3 ff

.glue_7         0x00009a98        0x0
 .glue_7        0x00009a98        0x0 linker stubs

.glue_7t        0x00009a98        0x0
 .glue_7t       0x00009a98        0x0 linker stubs

.vfp11_veneer   0x00009a98        0x0
 .vfp11_veneer  0x00009a98        0x0 linker stubs

.v4_bx          0x00009a98        0x0
 .v4_bx         0x00009a98        0x0 linker stubs

.iplt           0x00009a98        0x0
 .iplt          0x00009a98        0x0 ./utilities/str/fsl_str.o

.rel.dyn        0x00009a98        0x0
 .rel.iplt      0x00009a98        0x0 ./utilities/str/fsl_str.o

.ARM.extab
 *(SORT_BY_ALIGNMENT(.ARM.extab*) SORT_BY_ALIGNMENT(.gnu.linkonce.armextab.*))

.ARM.exidx      0x00009a98        0x0
                0x00009a98                        __exidx_start = .
 *(SORT_BY_ALIGNMENT(.ARM.exidx*) SORT_BY_ALIGNMENT(.gnu.linkonce.armexidx.*))
                0x00009a98                        __exidx_end = .
                0x00009a98                        _etext = .

.mtb_buffer_default
                0x1fffe000       0x80
 *(SORT_BY_ALIGNMENT(.mtb*))
 .mtb.$RAM1     0x1fffe000       0x80 ./source/mtb.o
                0x1fffe000                __mtb_buffer__

.uninit_RESERVED
                0x1fffe080        0x0
                0x1fffe080                        _start_uninit_RESERVED = .
 *(SORT_BY_ALIGNMENT(.bss.$RESERVED*))
                0x1fffe080                        . = ALIGN (0x4)
                0x1fffe080                        _end_uninit_RESERVED = .

.data           0x1fffe080       0x10 load address 0x00009a98
 FILL mask 0xff
                0x1fffe080                        _data = .
                [!provide]                        PROVIDE (__start_data_RAM = .)
                [!provide]                        PROVIDE (__start_data_SRAM = .)
 *(SORT_BY_ALIGNMENT(vtable))
 *(SORT_BY_ALIGNMENT(.ramfunc*))
 *(SORT_BY_ALIGNMENT(CodeQuickAccess))
 *(SORT_BY_ALIGNMENT(DataQuickAccess))
 *(SORT_BY_ALIGNMENT(RamFunction))
 *(SORT_BY_ALIGNMENT(.data*))
 .data.ulCriticalNesting
                0x1fffe080        0x4 ./freertos/freertos-kernel/portable/GCC/ARM_CM0/port.o
 .data.SystemCoreClock
                0x1fffe084        0x4 ./device/system_MCXC444.o
                0x1fffe084                SystemCoreClock
 .data.neginf.0
                0x1fffe088        0x4 C:/nxp/MCUXpressoIDE_25.6.136/ide/plugins/com.nxp.mcuxpresso.tools.win32_25.6.0.202501151204/tools/bin/../lib/gcc/arm-none-eabi/14.2.1/../../../../arm-none-eabi/lib/thumb/v6-m/nofp\libcr_c.a(scanf.o)
 .data.posinf.1
                0x1fffe08c        0x4 C:/nxp/MCUXpressoIDE_25.6.136/ide/plugins/com.nxp.mcuxpresso.tools.win32_25.6.0.202501151204/tools/bin/../lib/gcc/arm-none-eabi/14.2.1/../../../../arm-none-eabi/lib/thumb/v6-m/nofp\libcr_c.a(scanf.o)
                0x1fffe090                        . = ALIGN (0x4)
                0x1fffe090                        _edata = .
                [!provide]                        PROVIDE (__end_data_RAM = .)
                [!provide]                        PROVIDE (__end_data_SRAM = .)

.igot.plt       0x1fffe090        0x0 load address 0x00009aa8
 .igot.plt      0x1fffe090        0x0 ./utilities/str/fsl_str.o

.bss            0x1fffe090     0x2b3c
                0x1fffe090                        _bss = .
                [!provide]                        PROVIDE (__start_bss_RAM = .)
                [!provide]                        PROVIDE (__start_bss_SRAM = .)
 *(SORT_BY_ALIGNMENT(.bss*))
 .bss.s_debugConsoleState
                0x1fffe090       0x20 ./utilities/debug_console/fsl_debug_console.o
 .bss.g_serialHandle
                0x1fffe0b0        0x4 ./utilities/debug_console/fsl_debug_console.o
                0x1fffe0b0                g_serialHandle
 .bss.rxQueue   0x1fffe0b4        0x4 ./source/CG2271UART.o
 .bss.txMutex   0x1fffe0b8        0x4 ./source/CG2271UART.o
 .bss.gSensorData
                0x1fffe0bc        0x4 ./source/CG2271UART.o
 .bss.gSensorDataMutex
                0x1fffe0c0        0x4 ./source/CG2271UART.o
 .bss.recv_index.1
                0x1fffe0c4        0x4 ./source/CG2271UART.o
 .bss.recv_buffer.0
                0x1fffe0c8       0x80 ./source/CG2271UART.o
 .bss.gSensorData.0
                0x1fffe148       0x10 ./source/main.o
 .bss.xWaterLevelSemaphore
                0x1fffe158        0x4 ./source/sensor.o
 .bss.xSensorDataMutex
                0x1fffe15c        0x4 ./source/sensor.o
 .bss.gSensorData
                0x1fffe160        0x4 ./source/sensor.o
 .bss.gLatestWaterLevel
                0x1fffe164        0x4 ./source/sensor.o
 .bss.ucHeap    0x1fffe168     0x2800 ./freertos/freertos-kernel/portable/MemMang/heap_1.o
 .bss.xNextFreeByte
                0x20000968        0x4 ./freertos/freertos-kernel/portable/MemMang/heap_1.o
 .bss.pucAlignedHeap.0
                0x2000096c        0x4 ./freertos/freertos-kernel/portable/MemMang/heap_1.o
 .bss.xQueueRegistry
                0x20000970       0x40 ./freertos/freertos-kernel/queue.o
                0x20000970                xQueueRegistry
 .bss.pxCurrentTCB
                0x200009b0        0x4 ./freertos/freertos-kernel/tasks.o
                0x200009b0                pxCurrentTCB
 .bss.pxReadyTasksLists
                0x200009b4       0x64 ./freertos/freertos-kernel/tasks.o
 .bss.xDelayedTaskList1
                0x20000a18       0x14 ./freertos/freertos-kernel/tasks.o
 .bss.xDelayedTaskList2
                0x20000a2c       0x14 ./freertos/freertos-kernel/tasks.o
 .bss.pxDelayedTaskList
                0x20000a40        0x4 ./freertos/freertos-kernel/tasks.o
 .bss.pxOverflowDelayedTaskList
                0x20000a44        0x4 ./freertos/freertos-kernel/tasks.o
 .bss.xPendingReadyList
                0x20000a48       0x14 ./freertos/freertos-kernel/tasks.o
 .bss.xTasksWaitingTermination
                0x20000a5c       0x14 ./freertos/freertos-kernel/tasks.o
 .bss.uxDeletedTasksWaitingCleanUp
                0x20000a70        0x4 ./freertos/freertos-kernel/tasks.o
 .bss.xSuspendedTaskList
                0x20000a74       0x14 ./freertos/freertos-kernel/tasks.o
 .bss.uxCurrentNumberOfTasks
                0x20000a88        0x4 ./freertos/freertos-kernel/tasks.o
 .bss.xTickCount
                0x20000a8c        0x4 ./freertos/freertos-kernel/tasks.o
 .bss.uxTopReadyPriority
                0x20000a90        0x4 ./freertos/freertos-kernel/tasks.o
 .bss.xSchedulerRunning
                0x20000a94        0x4 ./freertos/freertos-kernel/tasks.o
 .bss.xPendedTicks
                0x20000a98        0x4 ./freertos/freertos-kernel/tasks.o
 .bss.xYieldPendings
                0x20000a9c        0x4 ./freertos/freertos-kernel/tasks.o
 .bss.xNumOfOverflows
                0x20000aa0        0x4 ./freertos/freertos-kernel/tasks.o
 .bss.uxTaskNumber
                0x20000aa4        0x4 ./freertos/freertos-kernel/tasks.o
 .bss.xNextTaskUnblockTime
                0x20000aa8        0x4 ./freertos/freertos-kernel/tasks.o
 .bss.xIdleTaskHandles
                0x20000aac        0x4 ./freertos/freertos-kernel/tasks.o
 .bss.uxSchedulerSuspended
                0x20000ab0        0x4 ./freertos/freertos-kernel/tasks.o
 .bss.xActiveTimerList1
                0x20000ab4       0x14 ./freertos/freertos-kernel/timers.o
 .bss.xActiveTimerList2
                0x20000ac8       0x14 ./freertos/freertos-kernel/timers.o
 .bss.pxCurrentTimerList
                0x20000adc        0x4 ./freertos/freertos-kernel/timers.o
 .bss.pxOverflowTimerList
                0x20000ae0        0x4 ./freertos/freertos-kernel/timers.o
 .bss.xTimerQueue
                0x20000ae4        0x4 ./freertos/freertos-kernel/timers.o
 .bss.xTimerTaskHandle
                0x20000ae8        0x4 ./freertos/freertos-kernel/timers.o
 .bss.xLastTime.0
                0x20000aec        0x4 ./freertos/freertos-kernel/timers.o
 .bss.g_xtal0Freq
                0x20000af0        0x4 ./drivers/fsl_clock.o
                0x20000af0                g_xtal0Freq
 .bss.g_xtal32Freq
                0x20000af4        0x4 ./drivers/fsl_clock.o
                0x20000af4                g_xtal32Freq
 .bss.s_lpuartHandle
                0x20000af8        0x8 ./drivers/fsl_lpuart.o
                0x20000af8                s_lpuartHandle
 .bss.s_lpuartIsr
                0x20000b00        0x8 ./drivers/fsl_lpuart.o
                0x20000b00                s_lpuartIsr
 .bss.errno     0x20000b08        0x4 C:/nxp/MCUXpressoIDE_25.6.136/ide/plugins/com.nxp.mcuxpresso.tools.win32_25.6.0.202501151204/tools/bin/../lib/gcc/arm-none-eabi/14.2.1/../../../../arm-none-eabi/lib/thumb/v6-m/nofp\libcr_c.a(errno.o)
                0x20000b08                errno
 .bss.__end_of_heap
                0x20000b0c        0x4 C:/nxp/MCUXpressoIDE_25.6.136/ide/plugins/com.nxp.mcuxpresso.tools.win32_25.6.0.202501151204/tools/bin/../lib/gcc/arm-none-eabi/14.2.1/../../../../arm-none-eabi/lib/thumb/v6-m/nofp\libcr_c.a(__init_alloc.o)
                0x20000b0c                __end_of_heap
 .bss.__heaps   0x20000b10        0x4 C:/nxp/MCUXpressoIDE_25.6.136/ide/plugins/com.nxp.mcuxpresso.tools.win32_25.6.0.202501151204/tools/bin/../lib/gcc/arm-none-eabi/14.2.1/../../../../arm-none-eabi/lib/thumb/v6-m/nofp\libcr_c.a(__init_alloc.o)
                0x20000b10                __heaps
 .bss.__Ciob    0x20000b14       0xb4 C:/nxp/MCUXpressoIDE_25.6.136/ide/plugins/com.nxp.mcuxpresso.tools.win32_25.6.0.202501151204/tools/bin/../lib/gcc/arm-none-eabi/14.2.1/../../../../arm-none-eabi/lib/thumb/v6-m/nofp\libcr_nohost_nf.a(__ciob.o)
                0x20000b14                __Ciob
 .bss.s_debugConsoleReadWaitSemaphore
                0x20000bc8        0x1 ./utilities/debug_console/fsl_debug_console.o
 *(SORT_BY_ALIGNMENT(COMMON))
                0x20000bcc                        . = ALIGN (0x4)
 *fill*         0x20000bc9        0x3 
                0x20000bcc                        _ebss = .
                [!provide]                        PROVIDE (__end_bss_RAM = .)
                [!provide]                        PROVIDE (__end_bss_SRAM = .)
                [!provide]                        PROVIDE (end = .)

.noinit         0x20000bcc        0x0
                0x20000bcc                        _noinit = .
                [!provide]                        PROVIDE (__start_noinit_RAM = .)
                [!provide]                        PROVIDE (__start_noinit_SRAM = .)
 *(SORT_BY_ALIGNMENT(.noinit*))
                0x20000bcc                        . = ALIGN (0x4)
                0x20000bcc                        _end_noinit = .
                [!provide]                        PROVIDE (__end_noinit_RAM = .)
                [!provide]                        PROVIDE (__end_noinit_SRAM = .)
                0x00000800                        _HeapSize = 0x800

.heap           0x20000bcc      0x800
                0x20000bcc                        _pvHeapStart = .
                0x200013cc                        . = (. + _HeapSize)
 *fill*         0x20000bcc      0x800 
                0x200013cc                        . = ALIGN (0x4)
                0x200013cc                        _pvHeapLimit = .
                0x00000800                        _StackSize = 0x800

.heap2stackfill
                0x200013cc      0x800
                0x20001bcc                        . = (. + _StackSize)
 *fill*         0x200013cc      0x800 

.stack          0x20005800        0x0
                0x20005800                        _vStackBase = .
                0x20005800                        . = ALIGN (0x4)
                0x20006000                        _vStackTop = (. + _StackSize)
                0x00000000                        _image_start = LOADADDR (.text)
                0x00009aa8                        _image_end = (LOADADDR (.data) + SIZEOF (.data))
                0x00009aa8                        _image_size = (_image_end - _image_start)
OUTPUT(GP.axf elf32-littlearm)
LOAD linker stubs

.debug_info     0x00000000    0x1b1e5
 .debug_info    0x00000000      0xd5e ./utilities/str/fsl_str.o
 .debug_info    0x00000d5e      0xecf ./utilities/debug_console/fsl_debug_console.o
 .debug_info    0x00001c2d      0x135 ./utilities/fsl_assert.o
 .debug_info    0x00001d62      0x686 ./startup/startup_mcxc444.o
 .debug_info    0x000023e8     0x1268 ./source/CG2271UART.o
 .debug_info    0x00003650      0x63e ./source/actuator_driver.o
 .debug_info    0x00003c8e      0x2c6 ./source/main.o
 .debug_info    0x00003f54       0x53 ./source/mtb.o
 .debug_info    0x00003fa7      0x247 ./source/music_library.o
 .debug_info    0x000041ee       0x3c ./source/semihost_hardfault.o
 .debug_info    0x0000422a     0x108b ./source/sensor.o
 .debug_info    0x000052b5      0x1a7 ./freertos/freertos-kernel/portable/MemMang/heap_1.o
 .debug_info    0x0000545c      0x335 ./freertos/freertos-kernel/portable/GCC/ARM_CM0/port.o
 .debug_info    0x00005791      0x150 ./freertos/freertos-kernel/portable/GCC/ARM_CM0/portasm.o
 .debug_info    0x000058e1      0x2b9 ./freertos/freertos-kernel/list.o
 .debug_info    0x00005b9a     0x13b2 ./freertos/freertos-kernel/queue.o
 .debug_info    0x00006f4c     0x225e ./freertos/freertos-kernel/tasks.o
 .debug_info    0x000091aa      0xf5d ./freertos/freertos-kernel/timers.o
 .debug_info    0x0000a107     0x138b ./drivers/fsl_clock.o
 .debug_info    0x0000b492      0x114 ./drivers/fsl_common_arm.o
 .debug_info    0x0000b5a6     0x1f47 ./drivers/fsl_lpuart.o
 .debug_info    0x0000d4ed      0x42a ./device/system_MCXC444.o
 .debug_info    0x0000d917      0xb14 ./component/uart/fsl_adapter_lpuart.o
 .debug_info    0x0000e42b      0xdcc ./component/serial_manager/fsl_component_serial_manager.o
 .debug_info    0x0000f1f7      0x558 ./component/serial_manager/fsl_component_serial_port_uart.o
 .debug_info    0x0000f74f      0x411 ./board/board.o
 .debug_info    0x0000fb60      0xa90 ./board/clock_config.o
 .debug_info    0x000105f0       0x9b ./board/peripherals.o
 .debug_info    0x0001068b      0x589 ./board/pin_mux.o
 .debug_info    0x00010c14       0x85 C:/nxp/MCUXpressoIDE_25.6.136/ide/plugins/com.nxp.mcuxpresso.tools.win32_25.6.0.202501151204/tools/bin/../lib/gcc/arm-none-eabi/14.2.1/../../../../arm-none-eabi/lib/thumb/v6-m/nofp\libcr_nohost_nf.a(_cr__main.o)
 .debug_info    0x00010c99      0x12b C:/nxp/MCUXpressoIDE_25.6.136/ide/plugins/com.nxp.mcuxpresso.tools.win32_25.6.0.202501151204/tools/bin/../lib/gcc/arm-none-eabi/14.2.1/../../../../arm-none-eabi/lib/thumb/v6-m/nofp\libcr_c.a(memcpy.o)
 .debug_info    0x00010dc4       0xfc C:/nxp/MCUXpressoIDE_25.6.136/ide/plugins/com.nxp.mcuxpresso.tools.win32_25.6.0.202501151204/tools/bin/../lib/gcc/arm-none-eabi/14.2.1/../../../../arm-none-eabi/lib/thumb/v6-m/nofp\libcr_c.a(memset.o)
 .debug_info    0x00010ec0      0x526 C:/nxp/MCUXpressoIDE_25.6.136/ide/plugins/com.nxp.mcuxpresso.tools.win32_25.6.0.202501151204/tools/bin/../lib/gcc/arm-none-eabi/14.2.1/../../../../arm-none-eabi/lib/thumb/v6-m/nofp\libcr_c.a(alloc.o)
 .debug_info    0x000113e6       0x44 C:/nxp/MCUXpressoIDE_25.6.136/ide/plugins/com.nxp.mcuxpresso.tools.win32_25.6.0.202501151204/tools/bin/../lib/gcc/arm-none-eabi/14.2.1/../../../../arm-none-eabi/lib/thumb/v6-m/nofp\libcr_c.a(errno.o)
 .debug_info    0x0001142a      0x353 C:/nxp/MCUXpressoIDE_25.6.136/ide/plugins/com.nxp.mcuxpresso.tools.win32_25.6.0.202501151204/tools/bin/../lib/gcc/arm-none-eabi/14.2.1/../../../../arm-none-eabi/lib/thumb/v6-m/nofp\libcr_c.a(initio.o)
 .debug_info    0x0001177d     0x12d8 C:/nxp/MCUXpressoIDE_25.6.136/ide/plugins/com.nxp.mcuxpresso.tools.win32_25.6.0.202501151204/tools/bin/../lib/gcc/arm-none-eabi/14.2.1/../../../../arm-none-eabi/lib/thumb/v6-m/nofp\libcr_c.a(printf.o)
 .debug_info    0x00012a55     0x1a16 C:/nxp/MCUXpressoIDE_25.6.136/ide/plugins/com.nxp.mcuxpresso.tools.win32_25.6.0.202501151204/tools/bin/../lib/gcc/arm-none-eabi/14.2.1/../../../../arm-none-eabi/lib/thumb/v6-m/nofp\libcr_c.a(scanf.o)
 .debug_info    0x0001446b      0x1fd C:/nxp/MCUXpressoIDE_25.6.136/ide/plugins/com.nxp.mcuxpresso.tools.win32_25.6.0.202501151204/tools/bin/../lib/gcc/arm-none-eabi/14.2.1/../../../../arm-none-eabi/lib/thumb/v6-m/nofp\libcr_c.a(setvbuf.o)
 .debug_info    0x00014668       0xa8 C:/nxp/MCUXpressoIDE_25.6.136/ide/plugins/com.nxp.mcuxpresso.tools.win32_25.6.0.202501151204/tools/bin/../lib/gcc/arm-none-eabi/14.2.1/../../../../arm-none-eabi/lib/thumb/v6-m/nofp\libcr_c.a(strchr.o)
 .debug_info    0x00014710       0xdd C:/nxp/MCUXpressoIDE_25.6.136/ide/plugins/com.nxp.mcuxpresso.tools.win32_25.6.0.202501151204/tools/bin/../lib/gcc/arm-none-eabi/14.2.1/../../../../arm-none-eabi/lib/thumb/v6-m/nofp\libcr_c.a(strlen.o)
 .debug_info    0x000147ed       0xfe C:/nxp/MCUXpressoIDE_25.6.136/ide/plugins/com.nxp.mcuxpresso.tools.win32_25.6.0.202501151204/tools/bin/../lib/gcc/arm-none-eabi/14.2.1/../../../../arm-none-eabi/lib/thumb/v6-m/nofp\libcr_c.a(strncpy.o)
 .debug_info    0x000148eb       0xac C:/nxp/MCUXpressoIDE_25.6.136/ide/plugins/com.nxp.mcuxpresso.tools.win32_25.6.0.202501151204/tools/bin/../lib/gcc/arm-none-eabi/14.2.1/../../../../arm-none-eabi/lib/thumb/v6-m/nofp\libcr_c.a(strstr.o)
 .debug_info    0x00014997      0x192 C:/nxp/MCUXpressoIDE_25.6.136/ide/plugins/com.nxp.mcuxpresso.tools.win32_25.6.0.202501151204/tools/bin/../lib/gcc/arm-none-eabi/14.2.1/../../../../arm-none-eabi/lib/thumb/v6-m/nofp\libcr_c.a(ungetc.o)
 .debug_info    0x00014b29      0x460 C:/nxp/MCUXpressoIDE_25.6.136/ide/plugins/com.nxp.mcuxpresso.tools.win32_25.6.0.202501151204/tools/bin/../lib/gcc/arm-none-eabi/14.2.1/../../../../arm-none-eabi/lib/thumb/v6-m/nofp\libcr_c.a(__fillbuf.o)
 .debug_info    0x00014f89       0xd4 C:/nxp/MCUXpressoIDE_25.6.136/ide/plugins/com.nxp.mcuxpresso.tools.win32_25.6.0.202501151204/tools/bin/../lib/gcc/arm-none-eabi/14.2.1/../../../../arm-none-eabi/lib/thumb/v6-m/nofp\libcr_c.a(__init_alloc.o)
 .debug_info    0x0001505d      0x107 C:/nxp/MCUXpressoIDE_25.6.136/ide/plugins/com.nxp.mcuxpresso.tools.win32_25.6.0.202501151204/tools/bin/../lib/gcc/arm-none-eabi/14.2.1/../../../../arm-none-eabi/lib/thumb/v6-m/nofp\libcr_c.a(_cr_sbrk.o)
 .debug_info    0x00015164      0x391 C:/nxp/MCUXpressoIDE_25.6.136/ide/plugins/com.nxp.mcuxpresso.tools.win32_25.6.0.202501151204/tools/bin/../lib/gcc/arm-none-eabi/14.2.1/../../../../arm-none-eabi/lib/thumb/v6-m/nofp\libcr_c.a(_deferredlazyseek.o)
 .debug_info    0x000154f5      0x24b C:/nxp/MCUXpressoIDE_25.6.136/ide/plugins/com.nxp.mcuxpresso.tools.win32_25.6.0.202501151204/tools/bin/../lib/gcc/arm-none-eabi/14.2.1/../../../../arm-none-eabi/lib/thumb/v6-m/nofp\libcr_c.a(_fdopen.o)
 .debug_info    0x00015740      0x1ea C:/nxp/MCUXpressoIDE_25.6.136/ide/plugins/com.nxp.mcuxpresso.tools.win32_25.6.0.202501151204/tools/bin/../lib/gcc/arm-none-eabi/14.2.1/../../../../arm-none-eabi/lib/thumb/v6-m/nofp\libcr_c.a(_fflush.o)
 .debug_info    0x0001592a      0x15e C:/nxp/MCUXpressoIDE_25.6.136/ide/plugins/com.nxp.mcuxpresso.tools.win32_25.6.0.202501151204/tools/bin/../lib/gcc/arm-none-eabi/14.2.1/../../../../arm-none-eabi/lib/thumb/v6-m/nofp\libcr_c.a(_frexpl.o)
 .debug_info    0x00015a88      0x14d C:/nxp/MCUXpressoIDE_25.6.136/ide/plugins/com.nxp.mcuxpresso.tools.win32_25.6.0.202501151204/tools/bin/../lib/gcc/arm-none-eabi/14.2.1/../../../../arm-none-eabi/lib/thumb/v6-m/nofp\libcr_c.a(_ldexpl.o)
 .debug_info    0x00015bd5      0x28a C:/nxp/MCUXpressoIDE_25.6.136/ide/plugins/com.nxp.mcuxpresso.tools.win32_25.6.0.202501151204/tools/bin/../lib/gcc/arm-none-eabi/14.2.1/../../../../arm-none-eabi/lib/thumb/v6-m/nofp\libcr_c.a(_writebuf.o)
 .debug_info    0x00015e5f      0x2f8 C:/nxp/MCUXpressoIDE_25.6.136/ide/plugins/com.nxp.mcuxpresso.tools.win32_25.6.0.202501151204/tools/bin/../lib/gcc/arm-none-eabi/14.2.1/../../../../arm-none-eabi/lib/thumb/v6-m/nofp\libcr_c.a(ctype.o)
 .debug_info    0x00016157      0x325 C:/nxp/MCUXpressoIDE_25.6.136/ide/plugins/com.nxp.mcuxpresso.tools.win32_25.6.0.202501151204/tools/bin/../lib/gcc/arm-none-eabi/14.2.1/../../../../arm-none-eabi/lib/thumb/v6-m/nofp\libcr_c.a(fclose.o)
 .debug_info    0x0001647c      0x210 C:/nxp/MCUXpressoIDE_25.6.136/ide/plugins/com.nxp.mcuxpresso.tools.win32_25.6.0.202501151204/tools/bin/../lib/gcc/arm-none-eabi/14.2.1/../../../../arm-none-eabi/lib/thumb/v6-m/nofp\libcr_c.a(fflush.o)
 .debug_info    0x0001668c      0x27f C:/nxp/MCUXpressoIDE_25.6.136/ide/plugins/com.nxp.mcuxpresso.tools.win32_25.6.0.202501151204/tools/bin/../lib/gcc/arm-none-eabi/14.2.1/../../../../arm-none-eabi/lib/thumb/v6-m/nofp\libcr_c.a(fseek.o)
 .debug_info    0x0001690b      0x197 C:/nxp/MCUXpressoIDE_25.6.136/ide/plugins/com.nxp.mcuxpresso.tools.win32_25.6.0.202501151204/tools/bin/../lib/gcc/arm-none-eabi/14.2.1/../../../../arm-none-eabi/lib/thumb/v6-m/nofp\libcr_c.a(ftell.o)
 .debug_info    0x00016aa2      0x1d0 C:/nxp/MCUXpressoIDE_25.6.136/ide/plugins/com.nxp.mcuxpresso.tools.win32_25.6.0.202501151204/tools/bin/../lib/gcc/arm-none-eabi/14.2.1/../../../../arm-none-eabi/lib/thumb/v6-m/nofp\libcr_c.a(remove.o)
 .debug_info    0x00016c72       0x71 C:/nxp/MCUXpressoIDE_25.6.136/ide/plugins/com.nxp.mcuxpresso.tools.win32_25.6.0.202501151204/tools/bin/../lib/gcc/arm-none-eabi/14.2.1/../../../../arm-none-eabi/lib/thumb/v6-m/nofp\libcr_c.a(_cr_check_heap.o)
 .debug_info    0x00016ce3      0x241 C:/nxp/MCUXpressoIDE_25.6.136/ide/plugins/com.nxp.mcuxpresso.tools.win32_25.6.0.202501151204/tools/bin/../lib/gcc/arm-none-eabi/14.2.1/../../../../arm-none-eabi/lib/thumb/v6-m/nofp\libcr_c.a(_do_fflush.o)
 .debug_info    0x00016f24     0x221f C:/nxp/MCUXpressoIDE_25.6.136/ide/plugins/com.nxp.mcuxpresso.tools.win32_25.6.0.202501151204/tools/bin/../lib/gcc/arm-none-eabi/14.2.1/thumb/v6-m/nofp\libcr_eabihelpers.a(double.o)
 .debug_info    0x00019143     0x1b79 C:/nxp/MCUXpressoIDE_25.6.136/ide/plugins/com.nxp.mcuxpresso.tools.win32_25.6.0.202501151204/tools/bin/../lib/gcc/arm-none-eabi/14.2.1/thumb/v6-m/nofp\libcr_eabihelpers.a(float.o)
 .debug_info    0x0001acbc      0x18b C:/nxp/MCUXpressoIDE_25.6.136/ide/plugins/com.nxp.mcuxpresso.tools.win32_25.6.0.202501151204/tools/bin/../lib/gcc/arm-none-eabi/14.2.1/../../../../arm-none-eabi/lib/thumb/v6-m/nofp\libcr_nohost_nf.a(__ciob.o)
 .debug_info    0x0001ae47       0x38 C:/nxp/MCUXpressoIDE_25.6.136/ide/plugins/com.nxp.mcuxpresso.tools.win32_25.6.0.202501151204/tools/bin/../lib/gcc/arm-none-eabi/14.2.1/../../../../arm-none-eabi/lib/thumb/v6-m/nofp\libcr_nohost_nf.a(__sys_appexit.o)
 .debug_info    0x0001ae7f       0x6a C:/nxp/MCUXpressoIDE_25.6.136/ide/plugins/com.nxp.mcuxpresso.tools.win32_25.6.0.202501151204/tools/bin/../lib/gcc/arm-none-eabi/14.2.1/../../../../arm-none-eabi/lib/thumb/v6-m/nofp\libcr_nohost_nf.a(__sys_close.o)
 .debug_info    0x0001aee9       0x6a C:/nxp/MCUXpressoIDE_25.6.136/ide/plugins/com.nxp.mcuxpresso.tools.win32_25.6.0.202501151204/tools/bin/../lib/gcc/arm-none-eabi/14.2.1/../../../../arm-none-eabi/lib/thumb/v6-m/nofp\libcr_nohost_nf.a(__sys_flen.o)
 .debug_info    0x0001af53       0x6a C:/nxp/MCUXpressoIDE_25.6.136/ide/plugins/com.nxp.mcuxpresso.tools.win32_25.6.0.202501151204/tools/bin/../lib/gcc/arm-none-eabi/14.2.1/../../../../arm-none-eabi/lib/thumb/v6-m/nofp\libcr_nohost_nf.a(__sys_istty.o)
 .debug_info    0x0001afbd       0x93 C:/nxp/MCUXpressoIDE_25.6.136/ide/plugins/com.nxp.mcuxpresso.tools.win32_25.6.0.202501151204/tools/bin/../lib/gcc/arm-none-eabi/14.2.1/../../../../arm-none-eabi/lib/thumb/v6-m/nofp\libcr_nohost_nf.a(__sys_read.o)
 .debug_info    0x0001b050       0x8a C:/nxp/MCUXpressoIDE_25.6.136/ide/plugins/com.nxp.mcuxpresso.tools.win32_25.6.0.202501151204/tools/bin/../lib/gcc/arm-none-eabi/14.2.1/../../../../arm-none-eabi/lib/thumb/v6-m/nofp\libcr_nohost_nf.a(__sys_remove.o)
 .debug_info    0x0001b0da       0x78 C:/nxp/MCUXpressoIDE_25.6.136/ide/plugins/com.nxp.mcuxpresso.tools.win32_25.6.0.202501151204/tools/bin/../lib/gcc/arm-none-eabi/14.2.1/../../../../arm-none-eabi/lib/thumb/v6-m/nofp\libcr_nohost_nf.a(__sys_seek.o)
 .debug_info    0x0001b152       0x93 C:/nxp/MCUXpressoIDE_25.6.136/ide/plugins/com.nxp.mcuxpresso.tools.win32_25.6.0.202501151204/tools/bin/../lib/gcc/arm-none-eabi/14.2.1/../../../../arm-none-eabi/lib/thumb/v6-m/nofp\libcr_nohost_nf.a(__sys_tmpnam.o)

.debug_abbrev   0x00000000     0x6270
 .debug_abbrev  0x00000000      0x270 ./utilities/str/fsl_str.o
 .debug_abbrev  0x00000270      0x28e ./utilities/debug_console/fsl_debug_console.o
 .debug_abbrev  0x000004fe       0xbd ./utilities/fsl_assert.o
 .debug_abbrev  0x000005bb      0x1a7 ./startup/startup_mcxc444.o
 .debug_abbrev  0x00000762      0x358 ./source/CG2271UART.o
 .debug_abbrev  0x00000aba      0x1f5 ./source/actuator_driver.o
 .debug_abbrev  0x00000caf      0x10b ./source/main.o
 .debug_abbrev  0x00000dba       0x46 ./source/mtb.o
 .debug_abbrev  0x00000e00      0x161 ./source/music_library.o
 .debug_abbrev  0x00000f61       0x31 ./source/semihost_hardfault.o
 .debug_abbrev  0x00000f92      0x2f5 ./source/sensor.o
 .debug_abbrev  0x00001287      0x127 ./freertos/freertos-kernel/portable/MemMang/heap_1.o
 .debug_abbrev  0x000013ae      0x1ba ./freertos/freertos-kernel/portable/GCC/ARM_CM0/port.o
 .debug_abbrev  0x00001568       0xb9 ./freertos/freertos-kernel/portable/GCC/ARM_CM0/portasm.o
 .debug_abbrev  0x00001621       0xeb ./freertos/freertos-kernel/list.o
 .debug_abbrev  0x0000170c      0x2bd ./freertos/freertos-kernel/queue.o
 .debug_abbrev  0x000019c9      0x30f ./freertos/freertos-kernel/tasks.o
 .debug_abbrev  0x00001cd8      0x2c1 ./freertos/freertos-kernel/timers.o
 .debug_abbrev  0x00001f99      0x2e0 ./drivers/fsl_clock.o
 .debug_abbrev  0x00002279       0xba ./drivers/fsl_common_arm.o
 .debug_abbrev  0x00002333      0x422 ./drivers/fsl_lpuart.o
 .debug_abbrev  0x00002755      0x139 ./device/system_MCXC444.o
 .debug_abbrev  0x0000288e      0x1e7 ./component/uart/fsl_adapter_lpuart.o
 .debug_abbrev  0x00002a75      0x2be ./component/serial_manager/fsl_component_serial_manager.o
 .debug_abbrev  0x00002d33      0x18c ./component/serial_manager/fsl_component_serial_port_uart.o
 .debug_abbrev  0x00002ebf      0x163 ./board/board.o
 .debug_abbrev  0x00003022      0x1e0 ./board/clock_config.o
 .debug_abbrev  0x00003202       0x61 ./board/peripherals.o
 .debug_abbrev  0x00003263      0x1a3 ./board/pin_mux.o
 .debug_abbrev  0x00003406       0x62 C:/nxp/MCUXpressoIDE_25.6.136/ide/plugins/com.nxp.mcuxpresso.tools.win32_25.6.0.202501151204/tools/bin/../lib/gcc/arm-none-eabi/14.2.1/../../../../arm-none-eabi/lib/thumb/v6-m/nofp\libcr_nohost_nf.a(_cr__main.o)
 .debug_abbrev  0x00003468       0xb3 C:/nxp/MCUXpressoIDE_25.6.136/ide/plugins/com.nxp.mcuxpresso.tools.win32_25.6.0.202501151204/tools/bin/../lib/gcc/arm-none-eabi/14.2.1/../../../../arm-none-eabi/lib/thumb/v6-m/nofp\libcr_c.a(memcpy.o)
 .debug_abbrev  0x0000351b       0xa5 C:/nxp/MCUXpressoIDE_25.6.136/ide/plugins/com.nxp.mcuxpresso.tools.win32_25.6.0.202501151204/tools/bin/../lib/gcc/arm-none-eabi/14.2.1/../../../../arm-none-eabi/lib/thumb/v6-m/nofp\libcr_c.a(memset.o)
 .debug_abbrev  0x000035c0      0x27b C:/nxp/MCUXpressoIDE_25.6.136/ide/plugins/com.nxp.mcuxpresso.tools.win32_25.6.0.202501151204/tools/bin/../lib/gcc/arm-none-eabi/14.2.1/../../../../arm-none-eabi/lib/thumb/v6-m/nofp\libcr_c.a(alloc.o)
 .debug_abbrev  0x0000383b       0x44 C:/nxp/MCUXpressoIDE_25.6.136/ide/plugins/com.nxp.mcuxpresso.tools.win32_25.6.0.202501151204/tools/bin/../lib/gcc/arm-none-eabi/14.2.1/../../../../arm-none-eabi/lib/thumb/v6-m/nofp\libcr_c.a(errno.o)
 .debug_abbrev  0x0000387f      0x14b C:/nxp/MCUXpressoIDE_25.6.136/ide/plugins/com.nxp.mcuxpresso.tools.win32_25.6.0.202501151204/tools/bin/../lib/gcc/arm-none-eabi/14.2.1/../../../../arm-none-eabi/lib/thumb/v6-m/nofp\libcr_c.a(initio.o)
 .debug_abbrev  0x000039ca      0x3af C:/nxp/MCUXpressoIDE_25.6.136/ide/plugins/com.nxp.mcuxpresso.tools.win32_25.6.0.202501151204/tools/bin/../lib/gcc/arm-none-eabi/14.2.1/../../../../arm-none-eabi/lib/thumb/v6-m/nofp\libcr_c.a(printf.o)
 .debug_abbrev  0x00003d79      0x445 C:/nxp/MCUXpressoIDE_25.6.136/ide/plugins/com.nxp.mcuxpresso.tools.win32_25.6.0.202501151204/tools/bin/../lib/gcc/arm-none-eabi/14.2.1/../../../../arm-none-eabi/lib/thumb/v6-m/nofp\libcr_c.a(scanf.o)
 .debug_abbrev  0x000041be       0xe1 C:/nxp/MCUXpressoIDE_25.6.136/ide/plugins/com.nxp.mcuxpresso.tools.win32_25.6.0.202501151204/tools/bin/../lib/gcc/arm-none-eabi/14.2.1/../../../../arm-none-eabi/lib/thumb/v6-m/nofp\libcr_c.a(setvbuf.o)
 .debug_abbrev  0x0000429f       0x6c C:/nxp/MCUXpressoIDE_25.6.136/ide/plugins/com.nxp.mcuxpresso.tools.win32_25.6.0.202501151204/tools/bin/../lib/gcc/arm-none-eabi/14.2.1/../../../../arm-none-eabi/lib/thumb/v6-m/nofp\libcr_c.a(strchr.o)
 .debug_abbrev  0x0000430b       0xa5 C:/nxp/MCUXpressoIDE_25.6.136/ide/plugins/com.nxp.mcuxpresso.tools.win32_25.6.0.202501151204/tools/bin/../lib/gcc/arm-none-eabi/14.2.1/../../../../arm-none-eabi/lib/thumb/v6-m/nofp\libcr_c.a(strlen.o)
 .debug_abbrev  0x000043b0       0xb8 C:/nxp/MCUXpressoIDE_25.6.136/ide/plugins/com.nxp.mcuxpresso.tools.win32_25.6.0.202501151204/tools/bin/../lib/gcc/arm-none-eabi/14.2.1/../../../../arm-none-eabi/lib/thumb/v6-m/nofp\libcr_c.a(strncpy.o)
 .debug_abbrev  0x00004468       0x91 C:/nxp/MCUXpressoIDE_25.6.136/ide/plugins/com.nxp.mcuxpresso.tools.win32_25.6.0.202501151204/tools/bin/../lib/gcc/arm-none-eabi/14.2.1/../../../../arm-none-eabi/lib/thumb/v6-m/nofp\libcr_c.a(strstr.o)
 .debug_abbrev  0x000044f9       0xb9 C:/nxp/MCUXpressoIDE_25.6.136/ide/plugins/com.nxp.mcuxpresso.tools.win32_25.6.0.202501151204/tools/bin/../lib/gcc/arm-none-eabi/14.2.1/../../../../arm-none-eabi/lib/thumb/v6-m/nofp\libcr_c.a(ungetc.o)
 .debug_abbrev  0x000045b2      0x21b C:/nxp/MCUXpressoIDE_25.6.136/ide/plugins/com.nxp.mcuxpresso.tools.win32_25.6.0.202501151204/tools/bin/../lib/gcc/arm-none-eabi/14.2.1/../../../../arm-none-eabi/lib/thumb/v6-m/nofp\libcr_c.a(__fillbuf.o)
 .debug_abbrev  0x000047cd       0xaf C:/nxp/MCUXpressoIDE_25.6.136/ide/plugins/com.nxp.mcuxpresso.tools.win32_25.6.0.202501151204/tools/bin/../lib/gcc/arm-none-eabi/14.2.1/../../../../arm-none-eabi/lib/thumb/v6-m/nofp\libcr_c.a(__init_alloc.o)
 .debug_abbrev  0x0000487c       0xd3 C:/nxp/MCUXpressoIDE_25.6.136/ide/plugins/com.nxp.mcuxpresso.tools.win32_25.6.0.202501151204/tools/bin/../lib/gcc/arm-none-eabi/14.2.1/../../../../arm-none-eabi/lib/thumb/v6-m/nofp\libcr_c.a(_cr_sbrk.o)