Archive member included to satisfy reference by file (symbol)

C:/nxp/MCUXpressoIDE_25.6.136/ide/plugins/com.nxp.mcuxpresso.tools.win32_25.6.0.202501151204/tools/bin/../lib/gcc/arm-none-eabi/14.2.1/../../../../arm-none-eabi/lib/thumb/v6-m/nofp\libcr_nohost_nf.a(_cr__main.o)
                              ./startup/startup_mcxc444.o (__main)
C:/nxp/MCUXpressoIDE_25.6.136/ide/plugins/com.nxp.mcuxpresso.tools.win32_25.6.0.202501151204/tools/bin/../lib/gcc/arm-none-eabi/14.2.1/../../../../arm-none-eabi/lib/thumb/v6-m/nofp\libcr_c.a(memcpy.o)
                              ./utilities/str/fsl_str.o (memcpy)
C:/nxp/MCUXpressoIDE_25.6.136/ide/plugins/com.nxp.mcuxpresso.tools.win32_25.6.0.202501151204/tools/bin/../lib/gcc/arm-none-eabi/14.2.1/../../../../arm-none-eabi/lib/thumb/v6-m/nofp\libcr_c.a(memset.o)
                              ./utilities/debug_console/fsl_debug_console.o (memset)
C:/nxp/MCUXpressoIDE_25.6.136/ide/plugins/com.nxp.mcuxpresso.tools.win32_25.6.0.202501151204/tools/bin/../lib/gcc/arm-none-eabi/14.2.1/../../../../arm-none-eabi/lib/thumb/v6-m/nofp\libcr_c.a(alloc.o)
                              ./drivers/fsl_common.o (malloc)
C:/nxp/MCUXpressoIDE_25.6.136/ide/plugins/com.nxp.mcuxpresso.tools.win32_25.6.0.202501151204/tools/bin/../lib/gcc/arm-none-eabi/14.2.1/../../../../arm-none-eabi/lib/thumb/v6-m/nofp\libcr_c.a(errno.o)
                              ./utilities/str/fsl_str.o (errno)
C:/nxp/MCUXpressoIDE_25.6.136/ide/plugins/com.nxp.mcuxpresso.tools.win32_25.6.0.202501151204/tools/bin/../lib/gcc/arm-none-eabi/14.2.1/../../../../arm-none-eabi/lib/thumb/v6-m/nofp\libcr_c.a(initio.o)
                              C:/nxp/MCUXpressoIDE_25.6.136/ide/plugins/com.nxp.mcuxpresso.tools.win32_25.6.0.202501151204/tools/bin/../lib/gcc/arm-none-eabi/14.2.1/../../../../arm-none-eabi/lib/thumb/v6-m/nofp\libcr_nohost_nf.a(_cr__main.o) (_initio)
C:/nxp/MCUXpressoIDE_25.6.136/ide/plugins/com.nxp.mcuxpresso.tools.win32_25.6.0.202501151204/tools/bin/../lib/gcc/arm-none-eabi/14.2.1/../../../../arm-none-eabi/lib/thumb/v6-m/nofp\libcr_c.a(scanf.o)
                              ./utilities/str/fsl_str.o (strtoul)
C:/nxp/MCUXpressoIDE_25.6.136/ide/plugins/com.nxp.mcuxpresso.tools.win32_25.6.0.202501151204/tools/bin/../lib/gcc/arm-none-eabi/14.2.1/../../../../arm-none-eabi/lib/thumb/v6-m/nofp\libcr_c.a(setvbuf.o)
                              C:/nxp/MCUXpressoIDE_25.6.136/ide/plugins/com.nxp.mcuxpresso.tools.win32_25.6.0.202501151204/tools/bin/../lib/gcc/arm-none-eabi/14.2.1/../../../../arm-none-eabi/lib/thumb/v6-m/nofp\libcr_c.a(initio.o) (setvbuf)
C:/nxp/MCUXpressoIDE_25.6.136/ide/plugins/com.nxp.mcuxpresso.tools.win32_25.6.0.202501151204/tools/bin/../lib/gcc/arm-none-eabi/14.2.1/../../../../arm-none-eabi/lib/thumb/v6-m/nofp\libcr_c.a(strlen.o)
                              ./utilities/str/fsl_str.o (strlen)
C:/nxp/MCUXpressoIDE_25.6.136/ide/plugins/com.nxp.mcuxpresso.tools.win32_25.6.0.202501151204/tools/bin/../lib/gcc/arm-none-eabi/14.2.1/../../../../arm-none-eabi/lib/thumb/v6-m/nofp\libcr_c.a(ungetc.o)
                              C:/nxp/MCUXpressoIDE_25.6.136/ide/plugins/com.nxp.mcuxpresso.tools.win32_25.6.0.202501151204/tools/bin/../lib/gcc/arm-none-eabi/14.2.1/../../../../arm-none-eabi/lib/thumb/v6-m/nofp\libcr_c.a(scanf.o) (ungetc)
C:/nxp/MCUXpressoIDE_25.6.136/ide/plugins/com.nxp.mcuxpresso.tools.win32_25.6.0.202501151204/tools/bin/../lib/gcc/arm-none-eabi/14.2.1/../../../../arm-none-eabi/lib/thumb/v6-m/nofp\libcr_c.a(__fillbuf.o)
                              C:/nxp/MCUXpressoIDE_25.6.136/ide/plugins/com.nxp.mcuxpresso.tools.win32_25.6.0.202501151204/tools/bin/../lib/gcc/arm-none-eabi/14.2.1/../../../../arm-none-eabi/lib/thumb/v6-m/nofp\libcr_c.a(scanf.o) (__filbuf)
C:/nxp/MCUXpressoIDE_25.6.136/ide/plugins/com.nxp.mcuxpresso.tools.win32_25.6.0.202501151204/tools/bin/../lib/gcc/arm-none-eabi/14.2.1/../../../../arm-none-eabi/lib/thumb/v6-m/nofp\libcr_c.a(__init_alloc.o)
                              C:/nxp/MCUXpressoIDE_25.6.136/ide/plugins/com.nxp.mcuxpresso.tools.win32_25.6.0.202501151204/tools/bin/../lib/gcc/arm-none-eabi/14.2.1/../../../../arm-none-eabi/lib/thumb/v6-m/nofp\libcr_c.a(alloc.o) (__heaps)
C:/nxp/MCUXpressoIDE_25.6.136/ide/plugins/com.nxp.mcuxpresso.tools.win32_25.6.0.202501151204/tools/bin/../lib/gcc/arm-none-eabi/14.2.1/../../../../arm-none-eabi/lib/thumb/v6-m/nofp\libcr_c.a(_cr_sbrk.o)
                              C:/nxp/MCUXpressoIDE_25.6.136/ide/plugins/com.nxp.mcuxpresso.tools.win32_25.6.0.202501151204/tools/bin/../lib/gcc/arm-none-eabi/14.2.1/../../../../arm-none-eabi/lib/thumb/v6-m/nofp\libcr_c.a(alloc.o) (_sbrk)
C:/nxp/MCUXpressoIDE_25.6.136/ide/plugins/com.nxp.mcuxpresso.tools.win32_25.6.0.202501151204/tools/bin/../lib/gcc/arm-none-eabi/14.2.1/../../../../arm-none-eabi/lib/thumb/v6-m/nofp\libcr_c.a(_deferredlazyseek.o)
[...]
Memory Configuration

Name             Origin             Length             Attributes
PROGRAM_FLASH    0x00000000         0x00040000         xr
SRAM             0x1fffe000         0x00008000         xrw
*default*        0x00000000         0xffffffff

Linker script and memory map

LOAD ./utilities/str/fsl_str.o
LOAD ./utilities/debug_console/fsl_debug_console.o
LOAD ./utilities/fsl_assert.o
LOAD ./startup/startup_mcxc444.o
LOAD ./source/mtb.o
LOAD ./source/semihost_hardfault.o
LOAD ./source/sensor.o
LOAD ./freertos/freertos-kernel/portable/MemMang/heap_1.o
LOAD ./freertos/freertos-kernel/portable/GCC/ARM_CM0/mpu_wrappers_v2_asm.o
LOAD ./freertos/freertos-kernel/portable/GCC/ARM_CM0/port.o
LOAD ./freertos/freertos-kernel/portable/GCC/ARM_CM0/portasm.o
LOAD ./freertos/freertos-kernel/croutine.o
LOAD ./freertos/freertos-kernel/event_groups.o
LOAD ./freertos/freertos-kernel/list.o
LOAD ./freertos/freertos-kernel/queue.o
LOAD ./freertos/freertos-kernel/stream_buffer.o
LOAD ./freertos/freertos-kernel/tasks.o
LOAD ./freertos/freertos-kernel/timers.o
LOAD ./drivers/fsl_clock.o
LOAD ./drivers/fsl_common.o
LOAD ./drivers/fsl_common_arm.o
LOAD ./drivers/fsl_gpio.o
LOAD ./drivers/fsl_lpuart.o
LOAD ./drivers/fsl_smc.o
LOAD ./device/system_MCXC444.o
LOAD ./component/uart/fsl_adapter_lpuart.o
LOAD ./component/serial_manager/fsl_component_serial_manager.o
LOAD ./component/serial_manager/fsl_component_serial_port_uart.o
LOAD ./component/lists/fsl_component_generic_list.o
LOAD ./board/board.o
LOAD ./board/clock_config.o
LOAD ./board/peripherals.o
LOAD ./board/pin_mux.o
START GROUP
LOAD C:/nxp/MCUXpressoIDE_25.6.136/ide/plugins/com.nxp.mcuxpresso.tools.win32_25.6.0.202501151204/tools/bin/../lib/gcc/arm-none-eabi/14.2.1/../../../../arm-none-eabi/lib/thumb/v6-m/nofp\libcr_nohost_nf.a
LOAD C:/nxp/MCUXpressoIDE_25.6.136/ide/plugins/com.nxp.mcuxpresso.tools.win32_25.6.0.202501151204/tools/bin/../lib/gcc/arm-none-eabi/14.2.1/../../../../arm-none-eabi/lib/thumb/v6-m/nofp\libcr_c.a
LOAD C:/nxp/MCUXpressoIDE_25.6.136/ide/plugins/com.nxp.mcuxpresso.tools.win32_25.6.0.202501151204/tools/bin/../lib/gcc/arm-none-eabi/14.2.1/thumb/v6-m/nofp\libcr_eabihelpers.a
LOAD C:/nxp/MCUXpressoIDE_25.6.136/ide/plugins/com.nxp.mcuxpresso.tools.win32_25.6.0.202501151204/tools/bin/../lib/gcc/arm-none-eabi/14.2.1/thumb/v6-m/nofp\libgcc.a
END GROUP
                0x00000000                        __base_PROGRAM_FLASH = 0x0
                0x00000000                        __base_Flash = 0x0
                0x00040000                        __top_PROGRAM_FLASH = 0x40000
                0x00040000                        __top_Flash = 0x40000
                0x1fffe000                        __base_SRAM = 0x1fffe000
                0x1fffe000                        __base_RAM = 0x1fffe000
                0x20006000                        __top_SRAM = 0x20006000
                0x20006000                        __top_RAM = 0x20006000

.text           0x00000000     0x510c
 FILL mask 0xff
                0x00000000                        __vectors_start__ = ABSOLUTE (.)
 *(SORT_BY_ALIGNMENT(.isr_vector))
 .isr_vector    0x00000000       0xc0 ./startup/startup_mcxc444.o
                0x00000000                g_pfnVectors
                0x00000000                __Vectors
                0x000000c0                        . = ALIGN (0x4)
                0x000000c0                        __section_table_start = .
                0x000000c0                        __data_section_table = .
                0x000000c0        0x4 LONG 0x510c LOADADDR (.data)
                0x000000c4        0x4 LONG 0x1fffe080 ADDR (.data)
                0x000000c8        0x4 LONG 0x8 SIZEOF (.data)
                0x000000cc                        __data_section_table_end = .
                0x000000cc                        __bss_section_table = .
                0x000000cc        0x4 LONG 0x1fffe088 ADDR (.bss)
                0x000000d0        0x4 LONG 0x2a94 SIZEOF (.bss)
                0x000000d4                        __bss_section_table_end = .
                0x000000d4                        __section_table_end = .
 *(SORT_BY_ALIGNMENT(.after_vectors*))
 .after_vectors.reset
                0x000000d4       0x4c ./startup/startup_mcxc444.o
                0x000000d4                ResetISR
 .after_vectors.init_data
                0x00000120       0x12 ./startup/startup_mcxc444.o
                0x00000120                data_init
 .after_vectors.init_bss
                0x00000132       0x10 ./startup/startup_mcxc444.o
                0x00000132                bss_init
 .after_vectors
                0x00000142      0x10c ./startup/startup_mcxc444.o
                0x00000142                NMI_Handler
                0x0000014c                PIT_DriverIRQHandler
                0x0000014c                I2C0_DriverIRQHandler
                0x0000014c                DMA0_DriverIRQHandler
                0x0000014c                Reserved42_DriverIRQHandler
                0x0000014c                SPI1_DriverIRQHandler
                0x0000014c                LPTMR0_DriverIRQHandler
                0x0000014c                PORTC_PORTD_DriverIRQHandler
                0x0000014c                PMC_DriverIRQHandler
                0x0000014c                Reserved43_DriverIRQHandler
                0x0000014c                DMA2_DriverIRQHandler
                0x0000014c                I2S0_DriverIRQHandler
                0x0000014c                CMP0_DriverIRQHandler
                0x0000014c                TPM2_DriverIRQHandler
                0x0000014c                ADC0_DriverIRQHandler
                0x0000014c                SPI0_DriverIRQHandler
                0x0000014c                I2C1_DriverIRQHandler
                0x0000014c                RTC_Seconds_DriverIRQHandler
                0x0000014c                LLWU_DriverIRQHandler
                0x0000014c                DMA1_DriverIRQHandler
                0x0000014c                LCD_DriverIRQHandler
                0x0000014c                FTFA_DriverIRQHandler
                0x0000014c                IntDefaultHandler
                0x0000014c                USB0_DriverIRQHandler
                0x0000014c                DAC0_DriverIRQHandler
                0x0000014c                TPM0_DriverIRQHandler
                0x0000014c                RTC_DriverIRQHandler
                0x0000014c                TPM1_DriverIRQHandler
                0x0000014c                PORTA_DriverIRQHandler
                0x0000014c                UART2_FLEXIO_DriverIRQHandler
                0x0000014c                Reserved20_DriverIRQHandler
                0x0000014c                DMA3_DriverIRQHandler
                0x0000014e                DMA0_IRQHandler
                0x00000156                DMA1_IRQHandler
                0x0000015e                DMA2_IRQHandler
                0x00000166                DMA3_IRQHandler
                0x0000016e                Reserved20_IRQHandler
                0x00000176                FTFA_IRQHandler
                0x0000017e                PMC_IRQHandler
                0x00000186                LLWU_IRQHandler
                0x0000018e                I2C0_IRQHandler
                0x00000196                I2C1_IRQHandler
                0x0000019e                SPI0_IRQHandler
                0x000001a6                SPI1_IRQHandler
                0x000001ae                LPUART0_IRQHandler
                0x000001b6                LPUART1_IRQHandler
                0x000001be                UART2_FLEXIO_IRQHandler
                0x000001ce                CMP0_IRQHandler
                0x000001d6                TPM0_IRQHandler
                0x000001de                TPM1_IRQHandler
                0x000001e6                TPM2_IRQHandler
                0x000001ee                RTC_IRQHandler
                0x000001f6                RTC_Seconds_IRQHandler
                0x000001fe                PIT_IRQHandler
                0x00000206                I2S0_IRQHandler
                0x0000020e                USB0_IRQHandler
                0x00000216                DAC0_IRQHandler
                0x0000021e                Reserved42_IRQHandler
                0x00000226                Reserved43_IRQHandler
                0x0000022e                LPTMR0_IRQHandler
                0x00000236                LCD_IRQHandler
                0x0000023e                PORTA_IRQHandler
                0x00000246                PORTC_PORTD_IRQHandler
                0x00000400                        . = 0x400
 *fill*         0x0000024e      0x1b2 ff
                0x00000400                        PROVIDE (__FLASH_CONFIG_START__ = .)
 *(SORT_BY_ALIGNMENT(.FlashConfig))
 .FlashConfig   0x00000400       0x10 ./startup/startup_mcxc444.o
                0x00000400                Flash_Config
                0x00000410                        PROVIDE (__FLASH_CONFIG_END__ = .)
                0x00000001                        ASSERT (! ((__FLASH_CONFIG_START__ == __FLASH_CONFIG_END__)), Linker Flash Config Support Enabled, but no .FlashConfig section provided within application)
 *(SORT_BY_ALIGNMENT(.text*))
 .text.vRestoreContextOfFirstTask
                0x00000410       0x28 ./freertos/freertos-kernel/portable/GCC/ARM_CM0/portasm.o
                0x00000410                vRestoreContextOfFirstTask
 *fill*         0x00000438        0x8 ff
 .text.vStartFirstTask
                0x00000440       0x14 ./freertos/freertos-kernel/portable/GCC/ARM_CM0/portasm.o
                0x00000440                vStartFirstTask
 *fill*         0x00000454        0xc ff
 .text.PendSV_Handler
                0x00000460       0x48 ./freertos/freertos-kernel/portable/GCC/ARM_CM0/portasm.o
                0x00000460                PendSV_Handler
 *fill*         0x000004a8        0x8 ff
 .text.SVC_Handler
                0x000004b0       0x28 ./freertos/freertos-kernel/portable/GCC/ARM_CM0/portasm.o
                0x000004b0                SVC_Handler
 .text.DbgConsole_SendDataReliable
                0x000004d8       0x5c ./utilities/debug_console/fsl_debug_console.o
                0x000004d8                DbgConsole_SendDataReliable
 .text.DbgConsole_Init
                0x00000534      0x1a4 ./utilities/debug_console/fsl_debug_console.o
                0x00000534                DbgConsole_Init
 .text.DbgConsole_Vprintf
                0x000006d8       0x70 ./utilities/debug_console/fsl_debug_console.o
                0x000006d8                DbgConsole_Vprintf
 .text.__assertion_failed
                0x00000748       0x34 ./utilities/fsl_assert.o
                0x00000748                __assertion_failed
 .text.HardFault_Handler
                0x0000077c       0x38 ./source/semihost_hardfault.o
                0x0000077c                HardFault_Handler
 .text.__NVIC_EnableIRQ
                0x000007b4       0x34 ./source/sensor.o
 .text.__NVIC_DisableIRQ
                0x000007e8       0x44 ./source/sensor.o
 .text.__NVIC_ClearPendingIRQ
                0x0000082c       0x38 ./source/sensor.o
 .text.__NVIC_SetPriority
                0x00000864       0xdc ./source/sensor.o
 .text.initSensors
                0x00000940      0x124 ./source/sensor.o
                0x00000940                initSensors
 .text.ReadPhotoresistor
                0x00000a64       0x38 ./source/sensor.o
                0x00000a64                ReadPhotoresistor
 .text.ADC0_IRQHandler
                0x00000a9c       0x5c ./source/sensor.o
                0x00000a9c                ADC0_IRQHandler
 .text.Sensor_Task
                0x00000af8       0x38 ./source/sensor.o
                0x00000af8                Sensor_Task
 .text.main     0x00000b30       0x70 ./source/sensor.o
                0x00000b30                main
 .text.pvPortMalloc
                0x00000ba0       0xa4 ./freertos/freertos-kernel/portable/MemMang/heap_1.o
                0x00000ba0                pvPortMalloc
 .text.vPortSetupTimerInterrupt
                0x00000c44       0x44 ./freertos/freertos-kernel/portable/GCC/ARM_CM0/port.o
                0x00000c44                vPortSetupTimerInterrupt
 .text.prvTaskExitError
                0x00000c88       0x30 ./freertos/freertos-kernel/portable/GCC/ARM_CM0/port.o
 .text.vPortYield
                0x00000cb8       0x20 ./freertos/freertos-kernel/portable/GCC/ARM_CM0/port.o
                0x00000cb8                vPortYield
 .text.vPortEnterCritical
                0x00000cd8       0x24 ./freertos/freertos-kernel/portable/GCC/ARM_CM0/port.o
                0x00000cd8                vPortEnterCritical
 .text.vPortExitCritical
                0x00000cfc       0x30 ./freertos/freertos-kernel/portable/GCC/ARM_CM0/port.o
                0x00000cfc                vPortExitCritical
 .text.SysTick_Handler
                0x00000d2c       0x34 ./freertos/freertos-kernel/portable/GCC/ARM_CM0/port.o
                0x00000d2c                SysTick_Handler
 .text.pxPortInitialiseStack
                0x00000d60      0x11c ./freertos/freertos-kernel/portable/GCC/ARM_CM0/port.o
                0x00000d60                pxPortInitialiseStack
 .text.xPortStartScheduler
                0x00000e7c       0x8c ./freertos/freertos-kernel/portable/GCC/ARM_CM0/port.o
                0x00000e7c                xPortStartScheduler
 .text.vQueueAddToRegistry
                0x00000f08       0x8c ./freertos/freertos-kernel/queue.o
                0x00000f08                vQueueAddToRegistry
 .text.prvInitialiseNewTask
                0x00000f94      0x104 ./freertos/freertos-kernel/tasks.o
 .text.prvAddNewTaskToReadyList
                0x00001098      0x120 ./freertos/freertos-kernel/tasks.o
 .text.vTaskDelay
                0x000011b8       0x4c ./freertos/freertos-kernel/tasks.o
                0x000011b8                vTaskDelay
 .text.prvCreateIdleTasks
                0x00001204       0x98 ./freertos/freertos-kernel/tasks.o
 .text.vTaskStartScheduler
                0x0000129c       0x68 ./freertos/freertos-kernel/tasks.o
                0x0000129c                vTaskStartScheduler
 .text.vTaskSuspendAll
                0x00001304       0x18 ./freertos/freertos-kernel/tasks.o
                0x00001304                vTaskSuspendAll
 .text.xTaskResumeAll
                0x0000131c      0x1ec ./freertos/freertos-kernel/tasks.o
                0x0000131c                xTaskResumeAll
 .text.xTaskGetTickCount
                0x00001508       0x1c ./freertos/freertos-kernel/tasks.o
                0x00001508                xTaskGetTickCount
 .text.uxTaskGetNumberOfTasks
                0x00001524       0x14 ./freertos/freertos-kernel/tasks.o
                0x00001524                uxTaskGetNumberOfTasks
 .text.xTaskIncrementTick
                0x00001538      0x204 ./freertos/freertos-kernel/tasks.o
                0x00001538                xTaskIncrementTick
 .text.vTaskSwitchContext
                0x0000173c       0xa8 ./freertos/freertos-kernel/tasks.o
                0x0000173c                vTaskSwitchContext
 .text.vTaskPlaceOnEventList
                0x000017e4       0x40 ./freertos/freertos-kernel/tasks.o
                0x000017e4                vTaskPlaceOnEventList
 .text.vTaskPlaceOnEventListRestricted
                0x00001824       0x80 ./freertos/freertos-kernel/tasks.o
                0x00001824                vTaskPlaceOnEventListRestricted
 .text.xTaskRemoveFromEventList
                0x000018a4      0x19c ./freertos/freertos-kernel/tasks.o
                0x000018a4                xTaskRemoveFromEventList
 .text.vTaskInternalSetTimeOutState
                0x00001a40       0x28 ./freertos/freertos-kernel/tasks.o
                0x00001a40                vTaskInternalSetTimeOutState
 .text.xTaskCheckForTimeOut
                0x00001a68       0xac ./freertos/freertos-kernel/tasks.o
                0x00001a68                xTaskCheckForTimeOut
 .text.vTaskMissedYield
                0x00001b14       0x14 ./freertos/freertos-kernel/tasks.o
                0x00001b14                vTaskMissedYield
 .text.prvIdleTask
                0x00001b28       0x20 ./freertos/freertos-kernel/tasks.o
 .text.prvInitialiseTaskLists
                0x00001b48       0x88 ./freertos/freertos-kernel/tasks.o
 .text.prvCheckTasksWaitingTermination
                0x00001bd0       0x5c ./freertos/freertos-kernel/tasks.o
 .text.prvResetNextTaskUnblockTime
                0x00001c2c       0x34 ./freertos/freertos-kernel/tasks.o
 .text.xTaskGetSchedulerState
                0x00001c60       0x38 ./freertos/freertos-kernel/tasks.o
                0x00001c60                xTaskGetSchedulerState
 .text.xTaskGenericNotify
                0x00001c98      0x214 ./freertos/freertos-kernel/tasks.o
                0x00001c98                xTaskGenericNotify
 .text.xTaskGenericNotifyFromISR
                0x00001eac      0x27c ./freertos/freertos-kernel/tasks.o
                0x00001eac                xTaskGenericNotifyFromISR
 .text.prvAddCurrentTaskToDelayedList
                0x00002128       0xe4 ./freertos/freertos-kernel/tasks.o
 .text.xTimerCreateTimerTask
                0x0000220c       0x54 ./freertos/freertos-kernel/timers.o
                0x0000220c                xTimerCreateTimerTask
 .text.prvProcessExpiredTimer
                0x00002260       0x64 ./freertos/freertos-kernel/timers.o
 .text.prvProcessTimerOrBlockTask
                0x000022c4       0x90 ./freertos/freertos-kernel/timers.o
 .text.prvGetNextExpireTime
                0x00002354       0x44 ./freertos/freertos-kernel/timers.o
 .text.prvSampleTimeNow
                0x00002398       0x40 ./freertos/freertos-kernel/timers.o
 .text.prvInsertTimerInActiveList
                0x000023d8       0x84 ./freertos/freertos-kernel/timers.o
 .text.prvProcessReceivedCommands
                0x0000245c      0x198 ./freertos/freertos-kernel/timers.o
 .text.prvSwitchTimerLists
                0x000025f4       0x50 ./freertos/freertos-kernel/timers.o
 .text.prvCheckForValidListAndQueue
                0x00002644       0x74 ./freertos/freertos-kernel/timers.o
 .text.CLOCK_SetEr32kClock
                0x000026b8       0x34 ./drivers/fsl_clock.o
 .text.CLOCK_GetLircClkFreq
                0x000026ec       0x50 ./drivers/fsl_clock.o
 .text.CLOCK_GetOsc0ErClkFreq
                0x0000273c       0x44 ./drivers/fsl_clock.o
                0x0000273c                CLOCK_GetOsc0ErClkFreq
 .text.CLOCK_GetEr32kClkFreq
                0x00002780       0x78 ./drivers/fsl_clock.o
                0x00002780                CLOCK_GetEr32kClkFreq
 .text.CLOCK_GetFreq
                0x000027f8       0xc0 ./drivers/fsl_clock.o
                0x000027f8                CLOCK_GetFreq
 .text.CLOCK_SetSimConfig
                0x000028b8       0x2c ./drivers/fsl_clock.o
                0x000028b8                CLOCK_SetSimConfig
 .text.CLOCK_GetInternalRefClkFreq
                0x000028e4       0x48 ./drivers/fsl_clock.o
                0x000028e4                CLOCK_GetInternalRefClkFreq
 .text.CLOCK_GetPeriphClkFreq
                0x0000292c       0x3c ./drivers/fsl_clock.o
                0x0000292c                CLOCK_GetPeriphClkFreq
 .text.CLOCK_GetOutClkFreq
                0x00002968       0x7c ./drivers/fsl_clock.o
                0x00002968                CLOCK_GetOutClkFreq
 .text.CLOCK_SetMcgliteConfig
                0x000029e4      0x110 ./drivers/fsl_clock.o
                0x000029e4                CLOCK_SetMcgliteConfig
 .text.CLOCK_EnableClock
                0x00002af4       0x34 ./drivers/fsl_lpuart.o
 .text.LPUART_GetInstance
                0x00002b28       0x4c ./drivers/fsl_lpuart.o
                0x00002b28                LPUART_GetInstance
 .text.LPUART_Init
                0x00002b74      0x2c4 ./drivers/fsl_lpuart.o
                0x00002b74                LPUART_Init
 .text.LPUART_GetDefaultConfig
                0x00002e38       0x68 ./drivers/fsl_lpuart.o
                0x00002e38                LPUART_GetDefaultConfig
 .text.LPUART_WriteBlocking
                0x00002ea0       0x6c ./drivers/fsl_lpuart.o
                0x00002ea0                LPUART_WriteBlocking
 .text.LPUART0_DriverIRQHandler
                0x00002f0c       0x24 ./drivers/fsl_lpuart.o
                0x00002f0c                LPUART0_DriverIRQHandler
 .text.LPUART1_DriverIRQHandler
                0x00002f30       0x24 ./drivers/fsl_lpuart.o
                0x00002f30                LPUART1_DriverIRQHandler
 .text.SystemInit
                0x00002f54       0x40 ./device/system_MCXC444.o
                0x00002f54                SystemInit
 .text.HAL_UartGetStatus
                0x00002f94       0x34 ./component/uart/fsl_adapter_lpuart.o
 .text.HAL_UartInitCommon
                0x00002fc8       0xa0 ./component/uart/fsl_adapter_lpuart.o
 .text.HAL_UartInit
                0x00003068       0x98 ./component/uart/fsl_adapter_lpuart.o
                0x00003068                HAL_UartInit
 .text.HAL_UartSendBlocking
                0x00003100       0x6c ./component/uart/fsl_adapter_lpuart.o
                0x00003100                HAL_UartSendBlocking
 .text.SerialManager_StartWriting
                0x0000316c       0x44 ./component/serial_manager/fsl_component_serial_manager.o
 .text.SerialManager_Init
                0x000031b0       0x70 ./component/serial_manager/fsl_component_serial_manager.o
                0x000031b0                SerialManager_Init
 .text.SerialManager_OpenReadHandle
                0x00003220       0x74 ./component/serial_manager/fsl_component_serial_manager.o
                0x00003220                SerialManager_OpenReadHandle
 .text.CLOCK_SetLpuart0Clock
                0x00003294       0x38 ./board/board.o
 .text.CLOCK_SetSimSafeDivs
                0x000032cc       0x20 ./board/clock_config.o
 .text.BOARD_BootClockRUN
                0x000032ec       0x34 ./board/clock_config.o
                0x000032ec                BOARD_BootClockRUN
 .text.CLOCK_EnableClock
                0x00003320       0x34 ./board/pin_mux.o
 .text.PORT_SetPinMux
                0x00003354       0x40 ./board/pin_mux.o
 .text.BOARD_InitDEBUG_UARTPins
                0x00003394       0x4c ./board/pin_mux.o
                0x00003394                BOARD_InitDEBUG_UARTPins
 .text._initio  0x000033e0       0x7c C:/nxp/MCUXpressoIDE_25.6.136/ide/plugins/com.nxp.mcuxpresso.tools.win32_25.6.0.202501151204/tools/bin/../lib/gcc/arm-none-eabi/14.2.1/../../../../arm-none-eabi/lib/thumb/v6-m/nofp\libcr_c.a(initio.o)
                0x000033e0                _initio
 .text.setvbuf  0x0000345c       0x4c C:/nxp/MCUXpressoIDE_25.6.136/ide/plugins/com.nxp.mcuxpresso.tools.win32_25.6.0.202501151204/tools/bin/../lib/gcc/arm-none-eabi/14.2.1/../../../../arm-none-eabi/lib/thumb/v6-m/nofp\libcr_c.a(setvbuf.o)
                0x0000345c                setvbuf
 .text.strlen   0x000034a8       0x5c C:/nxp/MCUXpressoIDE_25.6.136/ide/plugins/com.nxp.mcuxpresso.tools.win32_25.6.0.202501151204/tools/bin/../lib/gcc/arm-none-eabi/14.2.1/../../../../arm-none-eabi/lib/thumb/v6-m/nofp\libcr_c.a(strlen.o)
                0x000034a8                strlen
 .text._deferredlazyseek
                0x00003504       0x44 C:/nxp/MCUXpressoIDE_25.6.136/ide/plugins/com.nxp.mcuxpresso.tools.win32_25.6.0.202501151204/tools/bin/../lib/gcc/arm-none-eabi/14.2.1/../../../../arm-none-eabi/lib/thumb/v6-m/nofp\libcr_c.a(_deferredlazyseek.o)
                0x00003504                _deferredlazyseek
 .text._fdopen  0x00003548       0x74 C:/nxp/MCUXpressoIDE_25.6.136/ide/plugins/com.nxp.mcuxpresso.tools.win32_25.6.0.202501151204/tools/bin/../lib/gcc/arm-none-eabi/14.2.1/../../../../arm-none-eabi/lib/thumb/v6-m/nofp\libcr_c.a(_fdopen.o)
                0x00003548                _fdopen
 .text._fflush  0x000035bc       0x5c C:/nxp/MCUXpressoIDE_25.6.136/ide/plugins/com.nxp.mcuxpresso.tools.win32_25.6.0.202501151204/tools/bin/../lib/gcc/arm-none-eabi/14.2.1/../../../../arm-none-eabi/lib/thumb/v6-m/nofp\libcr_c.a(_fflush.o)
                0x000035bc                _fflush
 .text._Cwritebuf
                0x00003618       0x68 C:/nxp/MCUXpressoIDE_25.6.136/ide/plugins/com.nxp.mcuxpresso.tools.win32_25.6.0.202501151204/tools/bin/../lib/gcc/arm-none-eabi/14.2.1/../../../../arm-none-eabi/lib/thumb/v6-m/nofp\libcr_c.a(_writebuf.o)
                0x00003618                _Cwritebuf
 .text.fclose   0x00003680       0x5c C:/nxp/MCUXpressoIDE_25.6.136/ide/plugins/com.nxp.mcuxpresso.tools.win32_25.6.0.202501151204/tools/bin/../lib/gcc/arm-none-eabi/14.2.1/../../../../arm-none-eabi/lib/thumb/v6-m/nofp\libcr_c.a(fclose.o)
                0x00003680                fclose
 .text.fflush   0x000036dc       0x40 C:/nxp/MCUXpressoIDE_25.6.136/ide/plugins/com.nxp.mcuxpresso.tools.win32_25.6.0.202501151204/tools/bin/../lib/gcc/arm-none-eabi/14.2.1/../../../../arm-none-eabi/lib/thumb/v6-m/nofp\libcr_c.a(fflush.o)
                0x000036dc                fflush
 .text.fseek    0x0000371c       0xec C:/nxp/MCUXpressoIDE_25.6.136/ide/plugins/com.nxp.mcuxpresso.tools.win32_25.6.0.202501151204/tools/bin/../lib/gcc/arm-none-eabi/14.2.1/../../../../arm-none-eabi/lib/thumb/v6-m/nofp\libcr_c.a(fseek.o)
                0x0000371c                fseek
 .text.ftell    0x00003808       0x4c C:/nxp/MCUXpressoIDE_25.6.136/ide/plugins/com.nxp.mcuxpresso.tools.win32_25.6.0.202501151204/tools/bin/../lib/gcc/arm-none-eabi/14.2.1/../../../../arm-none-eabi/lib/thumb/v6-m/nofp\libcr_c.a(ftell.o)
                0x00003808                ftell
 .text._do_fflush
                0x00003854       0x48 C:/nxp/MCUXpressoIDE_25.6.136/ide/plugins/com.nxp.mcuxpresso.tools.win32_25.6.0.202501151204/tools/bin/../lib/gcc/arm-none-eabi/14.2.1/../../../../arm-none-eabi/lib/thumb/v6-m/nofp\libcr_c.a(_do_fflush.o)
                0x00003854                _do_fflush
 .text.PrintGetWidth
                0x0000389c       0x7c ./utilities/str/fsl_str.o
 .text.PrintGetPrecision
                0x00003918       0xa0 ./utilities/str/fsl_str.o
 .text.PrintIsobpu
                0x000039b8       0x3e ./utilities/str/fsl_str.o
 .text.PrintIsdi
                0x000039f6       0x2e ./utilities/str/fsl_str.o
 .text.PrintOutputdifFobpu
                0x00003a24       0x48 ./utilities/str/fsl_str.o
 .text.PrintOutputxX
                0x00003a6c       0x48 ./utilities/str/fsl_str.o
 .text.PrintIsfF
                0x00003ab4       0x2e ./utilities/str/fsl_str.o
 .text.PrintIsxX
                0x00003ae2       0x2e ./utilities/str/fsl_str.o
 .text.PrintFilterLengthFlag
                0x00003b10       0x44 ./utilities/str/fsl_str.o
 .text.PrintGetRadixFromobpu
                0x00003b54       0x58 ./utilities/str/fsl_str.o
 .text.ConvertRadixNumToString
                0x00003bac       0xc0 ./utilities/str/fsl_str.o
 .text.StrFormatExaminedi
                0x00003c6c       0x22 ./utilities/str/fsl_str.o
 .text.StrFormatExaminexX
                0x00003c8e       0x22 ./utilities/str/fsl_str.o
 .text.StrFormatExamineobpu
                0x00003cb0       0x22 ./utilities/str/fsl_str.o
 .text.ConvertPrecisionWidthToLength
                0x00003cd2       0x22 ./utilities/str/fsl_str.o
 .text.StrFormatPrintf
                0x00003cf4      0x2d6 ./utilities/str/fsl_str.o
                0x00003cf4                StrFormatPrintf
 .text.DbgConsole_PrintCallback
                0x00003fca       0x6c ./utilities/debug_console/fsl_debug_console.o
 .text.DbgConsole_Printf
                0x00004036       0x32 ./utilities/debug_console/fsl_debug_console.o
                0x00004036                DbgConsole_Printf
 .text.__sys_write
                0x00004068       0x40 ./utilities/debug_console/fsl_debug_console.o
                0x00004068                __sys_write
 .text.fsl_assert_hook
                0x000040a8       0x16 ./utilities/fsl_assert.o
                0x000040a8                fsl_assert_hook
 .text.vPortFree
                0x000040be       0x1c ./freertos/freertos-kernel/portable/MemMang/heap_1.o
                0x000040be                vPortFree
 .text.vPortSVCHandler_C
                0x000040da       0x38 ./freertos/freertos-kernel/portable/GCC/ARM_CM0/port.o
                0x000040da                vPortSVCHandler_C
 .text.ulSetInterruptMask
                0x00004112        0xc ./freertos/freertos-kernel/portable/GCC/ARM_CM0/portasm.o
                0x00004112                ulSetInterruptMask
 .text.vClearInterruptMask
                0x0000411e        0x8 ./freertos/freertos-kernel/portable/GCC/ARM_CM0/portasm.o
                0x0000411e                vClearInterruptMask
 .text.vListInitialise
                0x00004126       0x3c ./freertos/freertos-kernel/list.o
                0x00004126                vListInitialise
 .text.vListInitialiseItem
                0x00004162       0x16 ./freertos/freertos-kernel/list.o
                0x00004162                vListInitialiseItem
 .text.vListInsert
                0x00004178       0x6c ./freertos/freertos-kernel/list.o
                0x00004178                vListInsert
 .text.uxListRemove
                0x000041e4       0x50 ./freertos/freertos-kernel/list.o
                0x000041e4                uxListRemove
 .text.xQueueGenericReset
                0x00004234      0x116 ./freertos/freertos-kernel/queue.o
                0x00004234                xQueueGenericReset
 .text.xQueueGenericCreate
                0x0000434a       0xbe ./freertos/freertos-kernel/queue.o
                0x0000434a                xQueueGenericCreate
 .text.prvInitialiseNewQueue
                0x00004408       0x4e ./freertos/freertos-kernel/queue.o
 .text.xQueueGiveFromISR
                0x00004456       0xf6 ./freertos/freertos-kernel/queue.o
                0x00004456                xQueueGiveFromISR
 .text.xQueueReceive
                0x0000454c      0x170 ./freertos/freertos-kernel/queue.o
                0x0000454c                xQueueReceive
 .text.prvCopyDataFromQueue
                0x000046bc       0x4c ./freertos/freertos-kernel/queue.o
 .text.prvUnlockQueue
                0x00004708       0xbc ./freertos/freertos-kernel/queue.o
 .text.prvIsQueueEmpty
                0x000047c4       0x2c ./freertos/freertos-kernel/queue.o
 .text.vQueueWaitForMessageRestricted
                0x000047f0       0x66 ./freertos/freertos-kernel/queue.o
                0x000047f0                vQueueWaitForMessageRestricted
 .text.prvCreateTask
                0x00004856       0x82 ./freertos/freertos-kernel/tasks.o
 .text.xTaskCreate
                0x000048d8       0x4c ./freertos/freertos-kernel/tasks.o
                0x000048d8                xTaskCreate
 .text.prvDeleteTCB
                0x00004924       0x22 ./freertos/freertos-kernel/tasks.o
 .text.prvReloadTimer
                0x00004946       0x42 ./freertos/freertos-kernel/timers.o
 .text.prvTimerTask
                0x00004988       0x2a ./freertos/freertos-kernel/timers.o
 .text.SystemInitHook
                0x000049b2        0xa ./device/system_MCXC444.o
                0x000049b2                SystemInitHook
 .text.DisableGlobalIRQ
                0x000049bc       0x1e ./component/serial_manager/fsl_component_serial_manager.o
 .text.EnableGlobalIRQ
                0x000049da       0x1c ./component/serial_manager/fsl_component_serial_manager.o
 .text.SerialManager_Write
                0x000049f6       0x44 ./component/serial_manager/fsl_component_serial_manager.o
 .text.SerialManager_OpenWriteHandle
                0x00004a3a       0x56 ./component/serial_manager/fsl_component_serial_manager.o
                0x00004a3a                SerialManager_OpenWriteHandle
 .text.SerialManager_WriteBlocking
                0x00004a90       0x22 ./component/serial_manager/fsl_component_serial_manager.o
                0x00004a90                SerialManager_WriteBlocking
 .text.Serial_UartInit
                0x00004ab2       0x4e ./component/serial_manager/fsl_component_serial_port_uart.o
                0x00004ab2                Serial_UartInit
 .text.Serial_UartWrite
                0x00004b00       0x38 ./component/serial_manager/fsl_component_serial_port_uart.o
                0x00004b00                Serial_UartWrite
 .text.BOARD_InitDebugConsole
                0x00004b38       0x2c ./board/board.o
                0x00004b38                BOARD_InitDebugConsole
 .text.BOARD_InitBootClocks
                0x00004b64        0xe ./board/clock_config.o
                0x00004b64                BOARD_InitBootClocks
 .text.BOARD_InitPeripherals
                0x00004b72        0xa ./board/peripherals.o
                0x00004b72                BOARD_InitPeripherals
 .text.BOARD_InitBootPeripherals
                0x00004b7c        0xe ./board/peripherals.o
                0x00004b7c                BOARD_InitBootPeripherals
 .text.BOARD_InitBootPins
                0x00004b8a        0xe ./board/pin_mux.o
                0x00004b8a                BOARD_InitBootPins
 .text.__main   0x00004b98        0xc C:/nxp/MCUXpressoIDE_25.6.136/ide/plugins/com.nxp.mcuxpresso.tools.win32_25.6.0.202501151204/tools/bin/../lib/gcc/arm-none-eabi/14.2.1/../../../../arm-none-eabi/lib/thumb/v6-m/nofp\libcr_nohost_nf.a(_cr__main.o)
                0x00004b98                __main
 .text.memcpy   0x00004ba4        0x8 C:/nxp/MCUXpressoIDE_25.6.136/ide/plugins/com.nxp.mcuxpresso.tools.win32_25.6.0.202501151204/tools/bin/../lib/gcc/arm-none-eabi/14.2.1/../../../../arm-none-eabi/lib/thumb/v6-m/nofp\libcr_c.a(memcpy.o)
                0x00004ba4                memcpy
 .text.memset   0x00004bac        0x8 C:/nxp/MCUXpressoIDE_25.6.136/ide/plugins/com.nxp.mcuxpresso.tools.win32_25.6.0.202501151204/tools/bin/../lib/gcc/arm-none-eabi/14.2.1/../../../../arm-none-eabi/lib/thumb/v6-m/nofp\libcr_c.a(memset.o)
                0x00004bac                memset
 .text.free     0x00004bb4       0x2c C:/nxp/MCUXpressoIDE_25.6.136/ide/plugins/com.nxp.mcuxpresso.tools.win32_25.6.0.202501151204/tools/bin/../lib/gcc/arm-none-eabi/14.2.1/../../../../arm-none-eabi/lib/thumb/v6-m/nofp\libcr_c.a(alloc.o)
                0x00004bb4                free
 .text.remove   0x00004be0       0x12 C:/nxp/MCUXpressoIDE_25.6.136/ide/plugins/com.nxp.mcuxpresso.tools.win32_25.6.0.202501151204/tools/bin/../lib/gcc/arm-none-eabi/14.2.1/../../../../arm-none-eabi/lib/thumb/v6-m/nofp\libcr_c.a(remove.o)
                0x00004be0                remove
 .text.__aeabi_division_idivmod
                0x00004bf2       0x78 C:/nxp/MCUXpressoIDE_25.6.136/ide/plugins/com.nxp.mcuxpresso.tools.win32_25.6.0.202501151204/tools/bin/../lib/gcc/arm-none-eabi/14.2.1/thumb/v6-m/nofp\libcr_eabihelpers.a(division_32.o)
                0x00004bf2                __aeabi_idivmod
                0x00004bf2                __aeabi_idiv
                0x00004bf8                __aeabi_uidivmod
                0x00004bf8                __aeabi_uidiv
 .text.__aeabi_division_idiv0
                0x00004c6a        0x2 C:/nxp/MCUXpressoIDE_25.6.136/ide/plugins/com.nxp.mcuxpresso.tools.win32_25.6.0.202501151204/tools/bin/../lib/gcc/arm-none-eabi/14.2.1/thumb/v6-m/nofp\libcr_eabihelpers.a(division_idiv0.o)
                0x00004c6a                __aeabi_idiv0
 .text.__aeabi_memcpy
                0x00004c6c       0x2c C:/nxp/MCUXpressoIDE_25.6.136/ide/plugins/com.nxp.mcuxpresso.tools.win32_25.6.0.202501151204/tools/bin/../lib/gcc/arm-none-eabi/14.2.1/thumb/v6-m/nofp\libcr_eabihelpers.a(memcpy.o)
                0x00004c6c                __aeabi_memcpy4
                0x00004c6c                __aeabi_memcpy8
                0x00004c6c                __aeabi_memcpy
 .text.__aeabi_memset_lowlevel
                0x00004c98       0x2a C:/nxp/MCUXpressoIDE_25.6.136/ide/plugins/com.nxp.mcuxpresso.tools.win32_25.6.0.202501151204/tools/bin/../lib/gcc/arm-none-eabi/14.2.1/thumb/v6-m/nofp\libcr_eabihelpers.a(memcpy.o)
                0x00004c98                __aeabi_lowlevel_memset
 .text.__sys_close
                0x00004cc2        0x6 C:/nxp/MCUXpressoIDE_25.6.136/ide/plugins/com.nxp.mcuxpresso.tools.win32_25.6.0.202501151204/tools/bin/../lib/gcc/arm-none-eabi/14.2.1/../../../../arm-none-eabi/lib/thumb/v6-m/nofp\libcr_nohost_nf.a(__sys_close.o)
                0x00004cc2                __sys_close
 .text.__sys_flen
                0x00004cc8        0x6 C:/nxp/MCUXpressoIDE_25.6.136/ide/plugins/com.nxp.mcuxpresso.tools.win32_25.6.0.202501151204/tools/bin/../lib/gcc/arm-none-eabi/14.2.1/../../../../arm-none-eabi/lib/thumb/v6-m/nofp\libcr_nohost_nf.a(__sys_flen.o)
                0x00004cc8                __sys_flen
 .text.__sys_istty
                0x00004cce        0x6 C:/nxp/MCUXpressoIDE_25.6.136/ide/plugins/com.nxp.mcuxpresso.tools.win32_25.6.0.202501151204/tools/bin/../lib/gcc/arm-none-eabi/14.2.1/../../../../arm-none-eabi/lib/thumb/v6-m/nofp\libcr_nohost_nf.a(__sys_istty.o)
                0x00004cce                __sys_istty
 .text.__sys_remove
                0x00004cd4        0x6 C:/nxp/MCUXpressoIDE_25.6.136/ide/plugins/com.nxp.mcuxpresso.tools.win32_25.6.0.202501151204/tools/bin/../lib/gcc/arm-none-eabi/14.2.1/../../../../arm-none-eabi/lib/thumb/v6-m/nofp\libcr_nohost_nf.a(__sys_remove.o)
                0x00004cd4                __sys_remove
 .text.__sys_seek
                0x00004cda        0x6 C:/nxp/MCUXpressoIDE_25.6.136/ide/plugins/com.nxp.mcuxpresso.tools.win32_25.6.0.202501151204/tools/bin/../lib/gcc/arm-none-eabi/14.2.1/../../../../arm-none-eabi/lib/thumb/v6-m/nofp\libcr_nohost_nf.a(__sys_seek.o)
                0x00004cda                __sys_seek
 .text.__sys_tmpnam
                0x00004ce0        0x6 C:/nxp/MCUXpressoIDE_25.6.136/ide/plugins/com.nxp.mcuxpresso.tools.win32_25.6.0.202501151204/tools/bin/../lib/gcc/arm-none-eabi/14.2.1/../../../../arm-none-eabi/lib/thumb/v6-m/nofp\libcr_nohost_nf.a(__sys_tmpnam.o)
                0x00004ce0                __sys_tmpnam
 *freertos*/tasks.o(SORT_BY_ALIGNMENT(.rodata*))
 *fill*         0x00004ce6        0x2 ff
 .rodata.uxTopUsedPriority
                0x00004ce8        0x4 ./freertos/freertos-kernel/tasks.o
 .rodata.prvCreateIdleTasks.str1.4
                0x00004cec        0x5 ./freertos/freertos-kernel/tasks.o
 .rodata.xTaskGenericNotify
                0x00004cec       0x14 ./freertos/freertos-kernel/tasks.o
 .rodata.xTaskGenericNotifyFromISR
                0x00004d00       0x14 ./freertos/freertos-kernel/tasks.o
 *(SORT_BY_ALIGNMENT(.rodata) SORT_BY_ALIGNMENT(.rodata.*) SORT_BY_ALIGNMENT(.constdata) SORT_BY_ALIGNMENT(.constdata.*))
 .rodata.__assertion_failed.str1.4
                0x00004d14      0x347 ./utilities/fsl_assert.o
                                 0x14 (size before relaxing)
 .rodata.Sensor_Task.str1.4
                0x0000505b       0x26 ./source/sensor.o
 .rodata.main.str1.4
                0x0000505b        0xb ./source/sensor.o
 .rodata.xTimerCreateTimerTask.str1.4
                0x0000505b        0x8 ./freertos/freertos-kernel/timers.o
 *fill*         0x0000505b        0x1 ff
 .rodata.prvProcessReceivedCommands
                0x0000505c       0x28 ./freertos/freertos-kernel/timers.o
 .rodata.prvCheckForValidListAndQueue.str1.4
                0x00005084        0x5 ./freertos/freertos-kernel/timers.o
 .rodata.CLOCK_GetOsc0ErClkFreq.str1.4
                0x00005084       0x1e ./drivers/fsl_clock.o
 .rodata.CLOCK_GetEr32kClkFreq.str1.4
                0x00005084       0x1f ./drivers/fsl_clock.o
 .rodata.CLOCK_GetFreq
                0x00005084       0x50 ./drivers/fsl_clock.o
 .rodata.CLOCK_GetOutClkFreq.str1.4
                0x000050d4       0x1e ./drivers/fsl_clock.o
 .rodata.CLOCK_SetMcgliteConfig.str1.4
                0x000050d4       0x1f ./drivers/fsl_clock.o
 .rodata.lircFreqs.0
                0x000050d4        0x8 ./drivers/fsl_clock.o
 .rodata.s_lpuartBases
                0x000050dc        0x8 ./drivers/fsl_lpuart.o
 .rodata.s_lpuartClock
                0x000050e4        0x8 ./drivers/fsl_lpuart.o
 .rodata.LPUART_GetInstance.str1.4
                0x000050ec       0x38 ./drivers/fsl_lpuart.o
 .rodata.LPUART_Init.str1.4
                0x000050ec       0x51 ./drivers/fsl_lpuart.o
 .rodata.LPUART_GetDefaultConfig.str1.4
                0x000050ec       0x22 ./drivers/fsl_lpuart.o
 .rodata.LPUART_WriteBlocking.str1.4
                0x000050ec       0x21 ./drivers/fsl_lpuart.o
 .rodata.s_LpuartAdapterBase
                0x000050ec        0x8 ./component/uart/fsl_adapter_lpuart.o
 .rodata.HAL_UartInit.str1.4
                0x000050f4      0x116 ./component/uart/fsl_adapter_lpuart.o
 .rodata.HAL_UartSendBlocking.str1.4
                0x000050f4       0x7b ./component/uart/fsl_adapter_lpuart.o
 .rodata.mcgliteConfig_BOARD_BootClockRUN
                0x000050f4        0x6 ./board/clock_config.o
                0x000050f4                mcgliteConfig_BOARD_BootClockRUN
 *fill*         0x000050fa        0x2 ff
 .rodata.simConfig_BOARD_BootClockRUN
                0x000050fc        0x8 ./board/clock_config.o
                0x000050fc                simConfig_BOARD_BootClockRUN
 .rodata.__num_Ciob_streams
                0x00005104        0x4 C:/nxp/MCUXpressoIDE_25.6.136/ide/plugins/com.nxp.mcuxpresso.tools.win32_25.6.0.202501151204/tools/bin/../lib/gcc/arm-none-eabi/14.2.1/../../../../arm-none-eabi/lib/thumb/v6-m/nofp\libcr_nohost_nf.a(__ciob.o)
                0x00005104                __num_Ciob_streams
 .rodata._initio.str1.1
                0x00005108        0x4 C:/nxp/MCUXpressoIDE_25.6.136/ide/plugins/com.nxp.mcuxpresso.tools.win32_25.6.0.202501151204/tools/bin/../lib/gcc/arm-none-eabi/14.2.1/../../../../arm-none-eabi/lib/thumb/v6-m/nofp\libcr_c.a(initio.o)
                0x0000510c                        . = ALIGN (0x4)

.glue_7         0x0000510c        0x0
 .glue_7        0x0000510c        0x0 linker stubs

.glue_7t        0x0000510c        0x0
 .glue_7t       0x0000510c        0x0 linker stubs

.vfp11_veneer   0x0000510c        0x0
 .vfp11_veneer  0x0000510c        0x0 linker stubs

.v4_bx          0x0000510c        0x0
 .v4_bx         0x0000510c        0x0 linker stubs

.iplt           0x0000510c        0x0
 .iplt          0x0000510c        0x0 ./utilities/str/fsl_str.o

.rel.dyn        0x0000510c        0x0
 .rel.iplt      0x0000510c        0x0 ./utilities/str/fsl_str.o

.ARM.extab
 *(SORT_BY_ALIGNMENT(.ARM.extab*) SORT_BY_ALIGNMENT(.gnu.linkonce.armextab.*))

.ARM.exidx      0x0000510c        0x0
                0x0000510c                        __exidx_start = .
 *(SORT_BY_ALIGNMENT(.ARM.exidx*) SORT_BY_ALIGNMENT(.gnu.linkonce.armexidx.*))
                0x0000510c                        __exidx_end = .
                0x0000510c                        _etext = .

.mtb_buffer_default
                0x1fffe000       0x80
 *(SORT_BY_ALIGNMENT(.mtb*))
 .mtb.$RAM1     0x1fffe000       0x80 ./source/mtb.o
                0x1fffe000                __mtb_buffer__

.uninit_RESERVED
                0x1fffe080        0x0
                0x1fffe080                        _start_uninit_RESERVED = .
 *(SORT_BY_ALIGNMENT(.bss.$RESERVED*))
                0x1fffe080                        . = ALIGN (0x4)
                0x1fffe080                        _end_uninit_RESERVED = .

.data           0x1fffe080        0x8 load address 0x0000510c
 FILL mask 0xff
                0x1fffe080                        _data = .
                [!provide]                        PROVIDE (__start_data_RAM = .)
                [!provide]                        PROVIDE (__start_data_SRAM = .)
 *(SORT_BY_ALIGNMENT(vtable))
 *(SORT_BY_ALIGNMENT(.ramfunc*))
 *(SORT_BY_ALIGNMENT(CodeQuickAccess))
 *(SORT_BY_ALIGNMENT(DataQuickAccess))
 *(SORT_BY_ALIGNMENT(RamFunction))
 *(SORT_BY_ALIGNMENT(.data*))
 .data.ulCriticalNesting
                0x1fffe080        0x4 ./freertos/freertos-kernel/portable/GCC/ARM_CM0/port.o
 .data.SystemCoreClock
                0x1fffe084        0x4 ./device/system_MCXC444.o
                0x1fffe084                SystemCoreClock
                0x1fffe088                        . = ALIGN (0x4)
                0x1fffe088                        _edata = .
                [!provide]                        PROVIDE (__end_data_RAM = .)
                [!provide]                        PROVIDE (__end_data_SRAM = .)

.igot.plt       0x1fffe088        0x0 load address 0x00005114
 .igot.plt      0x1fffe088        0x0 ./utilities/str/fsl_str.o

.bss            0x1fffe088     0x2a94
                0x1fffe088                        _bss = .
                [!provide]                        PROVIDE (__start_bss_RAM = .)
                [!provide]                        PROVIDE (__start_bss_SRAM = .)
 *(SORT_BY_ALIGNMENT(.bss*))
 .bss.s_debugConsoleState
                0x1fffe088       0x20 ./utilities/debug_console/fsl_debug_console.o
 .bss.g_serialHandle
                0x1fffe0a8        0x4 ./utilities/debug_console/fsl_debug_console.o
                0x1fffe0a8                g_serialHandle
 .bss.xWaterLevelSemaphore
                0x1fffe0ac        0x4 ./source/sensor.o
 .bss.sensorData
                0x1fffe0b0       0x10 ./source/sensor.o
                0x1fffe0b0                sensorData
 .bss.ucHeap    0x1fffe0c0     0x2800 ./freertos/freertos-kernel/portable/MemMang/heap_1.o
 .bss.xNextFreeByte
                0x200008c0        0x4 ./freertos/freertos-kernel/portable/MemMang/heap_1.o
 .bss.pucAlignedHeap.0
                0x200008c4        0x4 ./freertos/freertos-kernel/portable/MemMang/heap_1.o
 .bss.xQueueRegistry
                0x200008c8       0x40 ./freertos/freertos-kernel/queue.o
                0x200008c8                xQueueRegistry
 .bss.pxCurrentTCB
                0x20000908        0x4 ./freertos/freertos-kernel/tasks.o
                0x20000908                pxCurrentTCB
 .bss.pxReadyTasksLists
                0x2000090c       0x64 ./freertos/freertos-kernel/tasks.o
 .bss.xDelayedTaskList1
                0x20000970       0x14 ./freertos/freertos-kernel/tasks.o
 .bss.xDelayedTaskList2
                0x20000984       0x14 ./freertos/freertos-kernel/tasks.o
 .bss.pxDelayedTaskList
                0x20000998        0x4 ./freertos/freertos-kernel/tasks.o
 .bss.pxOverflowDelayedTaskList
                0x2000099c        0x4 ./freertos/freertos-kernel/tasks.o
 .bss.xPendingReadyList
                0x200009a0       0x14 ./freertos/freertos-kernel/tasks.o
 .bss.xTasksWaitingTermination
                0x200009b4       0x14 ./freertos/freertos-kernel/tasks.o
 .bss.uxDeletedTasksWaitingCleanUp
                0x200009c8        0x4 ./freertos/freertos-kernel/tasks.o
 .bss.xSuspendedTaskList
                0x200009cc       0x14 ./freertos/freertos-kernel/tasks.o
 .bss.uxCurrentNumberOfTasks
                0x200009e0        0x4 ./freertos/freertos-kernel/tasks.o
 .bss.xTickCount
                0x200009e4        0x4 ./freertos/freertos-kernel/tasks.o
 .bss.uxTopReadyPriority
                0x200009e8        0x4 ./freertos/freertos-kernel/tasks.o
 .bss.xSchedulerRunning
                0x200009ec        0x4 ./freertos/freertos-kernel/tasks.o
 .bss.xPendedTicks
                0x200009f0        0x4 ./freertos/freertos-kernel/tasks.o
 .bss.xYieldPendings
                0x200009f4        0x4 ./freertos/freertos-kernel/tasks.o
 .bss.xNumOfOverflows
                0x200009f8        0x4 ./freertos/freertos-kernel/tasks.o
 .bss.uxTaskNumber
                0x200009fc        0x4 ./freertos/freertos-kernel/tasks.o
 .bss.xNextTaskUnblockTime
                0x20000a00        0x4 ./freertos/freertos-kernel/tasks.o
 .bss.xIdleTaskHandles
                0x20000a04        0x4 ./freertos/freertos-kernel/tasks.o
 .bss.uxSchedulerSuspended
                0x20000a08        0x4 ./freertos/freertos-kernel/tasks.o
 .bss.xActiveTimerList1
                0x20000a0c       0x14 ./freertos/freertos-kernel/timers.o
 .bss.xActiveTimerList2
                0x20000a20       0x14 ./freertos/freertos-kernel/timers.o
 .bss.pxCurrentTimerList
                0x20000a34        0x4 ./freertos/freertos-kernel/timers.o
 .bss.pxOverflowTimerList
                0x20000a38        0x4 ./freertos/freertos-kernel/timers.o
 .bss.xTimerQueue
                0x20000a3c        0x4 ./freertos/freertos-kernel/timers.o
 .bss.xTimerTaskHandle
                0x20000a40        0x4 ./freertos/freertos-kernel/timers.o
 .bss.xLastTime.0
                0x20000a44        0x4 ./freertos/freertos-kernel/timers.o
 .bss.g_xtal0Freq
                0x20000a48        0x4 ./drivers/fsl_clock.o
                0x20000a48                g_xtal0Freq
 .bss.g_xtal32Freq
                0x20000a4c        0x4 ./drivers/fsl_clock.o
                0x20000a4c                g_xtal32Freq
 .bss.s_lpuartHandle
                0x20000a50        0x8 ./drivers/fsl_lpuart.o
                0x20000a50                s_lpuartHandle
 .bss.s_lpuartIsr
                0x20000a58        0x8 ./drivers/fsl_lpuart.o
                0x20000a58                s_lpuartIsr
 .bss.errno     0x20000a60        0x4 C:/nxp/MCUXpressoIDE_25.6.136/ide/plugins/com.nxp.mcuxpresso.tools.win32_25.6.0.202501151204/tools/bin/../lib/gcc/arm-none-eabi/14.2.1/../../../../arm-none-eabi/lib/thumb/v6-m/nofp\libcr_c.a(errno.o)
                0x20000a60                errno
 .bss.__Ciob    0x20000a64       0xb4 C:/nxp/MCUXpressoIDE_25.6.136/ide/plugins/com.nxp.mcuxpresso.tools.win32_25.6.0.202501151204/tools/bin/../lib/gcc/arm-none-eabi/14.2.1/../../../../arm-none-eabi/lib/thumb/v6-m/nofp\libcr_nohost_nf.a(__ciob.o)
                0x20000a64                __Ciob
 .bss.s_debugConsoleReadWaitSemaphore
                0x20000b18        0x1 ./utilities/debug_console/fsl_debug_console.o
 *(SORT_BY_ALIGNMENT(COMMON))
                0x20000b1c                        . = ALIGN (0x4)
 *fill*         0x20000b19        0x3 
                0x20000b1c                        _ebss = .
                [!provide]                        PROVIDE (__end_bss_RAM = .)
                [!provide]                        PROVIDE (__end_bss_SRAM = .)
                [!provide]                        PROVIDE (end = .)

.noinit         0x20000b1c        0x0
                0x20000b1c                        _noinit = .
                [!provide]                        PROVIDE (__start_noinit_RAM = .)
                [!provide]                        PROVIDE (__start_noinit_SRAM = .)
 *(SORT_BY_ALIGNMENT(.noinit*))
                0x20000b1c                        . = ALIGN (0x4)
                0x20000b1c                        _end_noinit = .
                [!provide]                        PROVIDE (__end_noinit_RAM = .)
                [!provide]                        PROVIDE (__end_noinit_SRAM = .)
                0x00000800                        _HeapSize = 0x800

.heap           0x20000b1c      0x800
                0x20000b1c                        _pvHeapStart = .
                0x2000131c                        . = (. + _HeapSize)
 *fill*         0x20000b1c      0x800 
                0x2000131c                        . = ALIGN (0x4)
                0x2000131c                        _pvHeapLimit = .
                0x00000800                        _StackSize = 0x800

.heap2stackfill
                0x2000131c      0x800
                0x20001b1c                        . = (. + _StackSize)
 *fill*         0x2000131c      0x800 

.stack          0x20005800        0x0
                0x20005800                        _vStackBase = .
                0x20005800                        . = ALIGN (0x4)
                0x20006000                        _vStackTop = (. + _StackSize)
                0x00000000                        _image_start = LOADADDR (.text)
                0x00005114                        _image_end = (LOADADDR (.data) + SIZEOF (.data))
                0x00005114                        _image_size = (_image_end - _image_start)
OUTPUT(GP.axf elf32-littlearm)
LOAD linker stubs

.debug_info     0x00000000    0x1152c
 .debug_info    0x00000000      0xd5e ./utilities/str/fsl_str.o
 .debug_info    0x00000d5e      0xecf ./utilities/debug_console/fsl_debug_console.o
 .debug_info    0x00001c2d      0x135 ./utilities/fsl_assert.o
 .debug_info    0x00001d62      0x686 ./startup/startup_mcxc444.o
 .debug_info    0x000023e8       0x53 ./source/mtb.o
 .debug_info    0x0000243b       0x3c ./source/semihost_hardfault.o
 .debug_info    0x00002477      0xe1d ./source/sensor.o
 .debug_info    0x00003294      0x1a7 ./freertos/freertos-kernel/portable/MemMang/heap_1.o
 .debug_info    0x0000343b      0x335 ./freertos/freertos-kernel/portable/GCC/ARM_CM0/port.o
 .debug_info    0x00003770      0x150 ./freertos/freertos-kernel/portable/GCC/ARM_CM0/portasm.o
 .debug_info    0x000038c0      0x2b9 ./freertos/freertos-kernel/list.o
 .debug_info    0x00003b79     0x13b2 ./freertos/freertos-kernel/queue.o
 .debug_info    0x00004f2b     0x225e ./freertos/freertos-kernel/tasks.o
 .debug_info    0x00007189      0xf5d ./freertos/freertos-kernel/timers.o
 .debug_info    0x000080e6     0x138b ./drivers/fsl_clock.o
 .debug_info    0x00009471     0x1f47 ./drivers/fsl_lpuart.o
 .debug_info    0x0000b3b8      0x42a ./device/system_MCXC444.o
 .debug_info    0x0000b7e2      0xb14 ./component/uart/fsl_adapter_lpuart.o
 .debug_info    0x0000c2f6      0xdcc ./component/serial_manager/fsl_component_serial_manager.o
 .debug_info    0x0000d0c2      0x558 ./component/serial_manager/fsl_component_serial_port_uart.o
 .debug_info    0x0000d61a      0x411 ./board/board.o
 .debug_info    0x0000da2b      0xa90 ./board/clock_config.o
 .debug_info    0x0000e4bb       0x9b ./board/peripherals.o
 .debug_info    0x0000e556      0x589 ./board/pin_mux.o
 .debug_info    0x0000eadf       0x85 C:/nxp/MCUXpressoIDE_25.6.136/ide/plugins/com.nxp.mcuxpresso.tools.win32_25.6.0.202501151204/tools/bin/../lib/gcc/arm-none-eabi/14.2.1/../../../../arm-none-eabi/lib/thumb/v6-m/nofp\libcr_nohost_nf.a(_cr__main.o)
 .debug_info    0x0000eb64      0x12b C:/nxp/MCUXpressoIDE_25.6.136/ide/plugins/com.nxp.mcuxpresso.tools.win32_25.6.0.202501151204/tools/bin/../lib/gcc/arm-none-eabi/14.2.1/../../../../arm-none-eabi/lib/thumb/v6-m/nofp\libcr_c.a(memcpy.o)
 .debug_info    0x0000ec8f       0xfc C:/nxp/MCUXpressoIDE_25.6.136/ide/plugins/com.nxp.mcuxpresso.tools.win32_25.6.0.202501151204/tools/bin/../lib/gcc/arm-none-eabi/14.2.1/../../../../arm-none-eabi/lib/thumb/v6-m/nofp\libcr_c.a(memset.o)
 .debug_info    0x0000ed8b      0x526 C:/nxp/MCUXpressoIDE_25.6.136/ide/plugins/com.nxp.mcuxpresso.tools.win32_25.6.0.202501151204/tools/bin/../lib/gcc/arm-none-eabi/14.2.1/../../../../arm-none-eabi/lib/thumb/v6-m/nofp\libcr_c.a(alloc.o)
 .debug_info    0x0000f2b1       0x44 C:/nxp/MCUXpressoIDE_25.6.136/ide/plugins/com.nxp.mcuxpresso.tools.win32_25.6.0.202501151204/tools/bin/../lib/gcc/arm-none-eabi/14.2.1/../../../../arm-none-eabi/lib/thumb/v6-m/nofp\libcr_c.a(errno.o)
 .debug_info    0x0000f2f5      0x353 C:/nxp/MCUXpressoIDE_25.6.136/ide/plugins/com.nxp.mcuxpresso.tools.win32_25.6.0.202501151204/tools/bin/../lib/gcc/arm-none-eabi/14.2.1/../../../../arm-none-eabi/lib/thumb/v6-m/nofp\libcr_c.a(initio.o)
 .debug_info    0x0000f648      0x1fd C:/nxp/MCUXpressoIDE_25.6.136/ide/plugins/com.nxp.mcuxpresso.tools.win32_25.6.0.202501151204/tools/bin/../lib/gcc/arm-none-eabi/14.2.1/../../../../arm-none-eabi/lib/thumb/v6-m/nofp\libcr_c.a(setvbuf.o)
 .debug_info    0x0000f845       0xdd C:/nxp/MCUXpressoIDE_25.6.136/ide/plugins/com.nxp.mcuxpresso.tools.win32_25.6.0.202501151204/tools/bin/../lib/gcc/arm-none-eabi/14.2.1/../../../../arm-none-eabi/lib/thumb/v6-m/nofp\libcr_c.a(strlen.o)
 .debug_info    0x0000f922      0x391 C:/nxp/MCUXpressoIDE_25.6.136/ide/plugins/com.nxp.mcuxpresso.tools.win32_25.6.0.202501151204/tools/bin/../lib/gcc/arm-none-eabi/14.2.1/../../../../arm-none-eabi/lib/thumb/v6-m/nofp\libcr_c.a(_deferredlazyseek.o)
 .debug_info    0x0000fcb3      0x24b C:/nxp/MCUXpressoIDE_25.6.136/ide/plugins/com.nxp.mcuxpresso.tools.win32_25.6.0.202501151204/tools/bin/../lib/gcc/arm-none-eabi/14.2.1/../../../../arm-none-eabi/lib/thumb/v6-m/nofp\libcr_c.a(_fdopen.o)
 .debug_info    0x0000fefe      0x1ea C:/nxp/MCUXpressoIDE_25.6.136/ide/plugins/com.nxp.mcuxpresso.tools.win32_25.6.0.202501151204/tools/bin/../lib/gcc/arm-none-eabi/14.2.1/../../../../arm-none-eabi/lib/thumb/v6-m/nofp\libcr_c.a(_fflush.o)
 .debug_info    0x000100e8      0x28a C:/nxp/MCUXpressoIDE_25.6.136/ide/plugins/com.nxp.mcuxpresso.tools.win32_25.6.0.202501151204/tools/bin/../lib/gcc/arm-none-eabi/14.2.1/../../../../arm-none-eabi/lib/thumb/v6-m/nofp\libcr_c.a(_writebuf.o)
 .debug_info    0x00010372      0x325 C:/nxp/MCUXpressoIDE_25.6.136/ide/plugins/com.nxp.mcuxpresso.tools.win32_25.6.0.202501151204/tools/bin/../lib/gcc/arm-none-eabi/14.2.1/../../../../arm-none-eabi/lib/thumb/v6-m/nofp\libcr_c.a(fclose.o)
 .debug_info    0x00010697      0x210 C:/nxp/MCUXpressoIDE_25.6.136/ide/plugins/com.nxp.mcuxpresso.tools.win32_25.6.0.202501151204/tools/bin/../lib/gcc/arm-none-eabi/14.2.1/../../../../arm-none-eabi/lib/thumb/v6-m/nofp\libcr_c.a(fflush.o)
 .debug_info    0x000108a7      0x27f C:/nxp/MCUXpressoIDE_25.6.136/ide/plugins/com.nxp.mcuxpresso.tools.win32_25.6.0.202501151204/tools/bin/../lib/gcc/arm-none-eabi/14.2.1/../../../../arm-none-eabi/lib/thumb/v6-m/nofp\libcr_c.a(fseek.o)
 .debug_info    0x00010b26      0x197 C:/nxp/MCUXpressoIDE_25.6.136/ide/plugins/com.nxp.mcuxpresso.tools.win32_25.6.0.202501151204/tools/bin/../lib/gcc/arm-none-eabi/14.2.1/../../../../arm-none-eabi/lib/thumb/v6-m/nofp\libcr_c.a(ftell.o)
 .debug_info    0x00010cbd      0x1d0 C:/nxp/MCUXpressoIDE_25.6.136/ide/plugins/com.nxp.mcuxpresso.tools.win32_25.6.0.202501151204/tools/bin/../lib/gcc/arm-none-eabi/14.2.1/../../../../arm-none-eabi/lib/thumb/v6-m/nofp\libcr_c.a(remove.o)
 .debug_info    0x00010e8d      0x241 C:/nxp/MCUXpressoIDE_25.6.136/ide/plugins/com.nxp.mcuxpresso.tools.win32_25.6.0.202501151204/tools/bin/../lib/gcc/arm-none-eabi/14.2.1/../../../../arm-none-eabi/lib/thumb/v6-m/nofp\libcr_c.a(_do_fflush.o)
 .debug_info    0x000110ce      0x18b C:/nxp/MCUXpressoIDE_25.6.136/ide/plugins/com.nxp.mcuxpresso.tools.win32_25.6.0.202501151204/tools/bin/../lib/gcc/arm-none-eabi/14.2.1/../../../../arm-none-eabi/lib/thumb/v6-m/nofp\libcr_nohost_nf.a(__ciob.o)
 .debug_info    0x00011259       0x6a C:/nxp/MCUXpressoIDE_25.6.136/ide/plugins/com.nxp.mcuxpresso.tools.win32_25.6.0.202501151204/tools/bin/../lib/gcc/arm-none-eabi/14.2.1/../../../../arm-none-eabi/lib/thumb/v6-m/nofp\libcr_nohost_nf.a(__sys_close.o)
 .debug_info    0x000112c3       0x6a C:/nxp/MCUXpressoIDE_25.6.136/ide/plugins/com.nxp.mcuxpresso.tools.win32_25.6.0.202501151204/tools/bin/../lib/gcc/arm-none-eabi/14.2.1/../../../../arm-none-eabi/lib/thumb/v6-m/nofp\libcr_nohost_nf.a(__sys_flen.o)
 .debug_info    0x0001132d       0x6a C:/nxp/MCUXpressoIDE_25.6.136/ide/plugins/com.nxp.mcuxpresso.tools.win32_25.6.0.202501151204/tools/bin/../lib/gcc/arm-none-eabi/14.2.1/../../../../arm-none-eabi/lib/thumb/v6-m/nofp\libcr_nohost_nf.a(__sys_istty.o)
 .debug_info    0x00011397       0x8a C:/nxp/MCUXpressoIDE_25.6.136/ide/plugins/com.nxp.mcuxpresso.tools.win32_25.6.0.202501151204/tools/bin/../lib/gcc/arm-none-eabi/14.2.1/../../../../arm-none-eabi/lib/thumb/v6-m/nofp\libcr_nohost_nf.a(__sys_remove.o)
 .debug_info    0x00011421       0x78 C:/nxp/MCUXpressoIDE_25.6.136/ide/plugins/com.nxp.mcuxpresso.tools.win32_25.6.0.202501151204/tools/bin/../lib/gcc/arm-none-eabi/14.2.1/../../../../arm-none-eabi/lib/thumb/v6-m/nofp\libcr_nohost_nf.a(__sys_seek.o)
 .debug_info    0x00011499       0x93 C:/nxp/MCUXpressoIDE_25.6.136/ide/plugins/com.nxp.mcuxpresso.tools.win32_25.6.0.202501151204/tools/bin/../lib/gcc/arm-none-eabi/14.2.1/../../../../arm-none-eabi/lib/thumb/v6-m/nofp\libcr_nohost_nf.a(__sys_tmpnam.o)

.debug_abbrev   0x00000000     0x412b
 .debug_abbrev  0x00000000      0x270 ./utilities/str/fsl_str.o
 .debug_abbrev  0x00000270      0x28e ./utilities/debug_console/fsl_debug_console.o
 .debug_abbrev  0x000004fe       0xbd ./utilities/fsl_assert.o
 .debug_abbrev  0x000005bb      0x1a7 ./startup/startup_mcxc444.o
 .debug_abbrev  0x00000762       0x46 ./source/mtb.o
 .debug_abbrev  0x000007a8       0x31 ./source/semihost_hardfault.o
 .debug_abbrev  0x000007d9      0x2f7 ./source/sensor.o
 .debug_abbrev  0x00000ad0      0x127 ./freertos/freertos-kernel/portable/MemMang/heap_1.o
 .debug_abbrev  0x00000bf7      0x1ba ./freertos/freertos-kernel/portable/GCC/ARM_CM0/port.o
 .debug_abbrev  0x00000db1       0xb9 ./freertos/freertos-kernel/portable/GCC/ARM_CM0/portasm.o
 .debug_abbrev  0x00000e6a       0xeb ./freertos/freertos-kernel/list.o
 .debug_abbrev  0x00000f55      0x2bd ./freertos/freertos-kernel/queue.o
 .debug_abbrev  0x00001212      0x30f ./freertos/freertos-kernel/tasks.o
 .debug_abbrev  0x00001521      0x2c1 ./freertos/freertos-kernel/timers.o
 .debug_abbrev  0x000017e2      0x2e0 ./drivers/fsl_clock.o
 .debug_abbrev  0x00001ac2      0x422 ./drivers/fsl_lpuart.o
 .debug_abbrev  0x00001ee4      0x139 ./device/system_MCXC444.o
 .debug_abbrev  0x0000201d      0x1e7 ./component/uart/fsl_adapter_lpuart.o
 .debug_abbrev  0x00002204      0x2be ./component/serial_manager/fsl_component_serial_manager.o
 .debug_abbrev  0x000024c2      0x18c ./component/serial_manager/fsl_component_serial_port_uart.o
 .debug_abbrev  0x0000264e      0x163 ./board/board.o
 .debug_abbrev  0x000027b1      0x1e0 ./board/clock_config.o
 .debug_abbrev  0x00002991       0x61 ./board/peripherals.o
 .debug_abbrev  0x000029f2      0x1a3 ./board/pin_mux.o
 .debug_abbrev  0x00002b95       0x62 C:/nxp/MCUXpressoIDE_25.6.136/ide/plugins/com.nxp.mcuxpresso.tools.win32_25.6.0.202501151204/tools/bin/../lib/gcc/arm-none-eabi/14.2.1/../../../../arm-none-eabi/lib/thumb/v6-m/nofp\libcr_nohost_nf.a(_cr__main.o)
 .debug_abbrev  0x00002bf7       0xb3 C:/nxp/MCUXpressoIDE_25.6.136/ide/plugins/com.nxp.mcuxpresso.tools.win32_25.6.0.202501151204/tools/bin/../lib/gcc/arm-none-eabi/14.2.1/../../../../arm-none-eabi/lib/thumb/v6-m/nofp\libcr_c.a(memcpy.o)
 .debug_abbrev  0x00002caa       0xa5 C:/nxp/MCUXpressoIDE_25.6.136/ide/plugins/com.nxp.mcuxpresso.tools.win32_25.6.0.202501151204/tools/bin/../lib/gcc/arm-none-eabi/14.2.1/../../../../arm-none-eabi/lib/thumb/v6-m/nofp\libcr_c.a(memset.o)
 .debug_abbrev  0x00002d4f      0x27b C:/nxp/MCUXpressoIDE_25.6.136/ide/plugins/com.nxp.mcuxpresso.tools.win32_25.6.0.202501151204/tools/bin/../lib/gcc/arm-none-eabi/14.2.1/../../../../arm-none-eabi/lib/thumb/v6-m/nofp\libcr_c.a(alloc.o)
 .debug_abbrev  0x00002fca       0x44 C:/nxp/MCUXpressoIDE_25.6.136/ide/plugins/com.nxp.mcuxpresso.tools.win32_25.6.0.202501151204/tools/bin/../lib/gcc/arm-none-eabi/14.2.1/../../../../arm-none-eabi/lib/thumb/v6-m/nofp\libcr_c.a(errno.o)
 .debug_abbrev  0x0000300e      0x14b C:/nxp/MCUXpressoIDE_25.6.136/ide/plugins/com.nxp.mcuxpresso.tools.win32_25.6.0.202501151204/tools/bin/../lib/gcc/arm-none-eabi/14.2.1/../../../../arm-none-eabi/lib/thumb/v6-m/nofp\libcr_c.a(initio.o)
 .debug_abbrev  0x00003159       0xe1 C:/nxp/MCUXpressoIDE_25.6.136/ide/plugins/com.nxp.mcuxpresso.tools.win32_25.6.0.202501151204/tools/bin/../lib/gcc/arm-none-eabi/14.2.1/../../../../arm-none-eabi/lib/thumb/v6-m/nofp\libcr_c.a(setvbuf.o)
 .debug_abbrev  0x0000323a       0xa5 C:/nxp/MCUXpressoIDE_25.6.136/ide/plugins/com.nxp.mcuxpresso.tools.win32_25.6.0.202501151204/tools/bin/../lib/gcc/arm-none-eabi/14.2.1/../../../../arm-none-eabi/lib/thumb/v6-m/nofp\libcr_c.a(strlen.o)
 .debug_abbrev  0x000032df      0x183 C:/nxp/MCUXpressoIDE_25.6.136/ide/plugins/com.nxp.mcuxpresso.tools.win32_25.6.0.202501151204/tools/bin/../lib/gcc/arm-none-eabi/14.2.1/../../../../arm-none-eabi/lib/thumb/v6-m/nofp\libcr_c.a(_deferredlazyseek.o)
 .debug_abbrev  0x00003462      0x119 C:/nxp/MCUXpressoIDE_25.6.136/ide/plugins/com.nxp.mcuxpresso.tools.win32_25.6.0.202501151204/tools/bin/../lib/gcc/arm-none-eabi/14.2.1/../../../../arm-none-eabi/lib/thumb/v6-m/nofp\libcr_c.a(_fdopen.o)
 .debug_abbrev  0x0000357b       0xf1 C:/nxp/MCUXpressoIDE_25.6.136/ide/plugins/com.nxp.mcuxpresso.tools.win32_25.6.0.202501151204/tools/bin/../lib/gcc/arm-none-eabi/14.2.1/../../../../arm-none-eabi/lib/thumb/v6-m/nofp\libcr_c.a(_fflush.o)
 .debug_abbrev  0x0000366c      0x126 C:/nxp/MCUXpressoIDE_25.6.136/ide/plugins/com.nxp.mcuxpresso.tools.win32_25.6.0.202501151204/tools/bin/../lib/gcc/arm-none-eabi/14.2.1/../../../../arm-none-eabi/lib/thumb/v6-m/nofp\libcr_c.a(_writebuf.o)
 .debug_abbrev  0x00003792      0x158 C:/nxp/MCUXpressoIDE_25.6.136/ide/plugins/com.nxp.mcuxpresso.tools.win32_25.6.0.202501151204/tools/bin/../lib/gcc/arm-none-eabi/14.2.1/../../../../arm-none-eabi/lib/thumb/v6-m/nofp\libcr_c.a(fclose.o)
 .debug_abbrev  0x000038ea      0x122 C:/nxp/MCUXpressoIDE_25.6.136/ide/plugins/com.nxp.mcuxpresso.tools.win32_25.6.0.202501151204/tools/bin/../lib/gcc/arm-none-eabi/14.2.1/../../../../arm-none-eabi/lib/thumb/v6-m/nofp\libcr_c.a(fflush.o)
 .debug_abbrev  0x00003a0c      0x11b C:/nxp/MCUXpressoIDE_25.6.136/ide/plugins/com.nxp.mcuxpresso.tools.win32_25.6.0.202501151204/tools/bin/../lib/gcc/arm-none-eabi/14.2.1/../../../../arm-none-eabi/lib/thumb/v6-m/nofp\libcr_c.a(fseek.o)
 .debug_abbrev  0x00003b27       0xc2 C:/nxp/MCUXpressoIDE_25.6.136/ide/plugins/com.nxp.mcuxpresso.tools.win32_25.6.0.202501151204/tools/bin/../lib/gcc/arm-none-eabi/14.2.1/../../../../arm-none-eabi/lib/thumb/v6-m/nofp\libcr_c.a(ftell.o)
 .debug_abbrev  0x00003be9       0xed C:/nxp/MCUXpressoIDE_25.6.136/ide/plugins/com.nxp.mcuxpresso.tools.win32_25.6.0.202501151204/tools/bin/../lib/gcc/arm-none-eabi/14.2.1/../../../../arm-none-eabi/lib/thumb/v6-m/nofp\libcr_c.a(remove.o)
 .debug_abbrev  0x00003cd6      0x12c C:/nxp/MCUXpressoIDE_25.6.136/ide/plugins/com.nxp.mcuxpresso.tools.win32_25.6.0.202501151204/tools/bin/../lib/gcc/arm-none-eabi/14.2.1/../../../../arm-none-eabi/lib/thumb/v6-m/nofp\libcr_c.a(_do_fflush.o)
 .debug_abbrev  0x00003e02       0xb5 C:/nxp/MCUXpressoIDE_25.6.136/ide/plugins/com.nxp.mcuxpresso.tools.win32_25.6.0.202501151204/tools/bin/../lib/gcc/arm-none-eabi/14.2.1/../../../../arm-none-eabi/lib/thumb/v6-m/nofp\libcr_nohost_nf.a(__ciob.o)
 .debug_abbrev  0x00003eb7       0x5c C:/nxp/MCUXpressoIDE_25.6.136/ide/plugins/com.nxp.mcuxpresso.tools.win32_25.6.0.202501151204/tools/bin/../lib/gcc/arm-none-eabi/14.2.1/../../../../arm-none-eabi/lib/thumb/v6-m/nofp\libcr_nohost_nf.a(__sys_close.o)
 .debug_abbrev  0x00003f13       0x5c C:/nxp/MCUXpressoIDE_25.6.136/ide/plugins/com.nxp.mcuxpresso.tools.win32_25.6.0.202501151204/tools/bin/../lib/gcc/arm-none-eabi/14.2.1/../../../../arm-none-eabi/lib/thumb/v6-m/nofp\libcr_nohost_nf.a(__sys_flen.o)
 .debug_abbrev  0x00003f6f       0x5c C:/nxp/MCUXpressoIDE_25.6.136/ide/plugins/com.nxp.mcuxpresso.tools.win32_25.6.0.202501151204/tools/bin/../lib/gcc/arm-none-eabi/14.2.1/../../../../arm-none-eabi/lib/thumb/v6-m/nofp\libcr_nohost_nf.a(__sys_istty.o)
 .debug_abbrev  0x00003fcb       0x7d C:/nxp/MCUXpressoIDE_25.6.136/ide/plugins/com.nxp.mcuxpresso.tools.win32_25.6.0.202501151204/tools/bin/../lib/gcc/arm-none-eabi/14.2.1/../../../../arm-none-eabi/lib/thumb/v6-m/nofp\libcr_nohost_nf.a(__sys_remove.o)
 .debug_abbrev  0x00004048       0x6d C:/nxp/MCUXpressoIDE_25.6.136/ide/plugins/com.nxp.mcuxpresso.tools.win32_25.6.0.202501151204/tools/bin/../lib/gcc/arm-none-eabi/14.2.1/../../../../arm-none-eabi/lib/thumb/v6-m/nofp\libcr_nohost_nf.a(__sys_seek.o)
 .debug_abbrev  0x000040b5       0x76 C:/nxp/MCUXpressoIDE_25.6.136/ide/plugins/com.nxp.mcuxpresso.tools.win32_25.6.0.202501151204/tools/bin/../lib/gcc/arm-none-eabi/14.2.1/../../../../arm-none-eabi/lib/thumb/v6-m/nofp\libcr_nohost_nf.a(__sys_tmpnam.o)

.debug_aranges  0x00000000     0x1188
 .debug_aranges
                0x00000000       0xe8 ./utilities/str/fsl_str.o
 .debug_aranges
                0x000000e8       0xb8 ./utilities/debug_console/fsl_debug_console.o
 .debug_aranges
                0x000001a0       0x28 ./utilities/fsl_assert.o
 .debug_aranges
                0x000001c8      0x160 ./startup/startup_mcxc444.o
 .debug_aranges
                0x00000328       0x18 ./source/mtb.o
 .debug_aranges
                0x00000340       0x20 ./source/semihost_hardfault.o
 .debug_aranges
                0x00000360       0x60 ./source/sensor.o
 .debug_aranges
                0x000003c0       0x40 ./freertos/freertos-kernel/portable/MemMang/heap_1.o
 .debug_aranges
                0x00000400       0x70 ./freertos/freertos-kernel/portable/GCC/ARM_CM0/port.o
 .debug_aranges
                0x00000470       0x60 ./freertos/freertos-kernel/portable/GCC/ARM_CM0/portasm.o
 .debug_aranges
                0x000004d0       0x40 ./freertos/freertos-kernel/list.o
 .debug_aranges
                0x00000510      0x140 ./freertos/freertos-kernel/queue.o
 .debug_aranges
                0x00000650      0x238 ./freertos/freertos-kernel/tasks.o
 .debug_aranges
                0x00000888      0x108 ./freertos/freertos-kernel/timers.o
 .debug_aranges
                0x00000990       0xd0 ./drivers/fsl_clock.o
 .debug_aranges
                0x00000a60      0x188 ./drivers/fsl_lpuart.o
 .debug_aranges
                0x00000be8       0x30 ./device/system_MCXC444.o
 .debug_aranges
                0x00000c18       0x58 ./component/uart/fsl_adapter_lpuart.o
 .debug_aranges
                0x00000c70       0xa0 ./component/serial_manager/fsl_component_serial_manager.o
 .debug_aranges
                0x00000d10       0x48 ./component/serial_manager/fsl_component_serial_port_uart.o
 .debug_aranges
                0x00000d58       0x28 ./board/board.o
 .debug_aranges
                0x00000d80       0x48 ./board/clock_config.o
 .debug_aranges
                0x00000dc8       0x28 ./board/peripherals.o
 .debug_aranges
                0x00000df0       0x50 ./board/pin_mux.o
 .debug_aranges
                0x00000e40       0x20 C:/nxp/MCUXpressoIDE_25.6.136/ide/plugins/com.nxp.mcuxpresso.tools.win32_25.6.0.202501151204/tools/bin/../lib/gcc/arm-none-eabi/14.2.1/../../../../arm-none-eabi/lib/thumb/v6-m/nofp\libcr_nohost_nf.a(_cr__main.o)
 .debug_aranges
                0x00000e60       0x20 C:/nxp/MCUXpressoIDE_25.6.136/ide/plugins/com.nxp.mcuxpresso.tools.win32_25.6.0.202501151204/tools/bin/../lib/gcc/arm-none-eabi/14.2.1/../../../../arm-none-eabi/lib/thumb/v6-m/nofp\libcr_c.a(memcpy.o)
 .debug_aranges
                0x00000e80       0x20 C:/nxp/MCUXpressoIDE_25.6.136/ide/plugins/com.nxp.mcuxpresso.tools.win32_25.6.0.202501151204/tools/bin/../lib/gcc/arm-none-eabi/14.2.1/../../../../arm-none-eabi/lib/thumb/v6-m/nofp\libcr_c.a(memset.o)
 .debug_aranges
                0x00000ea0       0x40 C:/nxp/MCUXpressoIDE_25.6.136/ide/plugins/com.nxp.mcuxpresso.tools.win32_25.6.0.202501151204/tools/bin/../lib/gcc/arm-none-eabi/14.2.1/../../../../arm-none-eabi/lib/thumb/v6-m/nofp\libcr_c.a(alloc.o)
 .debug_aranges
                0x00000ee0       0x18 C:/nxp/MCUXpressoIDE_25.6.136/ide/plugins/com.nxp.mcuxpresso.tools.win32_25.6.0.202501151204/tools/bin/../lib/gcc/arm-none-eabi/14.2.1/../../../../arm-none-eabi/lib/thumb/v6-m/nofp\libcr_c.a(errno.o)
 .debug_aranges
                0x00000ef8       0x28 C:/nxp/MCUXpressoIDE_25.6.136/ide/plugins/com.nxp.mcuxpresso.tools.win32_25.6.0.202501151204/tools/bin/../lib/gcc/arm-none-eabi/14.2.1/../../../../arm-none-eabi/lib/thumb/v6-m/nofp\libcr_c.a(initio.o)
 .debug_aranges
                0x00000f20       0x20 C:/nxp/MCUXpressoIDE_25.6.136/ide/plugins/com.nxp.mcuxpresso.tools.win32_25.6.0.202501151204/tools/bin/../lib/gcc/arm-none-eabi/14.2.1/../../../../arm-none-eabi/lib/thumb/v6-m/nofp\libcr_c.a(setvbuf.o)
 .debug_aranges
                0x00000f40       0x20 C:/nxp/MCUXpressoIDE_25.6.136/ide/plugins/com.nxp.mcuxpresso.tools.win32_25.6.0.202501151204/tools/bin/../lib/gcc/arm-none-eabi/14.2.1/../../../../arm-none-eabi/lib/thumb/v6-m/nofp\libcr_c.a(strlen.o)
 .debug_aranges
                0x00000f60       0x28 C:/nxp/MCUXpressoIDE_25.6.136/ide/plugins/com.nxp.mcuxpresso.tools.win32_25.6.0.202501151204/tools/bin/../lib/gcc/arm-none-eabi/14.2.1/../../../../arm-none-eabi/lib/thumb/v6-m/nofp\libcr_c.a(_deferredlazyseek.o)
 .debug_aranges
                0x00000f88       0x20 C:/nxp/MCUXpressoIDE_25.6.136/ide/plugins/com.nxp.mcuxpresso.tools.win32_25.6.0.202501151204/tools/bin/../lib/gcc/arm-none-eabi/14.2.1/../../../../arm-none-eabi/lib/thumb/v6-m/nofp\libcr_c.a(_fdopen.o)
 .debug_aranges
                0x00000fa8       0x20 C:/nxp/MCUXpressoIDE_25.6.136/ide/plugins/com.nxp.mcuxpresso.tools.win32_25.6.0.202501151204/tools/bin/../lib/gcc/arm-none-eabi/14.2.1/../../../../arm-none-eabi/lib/thumb/v6-m/nofp\libcr_c.a(_fflush.o)
 .debug_aranges
                0x00000fc8       0x20 C:/nxp/MCUXpressoIDE_25.6.136/ide/plugins/com.nxp.mcuxpresso.tools.win32_25.6.0.202501151204/tools/bin/../lib/gcc/arm-none-eabi/14.2.1/../../../../arm-none-eabi/lib/thumb/v6-m/nofp\libcr_c.a(_writebuf.o)
 .debug_aranges
                0x00000fe8       0x20 C:/nxp/MCUXpressoIDE_25.6.136/ide/plugins/com.nxp.mcuxpresso.tools.win32_25.6.0.202501151204/tools/bin/../lib/gcc/arm-none-eabi/14.2.1/../../../../arm-none-eabi/lib/thumb/v6-m/nofp\libcr_c.a(fclose.o)
 .debug_aranges
                0x00001008       0x20 C:/nxp/MCUXpressoIDE_25.6.136/ide/plugins/com.nxp.mcuxpresso.tools.win32_25.6.0.202501151204/tools/bin/../lib/gcc/arm-none-eabi/14.2.1/../../../../arm-none-eabi/lib/thumb/v6-m/nofp\libcr_c.a(fflush.o)
 .debug_aranges
                0x00001028       0x20 C:/nxp/MCUXpressoIDE_25.6.136/ide/plugins/com.nxp.mcuxpresso.tools.win32_25.6.0.202501151204/tools/bin/../lib/gcc/arm-none-eabi/14.2.1/../../../../arm-none-eabi/lib/thumb/v6-m/nofp\libcr_c.a(fseek.o)
 .debug_aranges
                0x00001048       0x20 C:/nxp/MCUXpressoIDE_25.6.136/ide/plugins/com.nxp.mcuxpresso.tools.win32_25.6.0.202501151204/tools/bin/../lib/gcc/arm-none-eabi/14.2.1/../../../../arm-none-eabi/lib/thumb/v6-m/nofp\libcr_c.a(ftell.o)
 .debug_aranges
                0x00001068       0x28 C:/nxp/MCUXpressoIDE_25.6.136/ide/plugins/com.nxp.mcuxpresso.tools.win32_25.6.0.202501151204/tools/bin/../lib/gcc/arm-none-eabi/14.2.1/../../../../arm-none-eabi/lib/thumb/v6-m/nofp\libcr_c.a(remove.o)
 .debug_aranges
                0x00001090       0x20 C:/nxp/MCUXpressoIDE_25.6.136/ide/plugins/com.nxp.mcuxpresso.tools.win32_25.6.0.202501151204/tools/bin/../lib/gcc/arm-none-eabi/14.2.1/../../../../arm-none-eabi/lib/thumb/v6-m/nofp\libcr_c.a(_do_fflush.o)
 .debug_aranges
                0x000010b0       0x18 C:/nxp/MCUXpressoIDE_25.6.136/ide/plugins/com.nxp.mcuxpresso.tools.win32_25.6.0.202501151204/tools/bin/../lib/gcc/arm-none-eabi/14.2.1/../../../../arm-none-eabi/lib/thumb/v6-m/nofp\libcr_nohost_nf.a(__ciob.o)
 .debug_aranges
                0x000010c8       0x20 C:/nxp/MCUXpressoIDE_25.6.136/ide/plugins/com.nxp.mcuxpresso.tools.win32_25.6.0.202501151204/tools/bin/../lib/gcc/arm-none-eabi/14.2.1/../../../../arm-none-eabi/lib/thumb/v6-m/nofp\libcr_nohost_nf.a(__sys_close.o)
 .debug_aranges
                0x000010e8       0x20 C:/nxp/MCUXpressoIDE_25.6.136/ide/plugins/com.nxp.mcuxpresso.tools.win32_25.6.0.202501151204/tools/bin/../lib/gcc/arm-none-eabi/14.2.1/../../../../arm-none-eabi/lib/thumb/v6-m/nofp\libcr_nohost_nf.a(__sys_flen.o)
 .debug_aranges
                0x00001108       0x20 C:/nxp/MCUXpressoIDE_25.6.136/ide/plugins/com.nxp.mcuxpresso.tools.win32_25.6.0.202501151204/tools/bin/../lib/gcc/arm-none-eabi/14.2.1/../../../../arm-none-eabi/lib/thumb/v6-m/nofp\libcr_nohost_nf.a(__sys_istty.o)
 .debug_aranges
                0x00001128       0x20 C:/nxp/MCUXpressoIDE_25.6.136/ide/plugins/com.nxp.mcuxpresso.tools.win32_25.6.0.202501151204/tools/bin/../lib/gcc/arm-none-eabi/14.2.1/../../../../arm-none-eabi/lib/thumb/v6-m/nofp\libcr_nohost_nf.a(__sys_remove.o)
 .debug_aranges
                0x00001148       0x20 C:/nxp/MCUXpressoIDE_25.6.136/ide/plugins/com.nxp.mcuxpresso.tools.win32_25.6.0.202501151204/tools/bin/../lib/gcc/arm-none-eabi/14.2.1/../../../../arm-none-eabi/lib/thumb/v6-m/nofp\libcr_nohost_nf.a(__sys_seek.o)
 .debug_aranges
                0x00001168       0x20 C:/nxp/MCUXpressoIDE_25.6.136/ide/plugins/com.nxp.mcuxpresso.tools.win32_25.6.0.202501151204/tools/bin/../lib/gcc/arm-none-eabi/14.2.1/../../../../arm-none-eabi/lib/thumb/v6-m/nofp\libcr_nohost_nf.a(__sys_tmpnam.o)

.debug_ranges   0x00000000      0xf68
 .debug_ranges  0x00000000      0x108 ./utilities/str/fsl_str.o
 .debug_ranges  0x00000108       0xa8 ./utilities/debug_console/fsl_debug_console.o
 .debug_ranges  0x000001b0       0x18 ./utilities/fsl_assert.o
 .debug_ranges  0x000001c8      0x150 ./startup/startup_mcxc444.o
 .debug_ranges  0x00000318       0x10 ./source/semihost_hardfault.o
 .debug_ranges  0x00000328       0x50 ./source/sensor.o
 .debug_ranges  0x00000378       0x30 ./freertos/freertos-kernel/portable/MemMang/heap_1.o
 .debug_ranges  0x000003a8       0x60 ./freertos/freertos-kernel/portable/GCC/ARM_CM0/port.o
 .debug_ranges  0x00000408       0x50 ./freertos/freertos-kernel/portable/GCC/ARM_CM0/portasm.o
 .debug_ranges  0x00000458       0x30 ./freertos/freertos-kernel/list.o
 .debug_ranges  0x00000488      0x130 ./freertos/freertos-kernel/queue.o
 .debug_ranges  0x000005b8      0x248 ./freertos/freertos-kernel/tasks.o
 .debug_ranges  0x00000800       0xf8 ./freertos/freertos-kernel/timers.o
 .debug_ranges  0x000008f8       0xc0 ./drivers/fsl_clock.o
 .debug_ranges  0x000009b8      0x178 ./drivers/fsl_lpuart.o
 .debug_ranges  0x00000b30       0x20 ./device/system_MCXC444.o
 .debug_ranges  0x00000b50       0x48 ./component/uart/fsl_adapter_lpuart.o
 .debug_ranges  0x00000b98       0x90 ./component/serial_manager/fsl_component_serial_manager.o
 .debug_ranges  0x00000c28       0x38 ./component/serial_manager/fsl_component_serial_port_uart.o
 .debug_ranges  0x00000c60       0x18 ./board/board.o
 .debug_ranges  0x00000c78       0x38 ./board/clock_config.o
 .debug_ranges  0x00000cb0       0x18 ./board/peripherals.o
 .debug_ranges  0x00000cc8       0x40 ./board/pin_mux.o
 .debug_ranges  0x00000d08       0x10 C:/nxp/MCUXpressoIDE_25.6.136/ide/plugins/com.nxp.mcuxpresso.tools.win32_25.6.0.202501151204/tools/bin/../lib/gcc/arm-none-eabi/14.2.1/../../../../arm-none-eabi/lib/thumb/v6-m/nofp\libcr_nohost_nf.a(_cr__main.o)
 .debug_ranges  0x00000d18       0x10 C:/nxp/MCUXpressoIDE_25.6.136/ide/plugins/com.nxp.mcuxpresso.tools.win32_25.6.0.202501151204/tools/bin/../lib/gcc/arm-none-eabi/14.2.1/../../../../arm-none-eabi/lib/thumb/v6-m/nofp\libcr_c.a(memcpy.o)
 .debug_ranges  0x00000d28       0x10 C:/nxp/MCUXpressoIDE_25.6.136/ide/plugins/com.nxp.mcuxpresso.tools.win32_25.6.0.202501151204/tools/bin/../lib/gcc/arm-none-eabi/14.2.1/../../../../arm-none-eabi/lib/thumb/v6-m/nofp\libcr_c.a(memset.o)
 .debug_ranges  0x00000d38       0x50 C:/nxp/MCUXpressoIDE_25.6.136/ide/plugins/com.nxp.mcuxpresso.tools.win32_25.6.0.202501151204/tools/bin/../lib/gcc/arm-none-eabi/14.2.1/../../../../arm-none-eabi/lib/thumb/v6-m/nofp\libcr_c.a(alloc.o)
 .debug_ranges  0x00000d88       0x38 C:/nxp/MCUXpressoIDE_25.6.136/ide/plugins/com.nxp.mcuxpresso.tools.win32_25.6.0.202501151204/tools/bin/../lib/gcc/arm-none-eabi/14.2.1/../../../../arm-none-eabi/lib/thumb/v6-m/nofp\libcr_c.a(initio.o)
 .debug_ranges  0x00000dc0       0x10 C:/nxp/MCUXpressoIDE_25.6.136/ide/plugins/com.nxp.mcuxpresso.tools.win32_25.6.0.202501151204/tools/bin/../lib/gcc/arm-none-eabi/14.2.1/../../../../arm-none-eabi/lib/thumb/v6-m/nofp\libcr_c.a(setvbuf.o)
 .debug_ranges  0x00000dd0       0x28 C:/nxp/MCUXpressoIDE_25.6.136/ide/plugins/com.nxp.mcuxpresso.tools.win32_25.6.0.202501151204/tools/bin/../lib/gcc/arm-none-eabi/14.2.1/../../../../arm-none-eabi/lib/thumb/v6-m/nofp\libcr_c.a(strlen.o)
 .debug_ranges  0x00000df8       0x48 C:/nxp/MCUXpressoIDE_25.6.136/ide/plugins/com.nxp.mcuxpresso.tools.win32_25.6.0.202501151204/tools/bin/../lib/gcc/arm-none-eabi/14.2.1/../../../../arm-none-eabi/lib/thumb/v6-m/nofp\libcr_c.a(_deferredlazyseek.o)
 .debug_ranges  0x00000e40       0x10 C:/nxp/MCUXpressoIDE_25.6.136/ide/plugins/com.nxp.mcuxpresso.tools.win32_25.6.0.202501151204/tools/bin/../lib/gcc/arm-none-eabi/14.2.1/../../../../arm-none-eabi/lib/thumb/v6-m/nofp\libcr_c.a(_fdopen.o)
 .debug_ranges  0x00000e50       0x10 C:/nxp/MCUXpressoIDE_25.6.136/ide/plugins/com.nxp.mcuxpresso.tools.win32_25.6.0.202501151204/tools/bin/../lib/gcc/arm-none-eabi/14.2.1/../../../../arm-none-eabi/lib/thumb/v6-m/nofp\libcr_c.a(_fflush.o)
 .debug_ranges  0x00000e60       0x10 C:/nxp/MCUXpressoIDE_25.6.136/ide/plugins/com.nxp.mcuxpresso.tools.win32_25.6.0.202501151204/tools/bin/../lib/gcc/arm-none-eabi/14.2.1/../../../../arm-none-eabi/lib/thumb/v6-m/nofp\libcr_c.a(_writebuf.o)
 .debug_ranges  0x00000e70       0x10 C:/nxp/MCUXpressoIDE_25.6.136/ide/plugins/com.nxp.mcuxpresso.tools.win32_25.6.0.202501151204/tools/bin/../lib/gcc/arm-none-eabi/14.2.1/../../../../arm-none-eabi/lib/thumb/v6-m/nofp\libcr_c.a(fclose.o)
 .debug_ranges  0x00000e80       0x28 C:/nxp/MCUXpressoIDE_25.6.136/ide/plugins/com.nxp.mcuxpresso.tools.win32_25.6.0.202501151204/tools/bin/../lib/gcc/arm-none-eabi/14.2.1/../../../../arm-none-eabi/lib/thumb/v6-m/nofp\libcr_c.a(fflush.o)
 .debug_ranges  0x00000ea8       0x10 C:/nxp/MCUXpressoIDE_25.6.136/ide/plugins/com.nxp.mcuxpresso.tools.win32_25.6.0.202501151204/tools/bin/../lib/gcc/arm-none-eabi/14.2.1/../../../../arm-none-eabi/lib/thumb/v6-m/nofp\libcr_c.a(fseek.o)
 .debug_ranges  0x00000eb8       0x10 C:/nxp/MCUXpressoIDE_25.6.136/ide/plugins/com.nxp.mcuxpresso.tools.win32_25.6.0.202501151204/tools/bin/../lib/gcc/arm-none-eabi/14.2.1/../../../../arm-none-eabi/lib/thumb/v6-m/nofp\libcr_c.a(ftell.o)
 .debug_ranges  0x00000ec8       0x18 C:/nxp/MCUXpressoIDE_25.6.136/ide/plugins/com.nxp.mcuxpresso.tools.win32_25.6.0.202501151204/tools/bin/../lib/gcc/arm-none-eabi/14.2.1/../../../../arm-none-eabi/lib/thumb/v6-m/nofp\libcr_c.a(remove.o)
 .debug_ranges  0x00000ee0       0x28 C:/nxp/MCUXpressoIDE_25.6.136/ide/plugins/com.nxp.mcuxpresso.tools.win32_25.6.0.202501151204/tools/bin/../lib/gcc/arm-none-eabi/14.2.1/../../../../arm-none-eabi/lib/thumb/v6-m/nofp\libcr_c.a(_do_fflush.o)
 .debug_ranges  0x00000f08       0x10 C:/nxp/MCUXpressoIDE_25.6.136/ide/plugins/com.nxp.mcuxpresso.tools.win32_25.6.0.202501151204/tools/bin/../lib/gcc/arm-none-eabi/14.2.1/../../../../arm-none-eabi/lib/thumb/v6-m/nofp\libcr_nohost_nf.a(__sys_close.o)
 .debug_ranges  0x00000f18       0x10 C:/nxp/MCUXpressoIDE_25.6.136/ide/plugins/com.nxp.mcuxpresso.tools.win32_25.6.0.202501151204/tools/bin/../lib/gcc/arm-none-eabi/14.2.1/../../../../arm-none-eabi/lib/thumb/v6-m/nofp\libcr_nohost_nf.a(__sys_flen.o)
 .debug_ranges  0x00000f28       0x10 C:/nxp/MCUXpressoIDE_25.6.136/ide/plugins/com.nxp.mcuxpresso.tools.win32_25.6.0.202501151204/tools/bin/../lib/gcc/arm-none-eabi/14.2.1/../../../../arm-none-eabi/lib/thumb/v6-m/nofp\libcr_nohost_nf.a(__sys_istty.o)
 .debug_ranges  0x00000f38       0x10 C:/nxp/MCUXpressoIDE_25.6.136/ide/plugins/com.nxp.mcuxpresso.tools.win32_25.6.0.202501151204/tools/bin/../lib/gcc/arm-none-eabi/14.2.1/../../../../arm-none-eabi/lib/thumb/v6-m/nofp\libcr_nohost_nf.a(__sys_remove.o)
 .debug_ranges  0x00000f48       0x10 C:/nxp/MCUXpressoIDE_25.6.136/ide/plugins/com.nxp.mcuxpresso.tools.win32_25.6.0.202501151204/tools/bin/../lib/gcc/arm-none-eabi/14.2.1/../../../../arm-none-eabi/lib/thumb/v6-m/nofp\libcr_nohost_nf.a(__sys_seek.o)
 .debug_ranges  0x00000f58       0x10 C:/nxp/MCUXpressoIDE_25.6.136/ide/plugins/com.nxp.mcuxpresso.tools.win32_25.6.0.202501151204/tools/bin/../lib/gcc/arm-none-eabi/14.2.1/../../../../arm-none-eabi/lib/thumb/v6-m/nofp\libcr_nohost_nf.a(__sys_tmpnam.o)

.debug_macro    0x00000000    0x1140d
 .debug_macro   0x00000000      0x2b4 ./utilities/str/fsl_str.o
 .debug_macro   0x000002b4      0xaea ./utilities/str/fsl_str.o
 .debug_macro   0x00000d9e       0x10 ./utilities/str/fsl_str.o
 .debug_macro   0x00000dae       0xc4 ./utilities/str/fsl_str.o
 .debug_macro   0x00000e72       0x1c ./utilities/str/fsl_str.o
 .debug_macro   0x00000e8e      0x12e ./utilities/str/fsl_str.o
 .debug_macro   0x00000fbc       0x28 ./utilities/str/fsl_str.o
 .debug_macro   0x00000fe4      0x1c7 ./utilities/str/fsl_str.o
 .debug_macro   0x000011ab       0x16 ./utilities/str/fsl_str.o
 .debug_macro   0x000011c1       0x22 ./utilities/str/fsl_str.o
 .debug_macro   0x000011e3      0x5b3 ./utilities/str/fsl_str.o
 .debug_macro   0x00001796       0x3e ./utilities/str/fsl_str.o
 .debug_macro   0x000017d4       0x2e ./utilities/str/fsl_str.o
 .debug_macro   0x00001802       0x10 ./utilities/str/fsl_str.o
 .debug_macro   0x00001812       0x2e ./utilities/str/fsl_str.o
 .debug_macro   0x00001840       0xb4 ./utilities/str/fsl_str.o
 .debug_macro   0x000018f4       0x28 ./utilities/str/fsl_str.o
 .debug_macro   0x0000191c      0x3bc ./utilities/str/fsl_str.o
 .debug_macro   0x00001cd8       0x3a ./utilities/str/fsl_str.o
 .debug_macro   0x00001d12     0x1210 ./utilities/str/fsl_str.o
 .debug_macro   0x00002f22      0x846 ./utilities/str/fsl_str.o
 .debug_macro   0x00003768      0x3c1 ./utilities/str/fsl_str.o
 .debug_macro   0x00003b29      0x1ed ./utilities/str/fsl_str.o
 .debug_macro   0x00003d16      0x16e ./utilities/str/fsl_str.o
 .debug_macro   0x00003e84      0x247 ./utilities/str/fsl_str.o
 .debug_macro   0x000040cb       0x4e ./utilities/str/fsl_str.o
 .debug_macro   0x00004119       0x88 ./utilities/str/fsl_str.o
 .debug_macro   0x000041a1      0x41b ./utilities/str/fsl_str.o
 .debug_macro   0x000045bc      0x280 ./utilities/str/fsl_str.o
 .debug_macro   0x0000483c       0x88 ./utilities/str/fsl_str.o
 .debug_macro   0x000048c4      0x3bb ./utilities/str/fsl_str.o
 .debug_macro   0x00004c7f      0x691 ./utilities/str/fsl_str.o
 .debug_macro   0x00005310     0x31e6 ./utilities/str/fsl_str.o
 .debug_macro   0x000084f6      0x478 ./utilities/str/fsl_str.o
 .debug_macro   0x0000896e      0x105 ./utilities/str/fsl_str.o
 .debug_macro   0x00008a73      0x631 ./utilities/str/fsl_str.o
 .debug_macro   0x000090a4      0x199 ./utilities/str/fsl_str.o
 .debug_macro   0x0000923d      0x11b ./utilities/str/fsl_str.o
 .debug_macro   0x00009358      0x2da ./utilities/str/fsl_str.o
 .debug_macro   0x00009632      0x20e ./utilities/str/fsl_str.o
 .debug_macro   0x00009840      0x1ed ./utilities/str/fsl_str.o
 .debug_macro   0x00009a2d       0x86 ./utilities/str/fsl_str.o
 .debug_macro   0x00009ab3       0xfe ./utilities/str/fsl_str.o
 .debug_macro   0x00009bb1      0x119 ./utilities/str/fsl_str.o
 .debug_macro   0x00009cca      0x121 ./utilities/str/fsl_str.o
 .debug_macro   0x00009deb      0x1ed ./utilities/str/fsl_str.o
 .debug_macro   0x00009fd8       0x63 ./utilities/str/fsl_str.o
 .debug_macro   0x0000a03b      0x112 ./utilities/str/fsl_str.o
 .debug_macro   0x0000a14d      0x295 ./utilities/str/fsl_str.o
 .debug_macro   0x0000a3e2      0x6c4 ./utilities/str/fsl_str.o
 .debug_macro   0x0000aaa6       0xdb ./utilities/str/fsl_str.o
 .debug_macro   0x0000ab81      0x3a6 ./utilities/str/fsl_str.o
 .debug_macro   0x0000af27      0x366 ./utilities/str/fsl_str.o
 .debug_macro   0x0000b28d      0x703 ./utilities/str/fsl_str.o
 .debug_macro   0x0000b990      0x5d5 ./utilities/str/fsl_str.o
 .debug_macro   0x0000bf65       0x9b ./utilities/str/fsl_str.o
 .debug_macro   0x0000c000       0x88 ./utilities/str/fsl_str.o
 .debug_macro   0x0000c088       0xce ./utilities/str/fsl_str.o
 .debug_macro   0x0000c156       0xfb ./utilities/str/fsl_str.o
 .debug_macro   0x0000c251       0x16 ./utilities/str/fsl_str.o
 .debug_macro   0x0000c267      0x3d6 ./utilities/debug_console/fsl_debug_console.o
 .debug_macro   0x0000c63d       0x16 ./utilities/debug_console/fsl_debug_console.o
 .debug_macro   0x0000c653       0x10 ./utilities/debug_console/fsl_debug_console.o
 .debug_macro   0x0000c663       0x3c ./utilities/debug_console/fsl_debug_console.o
 .debug_macro   0x0000c69f       0x1c ./utilities/debug_console/fsl_debug_console.o
 .debug_macro   0x0000c6bb       0x70 ./utilities/debug_console/fsl_debug_console.o
 .debug_macro   0x0000c72b       0x1c ./utilities/debug_console/fsl_debug_console.o
 .debug_macro   0x0000c747      0x180 ./utilities/debug_console/fsl_debug_console.o
 .debug_macro   0x0000c8c7       0x1c ./utilities/debug_console/fsl_debug_console.o
 .debug_macro   0x0000c8e3       0x1c ./utilities/debug_console/fsl_debug_console.o
 .debug_macro   0x0000c8ff      0x182 ./utilities/debug_console/fsl_debug_console.o
 .debug_macro   0x0000ca81      0x267 ./utilities/debug_console/fsl_debug_console.o
 .debug_macro   0x0000cce8       0x22 ./utilities/debug_console/fsl_debug_console.o
 .debug_macro   0x0000cd0a       0x1f ./utilities/debug_console/fsl_debug_console.o
 .debug_macro   0x0000cd29       0x12 ./utilities/debug_console/fsl_debug_console.o
 .debug_macro   0x0000cd3b     0x102c ./utilities/debug_console/fsl_debug_console.o
 .debug_macro   0x0000dd67       0x41 ./utilities/debug_console/fsl_debug_console.o
 .debug_macro   0x0000dda8       0x16 ./utilities/debug_console/fsl_debug_console.o
 .debug_macro   0x0000ddbe       0x6d ./utilities/debug_console/fsl_debug_console.o
 .debug_macro   0x0000de2b       0x1c ./utilities/debug_console/fsl_debug_console.o
 .debug_macro   0x0000de47       0x1c ./utilities/debug_console/fsl_debug_console.o
 .debug_macro   0x0000de63       0xc3 ./utilities/debug_console/fsl_debug_console.o
 .debug_macro   0x0000df26      0x14f ./utilities/debug_console/fsl_debug_console.o
 .debug_macro   0x0000e075       0x80 ./utilities/debug_console/fsl_debug_console.o
 .debug_macro   0x0000e0f5       0x77 ./utilities/debug_console/fsl_debug_console.o
 .debug_macro   0x0000e16c      0x329 ./utilities/fsl_assert.o
 .debug_macro   0x0000e495       0x1c ./utilities/fsl_assert.o
 .debug_macro   0x0000e4b1       0x22 ./utilities/fsl_assert.o
 .debug_macro   0x0000e4d3       0x29 ./startup/startup_mcxc444.o
 .debug_macro   0x0000e4fc       0x2f ./source/mtb.o
 .debug_macro   0x0000e52b       0x82 ./source/mtb.o
 .debug_macro   0x0000e5ad       0x10 ./source/mtb.o
 .debug_macro   0x0000e5bd       0x11 ./source/semihost_hardfault.o
 .debug_macro   0x0000e5ce      0x3c3 ./source/sensor.o
 .debug_macro   0x0000e991       0xd8 ./source/sensor.o
 .debug_macro   0x0000ea69       0x10 ./source/sensor.o
 .debug_macro   0x0000ea79       0x16 ./source/sensor.o
 .debug_macro   0x0000ea8f      0x1e5 ./source/sensor.o
 .debug_macro   0x0000ec74      0x133 ./source/sensor.o
 .debug_macro   0x0000eda7       0x16 ./source/sensor.o
 .debug_macro   0x0000edbd       0xf7 ./freertos/freertos-kernel/portable/MemMang/heap_1.o
 .debug_macro   0x0000eeb4       0x16 ./freertos/freertos-kernel/portable/MemMang/heap_1.o
 .debug_macro   0x0000eeca      0x25a ./freertos/freertos-kernel/portable/GCC/ARM_CM0/port.o
 .debug_macro   0x0000f124       0xdc ./freertos/freertos-kernel/portable/GCC/ARM_CM0/portasm.o
 .debug_macro   0x0000f200       0xe2 ./freertos/freertos-kernel/list.o
 .debug_macro   0x0000f2e2      0x157 ./freertos/freertos-kernel/queue.o
 .debug_macro   0x0000f439      0x1e4 ./freertos/freertos-kernel/tasks.o
 .debug_macro   0x0000f61d       0x17 ./freertos/freertos-kernel/tasks.o
 .debug_macro   0x0000f634      0x131 ./freertos/freertos-kernel/timers.o
 .debug_macro   0x0000f765      0x2ba ./drivers/fsl_clock.o
 .debug_macro   0x0000fa1f      0x28d ./drivers/fsl_lpuart.o
 .debug_macro   0x0000fcac       0x10 ./drivers/fsl_lpuart.o
 .debug_macro   0x0000fcbc      0x204 ./device/system_MCXC444.o
 .debug_macro   0x0000fec0      0x310 ./component/uart/fsl_adapter_lpuart.o
 .debug_macro   0x000101d0       0x41 ./component/uart/fsl_adapter_lpuart.o
 .debug_macro   0x00010211      0x366 ./component/serial_manager/fsl_component_serial_manager.o
 .debug_macro   0x00010577       0x6a ./component/serial_manager/fsl_component_serial_manager.o
 .debug_macro   0x000105e1      0x324 ./component/serial_manager/fsl_component_serial_port_uart.o
 .debug_macro   0x00010905      0x34c ./board/board.o
 .debug_macro   0x00010c51      0x2ad ./board/clock_config.o
 .debug_macro   0x00010efe      0x282 ./board/peripherals.o
 .debug_macro   0x00011180      0x28d ./board/pin_mux.o

.debug_line     0x00000000    0x1106f
 .debug_line    0x00000000      0xf88 ./utilities/str/fsl_str.o
 .debug_line    0x00000f88      0xf14 ./utilities/debug_console/fsl_debug_console.o
 .debug_line    0x00001e9c      0xa5b ./utilities/fsl_assert.o
 .debug_line    0x000028f7      0x2a4 ./startup/startup_mcxc444.o
 .debug_line    0x00002b9b       0xce ./source/mtb.o
 .debug_line    0x00002c69       0x59 ./source/semihost_hardfault.o
 .debug_line    0x00002cc2      0xd7d ./source/sensor.o
 .debug_line    0x00003a3f      0x49a ./freertos/freertos-kernel/portable/MemMang/heap_1.o
 .debug_line    0x00003ed9      0x636 ./freertos/freertos-kernel/portable/GCC/ARM_CM0/port.o
 .debug_line    0x0000450f      0x4c2 ./freertos/freertos-kernel/portable/GCC/ARM_CM0/portasm.o
 .debug_line    0x000049d1      0x4d7 ./freertos/freertos-kernel/list.o
 .debug_line    0x00004ea8     0x1170 ./freertos/freertos-kernel/queue.o
 .debug_line    0x00006018     0x1a8b ./freertos/freertos-kernel/tasks.o
 .debug_line    0x00007aa3      0xa5c ./freertos/freertos-kernel/timers.o
 .debug_line    0x000084ff      0xc03 ./drivers/fsl_clock.o
 .debug_line    0x00009102     0x162c ./drivers/fsl_lpuart.o
 .debug_line    0x0000a72e      0x661 ./device/system_MCXC444.o
 .debug_line    0x0000ad8f      0xa79 ./component/uart/fsl_adapter_lpuart.o
 .debug_line    0x0000b808      0xcfd ./component/serial_manager/fsl_component_serial_manager.o
 .debug_line    0x0000c505      0xab4 ./component/serial_manager/fsl_component_serial_port_uart.o
 .debug_line    0x0000cfb9      0xa7a ./board/board.o
 .debug_line    0x0000da33      0x74c ./board/clock_config.o
 .debug_line    0x0000e17f      0x6b3 ./board/peripherals.o
 .debug_line    0x0000e832      0x774 ./board/pin_mux.o
 .debug_line    0x0000efa6       0xc9 C:/nxp/MCUXpressoIDE_25.6.136/ide/plugins/com.nxp.mcuxpresso.tools.win32_25.6.0.202501151204/tools/bin/../lib/gcc/arm-none-eabi/14.2.1/../../../../arm-none-eabi/lib/thumb/v6-m/nofp\libcr_nohost_nf.a(_cr__main.o)
 .debug_line    0x0000f06f      0x112 C:/nxp/MCUXpressoIDE_25.6.136/ide/plugins/com.nxp.mcuxpresso.tools.win32_25.6.0.202501151204/tools/bin/../lib/gcc/arm-none-eabi/14.2.1/../../../../arm-none-eabi/lib/thumb/v6-m/nofp\libcr_c.a(memcpy.o)
 .debug_line    0x0000f181       0xba C:/nxp/MCUXpressoIDE_25.6.136/ide/plugins/com.nxp.mcuxpresso.tools.win32_25.6.0.202501151204/tools/bin/../lib/gcc/arm-none-eabi/14.2.1/../../../../arm-none-eabi/lib/thumb/v6-m/nofp\libcr_c.a(memset.o)
 .debug_line    0x0000f23b      0x429 C:/nxp/MCUXpressoIDE_25.6.136/ide/plugins/com.nxp.mcuxpresso.tools.win32_25.6.0.202501151204/tools/bin/../lib/gcc/arm-none-eabi/14.2.1/../../../../arm-none-eabi/lib/thumb/v6-m/nofp\libcr_c.a(alloc.o)