../utilities/debug_console/fsl_debug_console.c:425:10:DbgConsole_ReadOneCharacter	32	static
../utilities/debug_console/fsl_debug_console.c:497:5:DbgConsole_SendData	24	static
../utilities/debug_console/fsl_debug_console.c:550:5:DbgConsole_SendDataReliable	32	static
../utilities/debug_console/fsl_debug_console.c:631:5:DbgConsole_ReadLine	24	static
../utilities/debug_console/fsl_debug_console.c:697:5:DbgConsole_ReadCharacter	24	static
../utilities/debug_console/fsl_debug_console.c:734:13:DbgConsole_PrintCallback	32	static
../utilities/debug_console/fsl_debug_console.c:774:10:DbgConsole_Init	72	static
../utilities/debug_console/fsl_debug_console.c:945:10:DbgConsole_EnterLowpower	24	static
../utilities/debug_console/fsl_debug_console.c:956:10:DbgConsole_ExitLowpower	24	static
../utilities/debug_console/fsl_debug_console.c:967:10:DbgConsole_Deinit	8	static
../utilities/debug_console/fsl_debug_console.c:1010:40:DbgConsole_Flush	8	static
../utilities/debug_console/fsl_debug_console.c:1049:5:DbgConsole_Printf	16	static
../utilities/debug_console/fsl_debug_console.c:1062:5:DbgConsole_Vprintf	168	static
../utilities/debug_console/fsl_debug_console.c:1078:5:DbgConsole_Putchar	16	static
../utilities/debug_console/fsl_debug_console.c:1085:5:DbgConsole_Scanf	40	static
../utilities/debug_console/fsl_debug_console.c:1104:5:DbgConsole_BlockingPrintf	16	static
../utilities/debug_console/fsl_debug_console.c:1117:5:DbgConsole_BlockingVprintf	168	static
../utilities/debug_console/fsl_debug_console.c:1186:5:DbgConsole_Getchar	16	static
C:/nxp/MCUXpressoIDE_25.6.136/ide/plugins/com.nxp.mcuxpresso.tools.win32_25.6.0.202501151204/tools/redlib/include/sys/libconfig-arm.h:247:5:__sys_write	24	static
C:/nxp/MCUXpressoIDE_25.6.136/ide/plugins/com.nxp.mcuxpresso.tools.win32_25.6.0.202501151204/tools/redlib/include/sys/libconfig-arm.h:241:5:__sys_readc	16	static
